C:/GITHUB/STM32/EDS_2024/CMSIS/Include/core_cm4.h:1688:22:__NVIC_EnableIRQ	16	static
../Src/RotaryPushButton.c:51:6:initRotaryPushButton	8	static,ignoring_inline_asm
../Src/RotaryPushButton.c:102:6:initRotaryPushButtonLED	8	static
../Src/RotaryPushButton.c:137:6:setRotaryColor	16	static
../Src/RotaryPushButton.c:212:5:getRotaryPushButton	16	static
../Src/RotaryPushButton.c:240:5:getRotaryPosition	4	static
../Src/RotaryPushButton.c:251:10:setRotaryPosition	16	static
../Src/RotaryPushButton.c:276:6:EXTI1_IRQHandler	8	static
../Src/RotaryPushButton.c:303:6:EXTI15_10_IRQHandler	4	static
