../Src/ST7735.c:71:6:delayms	16	static
../Src/ST7735.c:78:6:tftSPISenddata	16	static
../Src/ST7735.c:85:6:tftSPISenddata16	16	static
../Src/ST7735.c:92:6:tftSendCmd	16	static
../Src/ST7735.c:100:6:tftSendData	16	static
../Src/ST7735.c:107:6:spiInit	24	static
../Src/ST7735.c:525:13:commandList	24	static
../Src/ST7735.c:549:13:commonInit	16	static
../Src/ST7735.c:568:6:tftInitR	16	static
../Src/ST7735.c:601:6:tftSetAddrWindow	24	static
../Src/ST7735.c:619:6:tftPushColor	16	static
../Src/ST7735.c:628:6:tftDrawPixel	16	static
../Src/ST7735.c:643:6:tftFillRect	24	static
../Src/ST7735.c:678:6:tftDrawFastVLine	24	static
../Src/ST7735.c:695:6:tftDrawFastHLine	24	static
../Src/ST7735.c:722:6:tftDrawFastLine	48	static
../Src/ST7735.c:813:6:tftDrawRect	24	static
../Src/ST7735.c:827:6:tftDrawCircle	56	static
../Src/ST7735.c:882:6:tftFillCircle	32	static
../Src/ST7735.c:909:6:tftDrawBitmap	56	static
../Src/ST7735.c:988:6:tftDrawBitmapRotate	80	static
../Src/ST7735.c:1019:6:tftSetFont	16	static
../Src/ST7735.c:1034:6:tftSetColor	16	static
../Src/ST7735.c:1040:6:tftPrintChar	48	static
../Src/ST7735.c:1109:6:tftRotateChar	88	static
../Src/ST7735.c:1163:6:tftPrintInt	128	static
../Src/ST7735.c:1177:6:tftPrintLong	128	static
../Src/ST7735.c:1191:6:tftPrintFloat	128	static
../Src/ST7735.c:1205:6:tftPrintDouble	136	static
../Src/ST7735.c:1220:6:tftPrint	56	static
../Src/ST7735.c:1273:6:tftPrintColor	32	static
../Src/ST7735.c:1290:6:tftFillScreen	24	static
../Src/ST7735.c:1297:10:tftColor565	16	static
../Src/ST7735.c:1308:6:tftSetRotation	24	static
../Src/ST7735.c:1354:6:tftInvertDisplay	16	static
../Src/ST7735.c:1369:6:tftOff	8	static
../Src/ST7735.c:1376:6:tftOn	8	static
../Src/ST7735.c:1382:9:tftGetWidth	4	static
../Src/ST7735.c:1388:9:tftGetHeight	4	static
