../Src/ST7735.c:71:6:delayms	16	static
../Src/ST7735.c:78:6:tftSPISenddata	16	static
../Src/ST7735.c:85:6:tftSPISenddata16	16	static
../Src/ST7735.c:92:6:tftSendCmd	16	static
../Src/ST7735.c:100:6:tftSendData	16	static
../Src/ST7735.c:107:6:spiInit	24	static
../Src/ST7735.c:526:13:commandList	24	static
../Src/ST7735.c:550:13:commonInit	16	static
../Src/ST7735.c:569:6:tftInitR	16	static
../Src/ST7735.c:602:6:tftSetAddrWindow	24	static
../Src/ST7735.c:620:6:tftPushColor	16	static
../Src/ST7735.c:629:6:tftDrawPixel	16	static
../Src/ST7735.c:644:6:tftFillRect	24	static
../Src/ST7735.c:679:6:tftDrawFastVLine	24	static
../Src/ST7735.c:696:6:tftDrawFastHLine	24	static
../Src/ST7735.c:723:6:tftDrawFastLine	48	static
../Src/ST7735.c:814:6:tftDrawRect	24	static
../Src/ST7735.c:828:6:tftDrawCircle	56	static
../Src/ST7735.c:883:6:tftFillCircle	32	static
../Src/ST7735.c:910:6:tftDrawBitmap	56	static
../Src/ST7735.c:989:6:tftDrawBitmapRotate	80	static
../Src/ST7735.c:1020:6:tftSetFont	16	static
../Src/ST7735.c:1035:6:tftSetColor	16	static
../Src/ST7735.c:1041:6:tftPrintChar	48	static
../Src/ST7735.c:1110:6:tftRotateChar	88	static
../Src/ST7735.c:1164:6:tftPrintInt	128	static
../Src/ST7735.c:1178:6:tftPrintLong	128	static
../Src/ST7735.c:1192:6:tftPrintFloat	128	static
../Src/ST7735.c:1206:6:tftPrintDouble	136	static
../Src/ST7735.c:1221:6:tftPrint	56	static
../Src/ST7735.c:1274:6:tftPrintColor	32	static
../Src/ST7735.c:1291:6:tftFillScreen	24	static
../Src/ST7735.c:1298:10:tftColor565	16	static
../Src/ST7735.c:1309:6:tftSetRotation	24	static
../Src/ST7735.c:1355:6:tftInvertDisplay	16	static
../Src/ST7735.c:1370:6:tftOff	8	static
../Src/ST7735.c:1377:6:tftOn	8	static
../Src/ST7735.c:1383:9:tftGetWidth	4	static
../Src/ST7735.c:1389:9:tftGetHeight	4	static
