Archive member included to satisfy reference by file (symbol)

C:\GITHUB\STM32\EDS_2024\MCAL\Debug\libMCAL.a(mcalADC.o)
                              ./Src/main.o (adcSelectADC)
C:\GITHUB\STM32\EDS_2024\MCAL\Debug\libMCAL.a(mcalEXTI.o)
                              ./Src/RotaryPushButton.o (extiInit)
C:\GITHUB\STM32\EDS_2024\MCAL\Debug\libMCAL.a(mcalGPIO.o)
                              C:\GITHUB\STM32\EDS_2024\MCAL\Debug\libMCAL.a(mcalEXTI.o) (gpioVerifyPort)
C:\GITHUB\STM32\EDS_2024\MCAL\Debug\libMCAL.a(mcalI2C.o)
                              ./Src/BALO.o (i2cSelectI2C)
C:\GITHUB\STM32\EDS_2024\MCAL\Debug\libMCAL.a(mcalRCC.o)
                              C:\GITHUB\STM32\EDS_2024\MCAL\Debug\libMCAL.a(mcalI2C.o) (rccGetPclk1Freq)
C:\GITHUB\STM32\EDS_2024\MCAL\Debug\libMCAL.a(mcalSPI.o)
                              ./Src/ST7735.o (spiInitSPI)
C:\GITHUB\STM32\EDS_2024\MCAL\Debug\libMCAL.a(mcalSysTick.o)
                              ./Src/main.o (systickSetMillis)
c:/st/stm32cubeide_1.12.0/stm32cubeide/plugins/com.st.stm32cube.ide.mcu.externaltools.gnu-tools-for-stm32.10.3-2021.10.win32_1.0.200.202301161003/tools/bin/../lib/gcc/arm-none-eabi/10.3.1/../../../../arm-none-eabi/lib/thumb/v7e-m+fp/hard\libc_nano.a(lib_a-exit.o)
                              c:/st/stm32cubeide_1.12.0/stm32cubeide/plugins/com.st.stm32cube.ide.mcu.externaltools.gnu-tools-for-stm32.10.3-2021.10.win32_1.0.200.202301161003/tools/bin/../lib/gcc/arm-none-eabi/10.3.1/../../../../arm-none-eabi/lib/thumb/v7e-m+fp/hard/crt0.o (exit)
c:/st/stm32cubeide_1.12.0/stm32cubeide/plugins/com.st.stm32cube.ide.mcu.externaltools.gnu-tools-for-stm32.10.3-2021.10.win32_1.0.200.202301161003/tools/bin/../lib/gcc/arm-none-eabi/10.3.1/../../../../arm-none-eabi/lib/thumb/v7e-m+fp/hard\libc_nano.a(lib_a-impure.o)
                              c:/st/stm32cubeide_1.12.0/stm32cubeide/plugins/com.st.stm32cube.ide.mcu.externaltools.gnu-tools-for-stm32.10.3-2021.10.win32_1.0.200.202301161003/tools/bin/../lib/gcc/arm-none-eabi/10.3.1/../../../../arm-none-eabi/lib/thumb/v7e-m+fp/hard\libc_nano.a(lib_a-exit.o) (_global_impure_ptr)
c:/st/stm32cubeide_1.12.0/stm32cubeide/plugins/com.st.stm32cube.ide.mcu.externaltools.gnu-tools-for-stm32.10.3-2021.10.win32_1.0.200.202301161003/tools/bin/../lib/gcc/arm-none-eabi/10.3.1/../../../../arm-none-eabi/lib/thumb/v7e-m+fp/hard\libc_nano.a(lib_a-init.o)
                              c:/st/stm32cubeide_1.12.0/stm32cubeide/plugins/com.st.stm32cube.ide.mcu.externaltools.gnu-tools-for-stm32.10.3-2021.10.win32_1.0.200.202301161003/tools/bin/../lib/gcc/arm-none-eabi/10.3.1/../../../../arm-none-eabi/lib/thumb/v7e-m+fp/hard/crt0.o (__libc_init_array)
c:/st/stm32cubeide_1.12.0/stm32cubeide/plugins/com.st.stm32cube.ide.mcu.externaltools.gnu-tools-for-stm32.10.3-2021.10.win32_1.0.200.202301161003/tools/bin/../lib/gcc/arm-none-eabi/10.3.1/../../../../arm-none-eabi/lib/thumb/v7e-m+fp/hard\libc_nano.a(lib_a-memset.o)
                              c:/st/stm32cubeide_1.12.0/stm32cubeide/plugins/com.st.stm32cube.ide.mcu.externaltools.gnu-tools-for-stm32.10.3-2021.10.win32_1.0.200.202301161003/tools/bin/../lib/gcc/arm-none-eabi/10.3.1/../../../../arm-none-eabi/lib/thumb/v7e-m+fp/hard/crt0.o (memset)
c:/st/stm32cubeide_1.12.0/stm32cubeide/plugins/com.st.stm32cube.ide.mcu.externaltools.gnu-tools-for-stm32.10.3-2021.10.win32_1.0.200.202301161003/tools/bin/../lib/gcc/arm-none-eabi/10.3.1/../../../../arm-none-eabi/lib/thumb/v7e-m+fp/hard\libc_nano.a(lib_a-nano-vfprintf_float.o)
                              (_printf_float)
c:/st/stm32cubeide_1.12.0/stm32cubeide/plugins/com.st.stm32cube.ide.mcu.externaltools.gnu-tools-for-stm32.10.3-2021.10.win32_1.0.200.202301161003/tools/bin/../lib/gcc/arm-none-eabi/10.3.1/../../../../arm-none-eabi/lib/thumb/v7e-m+fp/hard\libc_nano.a(lib_a-nano-vfprintf_i.o)
                              c:/st/stm32cubeide_1.12.0/stm32cubeide/plugins/com.st.stm32cube.ide.mcu.externaltools.gnu-tools-for-stm32.10.3-2021.10.win32_1.0.200.202301161003/tools/bin/../lib/gcc/arm-none-eabi/10.3.1/../../../../arm-none-eabi/lib/thumb/v7e-m+fp/hard\libc_nano.a(lib_a-nano-vfprintf_float.o) (_printf_common)
c:/st/stm32cubeide_1.12.0/stm32cubeide/plugins/com.st.stm32cube.ide.mcu.externaltools.gnu-tools-for-stm32.10.3-2021.10.win32_1.0.200.202301161003/tools/bin/../lib/gcc/arm-none-eabi/10.3.1/../../../../arm-none-eabi/lib/thumb/v7e-m+fp/hard\libc_nano.a(lib_a-sprintf.o)
                              ./Src/ST7735.o (sprintf)
c:/st/stm32cubeide_1.12.0/stm32cubeide/plugins/com.st.stm32cube.ide.mcu.externaltools.gnu-tools-for-stm32.10.3-2021.10.win32_1.0.200.202301161003/tools/bin/../lib/gcc/arm-none-eabi/10.3.1/../../../../arm-none-eabi/lib/thumb/v7e-m+fp/hard\libc_nano.a(lib_a-strlen.o)
                              ./Src/ST7735.o (strlen)
[...]
Memory Configuration

Name             Origin             Length             Attributes
RAM              0x0000000020000000 0x0000000000018000 xrw
FLASH            0x0000000008000000 0x0000000000080000 xr
*default*        0x0000000000000000 0xffffffffffffffff

Linker script and memory map

LOAD c:/st/stm32cubeide_1.12.0/stm32cubeide/plugins/com.st.stm32cube.ide.mcu.externaltools.gnu-tools-for-stm32.10.3-2021.10.win32_1.0.200.202301161003/tools/bin/../lib/gcc/arm-none-eabi/10.3.1/thumb/v7e-m+fp/hard/crti.o
LOAD c:/st/stm32cubeide_1.12.0/stm32cubeide/plugins/com.st.stm32cube.ide.mcu.externaltools.gnu-tools-for-stm32.10.3-2021.10.win32_1.0.200.202301161003/tools/bin/../lib/gcc/arm-none-eabi/10.3.1/thumb/v7e-m+fp/hard/crtbegin.o
LOAD c:/st/stm32cubeide_1.12.0/stm32cubeide/plugins/com.st.stm32cube.ide.mcu.externaltools.gnu-tools-for-stm32.10.3-2021.10.win32_1.0.200.202301161003/tools/bin/../lib/gcc/arm-none-eabi/10.3.1/../../../../arm-none-eabi/lib/thumb/v7e-m+fp/hard/crt0.o
LOAD ./Src/BALO.o
LOAD ./Src/RotaryPushButton.o
LOAD ./Src/ST7735.o
LOAD ./Src/i2cAMIS.o
LOAD ./Src/main.o
LOAD ./Src/regler.o
LOAD ./Src/system_stm32f4xx.o
LOAD ./Startup/startup_stm32f401retx.o
LOAD C:\GITHUB\STM32\EDS_2024\MCAL\Debug\libMCAL.a
LOAD C:\GITHUB\STM32\EDS_2024\CMSIS\Debug\libCMSIS.a
START GROUP
LOAD c:/st/stm32cubeide_1.12.0/stm32cubeide/plugins/com.st.stm32cube.ide.mcu.externaltools.gnu-tools-for-stm32.10.3-2021.10.win32_1.0.200.202301161003/tools/bin/../lib/gcc/arm-none-eabi/10.3.1/../../../../arm-none-eabi/lib/thumb/v7e-m+fp/hard\libc_nano.a
LOAD c:/st/stm32cubeide_1.12.0/stm32cubeide/plugins/com.st.stm32cube.ide.mcu.externaltools.gnu-tools-for-stm32.10.3-2021.10.win32_1.0.200.202301161003/tools/bin/../lib/gcc/arm-none-eabi/10.3.1/../../../../arm-none-eabi/lib/thumb/v7e-m+fp/hard\libm.a
END GROUP
START GROUP
LOAD c:/st/stm32cubeide_1.12.0/stm32cubeide/plugins/com.st.stm32cube.ide.mcu.externaltools.gnu-tools-for-stm32.10.3-2021.10.win32_1.0.200.202301161003/tools/bin/../lib/gcc/arm-none-eabi/10.3.1/thumb/v7e-m+fp/hard\libgcc.a
LOAD c:/st/stm32cubeide_1.12.0/stm32cubeide/plugins/com.st.stm32cube.ide.mcu.externaltools.gnu-tools-for-stm32.10.3-2021.10.win32_1.0.200.202301161003/tools/bin/../lib/gcc/arm-none-eabi/10.3.1/../../../../arm-none-eabi/lib/thumb/v7e-m+fp/hard\libc_nano.a
END GROUP
START GROUP
LOAD c:/st/stm32cubeide_1.12.0/stm32cubeide/plugins/com.st.stm32cube.ide.mcu.externaltools.gnu-tools-for-stm32.10.3-2021.10.win32_1.0.200.202301161003/tools/bin/../lib/gcc/arm-none-eabi/10.3.1/thumb/v7e-m+fp/hard\libgcc.a
LOAD c:/st/stm32cubeide_1.12.0/stm32cubeide/plugins/com.st.stm32cube.ide.mcu.externaltools.gnu-tools-for-stm32.10.3-2021.10.win32_1.0.200.202301161003/tools/bin/../lib/gcc/arm-none-eabi/10.3.1/../../../../arm-none-eabi/lib/thumb/v7e-m+fp/hard\libc_nano.a
LOAD c:/st/stm32cubeide_1.12.0/stm32cubeide/plugins/com.st.stm32cube.ide.mcu.externaltools.gnu-tools-for-stm32.10.3-2021.10.win32_1.0.200.202301161003/tools/bin/../lib/gcc/arm-none-eabi/10.3.1/../../../../arm-none-eabi/lib/thumb/v7e-m+fp/hard\libnosys.a
END GROUP
START GROUP
LOAD c:/st/stm32cubeide_1.12.0/stm32cubeide/plugins/com.st.stm32cube.ide.mcu.externaltools.gnu-tools-for-stm32.10.3-2021.10.win32_1.0.200.202301161003/tools/bin/../lib/gcc/arm-none-eabi/10.3.1/thumb/v7e-m+fp/hard\libgcc.a
LOAD c:/st/stm32cubeide_1.12.0/stm32cubeide/plugins/com.st.stm32cube.ide.mcu.externaltools.gnu-tools-for-stm32.10.3-2021.10.win32_1.0.200.202301161003/tools/bin/../lib/gcc/arm-none-eabi/10.3.1/../../../../arm-none-eabi/lib/thumb/v7e-m+fp/hard\libc_nano.a
LOAD c:/st/stm32cubeide_1.12.0/stm32cubeide/plugins/com.st.stm32cube.ide.mcu.externaltools.gnu-tools-for-stm32.10.3-2021.10.win32_1.0.200.202301161003/tools/bin/../lib/gcc/arm-none-eabi/10.3.1/../../../../arm-none-eabi/lib/thumb/v7e-m+fp/hard\libnosys.a
END GROUP
LOAD c:/st/stm32cubeide_1.12.0/stm32cubeide/plugins/com.st.stm32cube.ide.mcu.externaltools.gnu-tools-for-stm32.10.3-2021.10.win32_1.0.200.202301161003/tools/bin/../lib/gcc/arm-none-eabi/10.3.1/thumb/v7e-m+fp/hard/crtend.o
LOAD c:/st/stm32cubeide_1.12.0/stm32cubeide/plugins/com.st.stm32cube.ide.mcu.externaltools.gnu-tools-for-stm32.10.3-2021.10.win32_1.0.200.202301161003/tools/bin/../lib/gcc/arm-none-eabi/10.3.1/thumb/v7e-m+fp/hard/crtn.o
                0x0000000020018000                _estack = (ORIGIN (RAM) + LENGTH (RAM))
                0x0000000000000200                _Min_Heap_Size = 0x200
                0x0000000000000400                _Min_Stack_Size = 0x400

.isr_vector     0x0000000008000000      0x194
                0x0000000008000000                . = ALIGN (0x4)
 *(.isr_vector)
 .isr_vector    0x0000000008000000      0x194 ./Startup/startup_stm32f401retx.o
                0x0000000008000000                g_pfnVectors
                0x0000000008000194                . = ALIGN (0x4)

.text           0x00000000080001a0     0x8e1c
                0x00000000080001a0                . = ALIGN (0x4)
 *(.text)
 .text          0x00000000080001a0       0x40 c:/st/stm32cubeide_1.12.0/stm32cubeide/plugins/com.st.stm32cube.ide.mcu.externaltools.gnu-tools-for-stm32.10.3-2021.10.win32_1.0.200.202301161003/tools/bin/../lib/gcc/arm-none-eabi/10.3.1/thumb/v7e-m+fp/hard/crtbegin.o
 .text          0x00000000080001e0       0x10 c:/st/stm32cubeide_1.12.0/stm32cubeide/plugins/com.st.stm32cube.ide.mcu.externaltools.gnu-tools-for-stm32.10.3-2021.10.win32_1.0.200.202301161003/tools/bin/../lib/gcc/arm-none-eabi/10.3.1/../../../../arm-none-eabi/lib/thumb/v7e-m+fp/hard\libc_nano.a(lib_a-strlen.o)
                0x00000000080001e0                strlen
 .text          0x00000000080001f0       0xa0 c:/st/stm32cubeide_1.12.0/stm32cubeide/plugins/com.st.stm32cube.ide.mcu.externaltools.gnu-tools-for-stm32.10.3-2021.10.win32_1.0.200.202301161003/tools/bin/../lib/gcc/arm-none-eabi/10.3.1/../../../../arm-none-eabi/lib/thumb/v7e-m+fp/hard\libc_nano.a(lib_a-memchr.o)
                0x00000000080001f0                memchr
 .text          0x0000000008000290      0x378 c:/st/stm32cubeide_1.12.0/stm32cubeide/plugins/com.st.stm32cube.ide.mcu.externaltools.gnu-tools-for-stm32.10.3-2021.10.win32_1.0.200.202301161003/tools/bin/../lib/gcc/arm-none-eabi/10.3.1/thumb/v7e-m+fp/hard\libgcc.a(_arm_addsubdf3.o)
                0x0000000008000290                __aeabi_drsub
                0x0000000008000298                __aeabi_dsub
                0x0000000008000298                __subdf3
                0x000000000800029c                __aeabi_dadd
                0x000000000800029c                __adddf3
                0x0000000008000514                __floatunsidf
                0x0000000008000514                __aeabi_ui2d
                0x0000000008000534                __floatsidf
                0x0000000008000534                __aeabi_i2d
                0x0000000008000558                __aeabi_f2d
                0x0000000008000558                __extendsfdf2
                0x000000000800059c                __floatundidf
                0x000000000800059c                __aeabi_ul2d
                0x00000000080005ac                __floatdidf
                0x00000000080005ac                __aeabi_l2d
 .text          0x0000000008000608      0x424 c:/st/stm32cubeide_1.12.0/stm32cubeide/plugins/com.st.stm32cube.ide.mcu.externaltools.gnu-tools-for-stm32.10.3-2021.10.win32_1.0.200.202301161003/tools/bin/../lib/gcc/arm-none-eabi/10.3.1/thumb/v7e-m+fp/hard\libgcc.a(_arm_muldivdf3.o)
                0x0000000008000608                __aeabi_dmul
                0x0000000008000608                __muldf3
                0x000000000800085c                __divdf3
                0x000000000800085c                __aeabi_ddiv
 .text          0x0000000008000a2c      0x110 c:/st/stm32cubeide_1.12.0/stm32cubeide/plugins/com.st.stm32cube.ide.mcu.externaltools.gnu-tools-for-stm32.10.3-2021.10.win32_1.0.200.202301161003/tools/bin/../lib/gcc/arm-none-eabi/10.3.1/thumb/v7e-m+fp/hard\libgcc.a(_arm_cmpdf2.o)
                0x0000000008000a2c                __gtdf2
                0x0000000008000a2c                __gedf2
                0x0000000008000a34                __ltdf2
                0x0000000008000a34                __ledf2
                0x0000000008000a3c                __nedf2
                0x0000000008000a3c                __eqdf2
                0x0000000008000a3c                __cmpdf2
                0x0000000008000ab8                __aeabi_cdrcmple
                0x0000000008000ac8                __aeabi_cdcmpeq
                0x0000000008000ac8                __aeabi_cdcmple
                0x0000000008000ad8                __aeabi_dcmpeq
                0x0000000008000aec                __aeabi_dcmplt
                0x0000000008000b00                __aeabi_dcmple
                0x0000000008000b14                __aeabi_dcmpge
                0x0000000008000b28                __aeabi_dcmpgt
 .text          0x0000000008000b3c       0x2c c:/st/stm32cubeide_1.12.0/stm32cubeide/plugins/com.st.stm32cube.ide.mcu.externaltools.gnu-tools-for-stm32.10.3-2021.10.win32_1.0.200.202301161003/tools/bin/../lib/gcc/arm-none-eabi/10.3.1/thumb/v7e-m+fp/hard\libgcc.a(_arm_unorddf2.o)
                0x0000000008000b3c                __unorddf2
                0x0000000008000b3c                __aeabi_dcmpun
 .text          0x0000000008000b68       0x50 c:/st/stm32cubeide_1.12.0/stm32cubeide/plugins/com.st.stm32cube.ide.mcu.externaltools.gnu-tools-for-stm32.10.3-2021.10.win32_1.0.200.202301161003/tools/bin/../lib/gcc/arm-none-eabi/10.3.1/thumb/v7e-m+fp/hard\libgcc.a(_arm_fixdfsi.o)
                0x0000000008000b68                __aeabi_d2iz
                0x0000000008000b68                __fixdfsi
 .text          0x0000000008000bb8       0x30 c:/st/stm32cubeide_1.12.0/stm32cubeide/plugins/com.st.stm32cube.ide.mcu.externaltools.gnu-tools-for-stm32.10.3-2021.10.win32_1.0.200.202301161003/tools/bin/../lib/gcc/arm-none-eabi/10.3.1/thumb/v7e-m+fp/hard\libgcc.a(_aeabi_uldivmod.o)
                0x0000000008000bb8                __aeabi_uldivmod
 .text          0x0000000008000be8      0x2d0 c:/st/stm32cubeide_1.12.0/stm32cubeide/plugins/com.st.stm32cube.ide.mcu.externaltools.gnu-tools-for-stm32.10.3-2021.10.win32_1.0.200.202301161003/tools/bin/../lib/gcc/arm-none-eabi/10.3.1/thumb/v7e-m+fp/hard\libgcc.a(_udivmoddi4.o)
                0x0000000008000be8                __udivmoddi4
 .text          0x0000000008000eb8        0x4 c:/st/stm32cubeide_1.12.0/stm32cubeide/plugins/com.st.stm32cube.ide.mcu.externaltools.gnu-tools-for-stm32.10.3-2021.10.win32_1.0.200.202301161003/tools/bin/../lib/gcc/arm-none-eabi/10.3.1/thumb/v7e-m+fp/hard\libgcc.a(_dvmd_tls.o)
                0x0000000008000eb8                __aeabi_idiv0
                0x0000000008000eb8                __aeabi_ldiv0
 *(.text*)
 .text.i2cActivate
                0x0000000008000ebc       0x78 ./Src/BALO.o
                0x0000000008000ebc                i2cActivate
 .text.ledActivate
                0x0000000008000f34       0x84 ./Src/BALO.o
                0x0000000008000f34                ledActivate
 .text.BALOsetup
                0x0000000008000fb8       0x24 ./Src/BALO.o
                0x0000000008000fb8                BALOsetup
 .text.AlBeOszi
                0x0000000008000fdc      0x1d8 ./Src/BALO.o
                0x0000000008000fdc                AlBeOszi
 .text.__NVIC_EnableIRQ
                0x00000000080011b4       0x3c ./Src/RotaryPushButton.o
 .text.initRotaryPushButton
                0x00000000080011f0       0xcc ./Src/RotaryPushButton.o
                0x00000000080011f0                initRotaryPushButton
 .text.initRotaryPushButtonLED
                0x00000000080012bc       0x70 ./Src/RotaryPushButton.o
                0x00000000080012bc                initRotaryPushButtonLED
 .text.setRotaryColor
                0x000000000800132c      0x128 ./Src/RotaryPushButton.o
                0x000000000800132c                setRotaryColor
 .text.getRotaryPushButton
                0x0000000008001454       0x44 ./Src/RotaryPushButton.o
                0x0000000008001454                getRotaryPushButton
 .text.getRotaryPosition
                0x0000000008001498       0x2c ./Src/RotaryPushButton.o
                0x0000000008001498                getRotaryPosition
 .text.setRotaryPosition
                0x00000000080014c4       0x38 ./Src/RotaryPushButton.o
                0x00000000080014c4                setRotaryPosition
 .text.EXTI1_IRQHandler
                0x00000000080014fc       0x50 ./Src/RotaryPushButton.o
                0x00000000080014fc                EXTI1_IRQHandler
 .text.EXTI15_10_IRQHandler
                0x000000000800154c       0x34 ./Src/RotaryPushButton.o
                0x000000000800154c                EXTI15_10_IRQHandler
 .text.delayms  0x0000000008001580       0x1c ./Src/ST7735.o
                0x0000000008001580                delayms
 .text.tftSPISenddata
                0x000000000800159c       0x28 ./Src/ST7735.o
                0x000000000800159c                tftSPISenddata
 .text.tftSendCmd
                0x00000000080015c4       0x28 ./Src/ST7735.o
                0x00000000080015c4                tftSendCmd
 .text.tftSendData
                0x00000000080015ec       0x28 ./Src/ST7735.o
                0x00000000080015ec                tftSendData
 .text.spiInit  0x0000000008001614       0xac ./Src/ST7735.o
                0x0000000008001614                spiInit
 .text.commandList
                0x00000000080016c0       0x90 ./Src/ST7735.o
 .text.commonInit
                0x0000000008001750       0x44 ./Src/ST7735.o
 .text.tftInitR
                0x0000000008001794       0x70 ./Src/ST7735.o
                0x0000000008001794                tftInitR
 .text.tftSetAddrWindow
                0x0000000008001804       0xa0 ./Src/ST7735.o
                0x0000000008001804                tftSetAddrWindow
 .text.tftPushColor
                0x00000000080018a4       0x38 ./Src/ST7735.o
                0x00000000080018a4                tftPushColor
 .text.tftDrawPixel
                0x00000000080018dc       0x70 ./Src/ST7735.o
                0x00000000080018dc                tftDrawPixel
 .text.tftFillRect
                0x000000000800194c      0x10c ./Src/ST7735.o
                0x000000000800194c                tftFillRect
 .text.tftDrawFastVLine
                0x0000000008001a58       0xc0 ./Src/ST7735.o
                0x0000000008001a58                tftDrawFastVLine
 .text.tftSetFont
                0x0000000008001b18       0x44 ./Src/ST7735.o
                0x0000000008001b18                tftSetFont
 .text.tftPrintChar
                0x0000000008001b5c      0x1f0 ./Src/ST7735.o
                0x0000000008001b5c                tftPrintChar
 *fill*         0x0000000008001d4c        0x4 
 .text.tftRotateChar
                0x0000000008001d50      0x278 ./Src/ST7735.o
                0x0000000008001d50                tftRotateChar
 .text.tftPrint
                0x0000000008001fc8      0x134 ./Src/ST7735.o
                0x0000000008001fc8                tftPrint
 .text.tftPrintColor
                0x00000000080020fc       0x38 ./Src/ST7735.o
                0x00000000080020fc                tftPrintColor
 .text.tftFillScreen
                0x0000000008002134       0x34 ./Src/ST7735.o
                0x0000000008002134                tftFillScreen
 .text.tftSetRotation
                0x0000000008002168       0xa0 ./Src/ST7735.o
                0x0000000008002168                tftSetRotation
 .text.tftGetWidth
                0x0000000008002208       0x18 ./Src/ST7735.o
                0x0000000008002208                tftGetWidth
 .text.tftGetHeight
                0x0000000008002220       0x18 ./Src/ST7735.o
                0x0000000008002220                tftGetHeight
 .text.setI2CBus
                0x0000000008002238       0x1c ./Src/i2cAMIS.o
                0x0000000008002238                setI2CBus
 .text.getI2CBus
                0x0000000008002254       0x18 ./Src/i2cAMIS.o
                0x0000000008002254                getI2CBus
 .text.setI2CAddress
                0x000000000800226c       0x1e ./Src/i2cAMIS.o
                0x000000000800226c                setI2CAddress
 .text.getI2CAddress
                0x000000000800228a       0x18 ./Src/i2cAMIS.o
                0x000000000800228a                getI2CAddress
 .text.getFullStatus1
                0x00000000080022a2       0x3c ./Src/i2cAMIS.o
                0x00000000080022a2                getFullStatus1
 .text.getFullStatus2
                0x00000000080022de       0x3c ./Src/i2cAMIS.o
                0x00000000080022de                getFullStatus2
 .text.setMotorParam
                0x000000000800231a       0xde ./Src/i2cAMIS.o
                0x000000000800231a                setMotorParam
 .text.setStallParam5
                0x00000000080023f8       0xa4 ./Src/i2cAMIS.o
                0x00000000080023f8                setStallParam5
 .text.setStallParam
                0x000000000800249c       0xea ./Src/i2cAMIS.o
                0x000000000800249c                setStallParam
 .text.setIRun  0x0000000008002586       0x22 ./Src/i2cAMIS.o
                0x0000000008002586                setIRun
 .text.getIRun  0x00000000080025a8       0x32 ./Src/i2cAMIS.o
                0x00000000080025a8                getIRun
 .text.setIHold
                0x00000000080025da       0x22 ./Src/i2cAMIS.o
                0x00000000080025da                setIHold
 .text.getIHold
                0x00000000080025fc       0x34 ./Src/i2cAMIS.o
                0x00000000080025fc                getIHold
 .text.setVMin  0x0000000008002630       0x22 ./Src/i2cAMIS.o
                0x0000000008002630                setVMin
 .text.getVMin  0x0000000008002652       0x34 ./Src/i2cAMIS.o
                0x0000000008002652                getVMin
 .text.setVMax  0x0000000008002686       0x22 ./Src/i2cAMIS.o
                0x0000000008002686                setVMax
 .text.getVMax  0x00000000080026a8       0x32 ./Src/i2cAMIS.o
                0x00000000080026a8                getVMax
 .text.setStepMode
                0x00000000080026da       0x22 ./Src/i2cAMIS.o
                0x00000000080026da                setStepMode
 .text.getStepMode
                0x00000000080026fc       0x32 ./Src/i2cAMIS.o
                0x00000000080026fc                getStepMode
 .text.setRotDir
                0x000000000800272e       0x22 ./Src/i2cAMIS.o
                0x000000000800272e                setRotDir
 .text.getRotDir
                0x0000000008002750       0x44 ./Src/i2cAMIS.o
                0x0000000008002750                getRotDir
 .text.setAccel
                0x0000000008002794       0x22 ./Src/i2cAMIS.o
                0x0000000008002794                setAccel
 .text.getAccel
                0x00000000080027b6       0x34 ./Src/i2cAMIS.o
                0x00000000080027b6                getAccel
 .text.setSecPos
                0x00000000080027ea       0x22 ./Src/i2cAMIS.o
                0x00000000080027ea                setSecPos
 .text.getSecPos
                0x000000000800280c       0x50 ./Src/i2cAMIS.o
                0x000000000800280c                getSecPos
 .text.setAccelShape
                0x000000000800285c       0x22 ./Src/i2cAMIS.o
                0x000000000800285c                setAccelShape
 .text.getAccelShape
                0x000000000800287e       0x32 ./Src/i2cAMIS.o
                0x000000000800287e                getAccelShape
 .text.StepperGetPos
                0x00000000080028b0       0x5c ./Src/i2cAMIS.o
                0x00000000080028b0                StepperGetPos
 .text.StepperSetPos
                0x000000000800290c       0x5e ./Src/i2cAMIS.o
                0x000000000800290c                StepperSetPos
 .text.setPWMFrequency
                0x000000000800296a       0x22 ./Src/i2cAMIS.o
                0x000000000800296a                setPWMFrequency
 .text.getPWMJitter
                0x000000000800298c       0x30 ./Src/i2cAMIS.o
                0x000000000800298c                getPWMJitter
 .text.setPWMJitter
                0x00000000080029bc       0x22 ./Src/i2cAMIS.o
                0x00000000080029bc                setPWMJitter
 .text.getRelativeMotionThreshold
                0x00000000080029de       0x30 ./Src/i2cAMIS.o
                0x00000000080029de                getRelativeMotionThreshold
 .text.setRelativeMotionThreshold
                0x0000000008002a0e       0xca ./Src/i2cAMIS.o
                0x0000000008002a0e                setRelativeMotionThreshold
 .text.StepperResetPosition
                0x0000000008002ad8       0x2e ./Src/i2cAMIS.o
                0x0000000008002ad8                StepperResetPosition
 .text.StepperSoftStop
                0x0000000008002b06       0x2e ./Src/i2cAMIS.o
                0x0000000008002b06                StepperSoftStop
 .text.StepperSetDualPosition
                0x0000000008002b34       0x7c ./Src/i2cAMIS.o
                0x0000000008002b34                StepperSetDualPosition
 .text.StepperInit
                0x0000000008002bb0       0xa4 ./Src/i2cAMIS.o
                0x0000000008002bb0                StepperInit
 .text.setStepper
                0x0000000008002c54       0x6e ./Src/i2cAMIS.o
                0x0000000008002c54                setStepper
 .text.getStepper
                0x0000000008002cc2       0x16 ./Src/i2cAMIS.o
                0x0000000008002cc2                getStepper
 .text.adcMeas  0x0000000008002cd8       0xd0 ./Src/main.o
                0x0000000008002cd8                adcMeas
 .text.Task100ms
                0x0000000008002da8      0x434 ./Src/main.o
                0x0000000008002da8                Task100ms
 .text.main     0x00000000080031dc       0xc8 ./Src/main.o
                0x00000000080031dc                main
 .text.SystemInit
                0x00000000080032a4       0x24 ./Src/system_stm32f4xx.o
                0x00000000080032a4                SystemInit
 .text.SystemCoreClockUpdate
                0x00000000080032c8      0x100 ./Src/system_stm32f4xx.o
                0x00000000080032c8                SystemCoreClockUpdate
 .text.Reset_Handler
                0x00000000080033c8       0x50 ./Startup/startup_stm32f401retx.o
                0x00000000080033c8                Reset_Handler
 .text.Default_Handler
                0x0000000008003418        0x2 ./Startup/startup_stm32f401retx.o
                0x0000000008003418                EXTI2_IRQHandler
                0x0000000008003418                DebugMon_Handler
                0x0000000008003418                SPI4_IRQHandler
                0x0000000008003418                TIM1_CC_IRQHandler
                0x0000000008003418                DMA2_Stream5_IRQHandler
                0x0000000008003418                HardFault_Handler
                0x0000000008003418                DMA1_Stream5_IRQHandler
                0x0000000008003418                SDIO_IRQHandler
                0x0000000008003418                TAMP_STAMP_IRQHandler
                0x0000000008003418                PendSV_Handler
                0x0000000008003418                NMI_Handler
                0x0000000008003418                EXTI3_IRQHandler
                0x0000000008003418                TIM1_UP_TIM10_IRQHandler
                0x0000000008003418                I2C3_ER_IRQHandler
                0x0000000008003418                EXTI18_OTG_FS_WKUP_IRQHandler
                0x0000000008003418                EXTI0_IRQHandler
                0x0000000008003418                I2C2_EV_IRQHandler
                0x0000000008003418                DMA1_Stream2_IRQHandler
                0x0000000008003418                UsageFault_Handler
                0x0000000008003418                DMA2_Stream2_IRQHandler
                0x0000000008003418                SPI1_IRQHandler
                0x0000000008003418                TIM1_BRK_TIM9_IRQHandler
                0x0000000008003418                DMA2_Stream3_IRQHandler
                0x0000000008003418                USART6_IRQHandler
                0x0000000008003418                DMA2_Stream0_IRQHandler
                0x0000000008003418                TIM4_IRQHandler
                0x0000000008003418                I2C1_EV_IRQHandler
                0x0000000008003418                DMA1_Stream6_IRQHandler
                0x0000000008003418                DMA1_Stream1_IRQHandler
                0x0000000008003418                TIM3_IRQHandler
                0x0000000008003418                RCC_IRQHandler
                0x0000000008003418                Default_Handler
                0x0000000008003418                ADC_IRQHandler
                0x0000000008003418                DMA1_Stream7_IRQHandler
                0x0000000008003418                TIM5_IRQHandler
                0x0000000008003418                DMA2_Stream7_IRQHandler
                0x0000000008003418                I2C3_EV_IRQHandler
                0x0000000008003418                EXTI9_5_IRQHandler
                0x0000000008003418                SPI2_IRQHandler
                0x0000000008003418                MemManage_Handler
                0x0000000008003418                DMA1_Stream0_IRQHandler
                0x0000000008003418                SVC_Handler
                0x0000000008003418                EXTI4_IRQHandler
                0x0000000008003418                EXTI22_RTC_WKUP_IRQHandler
                0x0000000008003418                TIM2_IRQHandler
                0x0000000008003418                EXTI16_PVD_IRQHandler
                0x0000000008003418                TIM1_TRG_COM_TIM11_IRQHandler
                0x0000000008003418                EXTI17_RTC_Alarm_IRQHandler
                0x0000000008003418                USART2_IRQHandler
                0x0000000008003418                I2C2_ER_IRQHandler
                0x0000000008003418                DMA2_Stream1_IRQHandler
                0x0000000008003418                FLASH_IRQHandler
                0x0000000008003418                DMA2_Stream4_IRQHandler
                0x0000000008003418                BusFault_Handler
                0x0000000008003418                USART1_IRQHandler
                0x0000000008003418                OTG_FS_IRQHandler
                0x0000000008003418                SPI3_IRQHandler
                0x0000000008003418                DMA1_Stream4_IRQHandler
                0x0000000008003418                I2C1_ER_IRQHandler
                0x0000000008003418                DMA2_Stream6_IRQHandler
                0x0000000008003418                DMA1_Stream3_IRQHandler
 *fill*         0x000000000800341a        0x2 
 .text.adcSelectADC
                0x000000000800341c       0x34 C:\GITHUB\STM32\EDS_2024\MCAL\Debug\libMCAL.a(mcalADC.o)
                0x000000000800341c                adcSelectADC
 .text.adcEnableADC
                0x0000000008003450       0x22 C:\GITHUB\STM32\EDS_2024\MCAL\Debug\libMCAL.a(mcalADC.o)
                0x0000000008003450                adcEnableADC
 .text.adcGetConversionResult
                0x0000000008003472       0x1a C:\GITHUB\STM32\EDS_2024\MCAL\Debug\libMCAL.a(mcalADC.o)
                0x0000000008003472                adcGetConversionResult
 .text.adcSetChannelSequence
                0x000000000800348c      0x1f8 C:\GITHUB\STM32\EDS_2024\MCAL\Debug\libMCAL.a(mcalADC.o)
                0x000000000800348c                adcSetChannelSequence
 .text.adcStartConversion
                0x0000000008003684       0x20 C:\GITHUB\STM32\EDS_2024\MCAL\Debug\libMCAL.a(mcalADC.o)
                0x0000000008003684                adcStartConversion
 .text.adcIsConversionFinished
                0x00000000080036a4       0x26 C:\GITHUB\STM32\EDS_2024\MCAL\Debug\libMCAL.a(mcalADC.o)
                0x00000000080036a4                adcIsConversionFinished
 .text.extiVerifyIrqNum
                0x00000000080036ca       0xa0 C:\GITHUB\STM32\EDS_2024\MCAL\Debug\libMCAL.a(mcalEXTI.o)
                0x00000000080036ca                extiVerifyIrqNum
 .text.extiVerifyTrigger
                0x000000000800376a       0x2e C:\GITHUB\STM32\EDS_2024\MCAL\Debug\libMCAL.a(mcalEXTI.o)
                0x000000000800376a                extiVerifyTrigger
 .text.extiInit
                0x0000000008003798       0x38 C:\GITHUB\STM32\EDS_2024\MCAL\Debug\libMCAL.a(mcalEXTI.o)
                0x0000000008003798                extiInit
 .text.extiConfigIrq
                0x00000000080037d0      0x168 C:\GITHUB\STM32\EDS_2024\MCAL\Debug\libMCAL.a(mcalEXTI.o)
                0x00000000080037d0                extiConfigIrq
 .text.extiEnableIrq
                0x0000000008003938       0x44 C:\GITHUB\STM32\EDS_2024\MCAL\Debug\libMCAL.a(mcalEXTI.o)
                0x0000000008003938                extiEnableIrq
 .text.extiSetTriggerEdge
                0x000000000800397c       0xe0 C:\GITHUB\STM32\EDS_2024\MCAL\Debug\libMCAL.a(mcalEXTI.o)
                0x000000000800397c                extiSetTriggerEdge
 .text.gpioVerifyPort
                0x0000000008003a5c       0x64 C:\GITHUB\STM32\EDS_2024\MCAL\Debug\libMCAL.a(mcalGPIO.o)
                0x0000000008003a5c                gpioVerifyPort
 .text.gpioVerifyPin
                0x0000000008003ac0       0x7c C:\GITHUB\STM32\EDS_2024\MCAL\Debug\libMCAL.a(mcalGPIO.o)
                0x0000000008003ac0                gpioVerifyPin
 .text.gpioVerifyAltFunc
                0x0000000008003b3c       0x7c C:\GITHUB\STM32\EDS_2024\MCAL\Debug\libMCAL.a(mcalGPIO.o)
                0x0000000008003b3c                gpioVerifyAltFunc
 .text.gpioVerifyPinMode
                0x0000000008003bb8       0x34 C:\GITHUB\STM32\EDS_2024\MCAL\Debug\libMCAL.a(mcalGPIO.o)
                0x0000000008003bb8                gpioVerifyPinMode
 .text.gpioVerifyOutputType
                0x0000000008003bec       0x28 C:\GITHUB\STM32\EDS_2024\MCAL\Debug\libMCAL.a(mcalGPIO.o)
                0x0000000008003bec                gpioVerifyOutputType
 .text.gpioVerifyPushPullMode
                0x0000000008003c14       0x2e C:\GITHUB\STM32\EDS_2024\MCAL\Debug\libMCAL.a(mcalGPIO.o)
                0x0000000008003c14                gpioVerifyPushPullMode
 *fill*         0x0000000008003c42        0x2 
 .text.gpioInitPort
                0x0000000008003c44       0xc4 C:\GITHUB\STM32\EDS_2024\MCAL\Debug\libMCAL.a(mcalGPIO.o)
                0x0000000008003c44                gpioInitPort
 .text.gpioSelectPort
                0x0000000008003d08       0xc8 C:\GITHUB\STM32\EDS_2024\MCAL\Debug\libMCAL.a(mcalGPIO.o)
                0x0000000008003d08                gpioSelectPort
 .text.gpioSelectPinMode
                0x0000000008003dd0       0x96 C:\GITHUB\STM32\EDS_2024\MCAL\Debug\libMCAL.a(mcalGPIO.o)
                0x0000000008003dd0                gpioSelectPinMode
 .text.gpioSetPin
                0x0000000008003e66       0x56 C:\GITHUB\STM32\EDS_2024\MCAL\Debug\libMCAL.a(mcalGPIO.o)
                0x0000000008003e66                gpioSetPin
 .text.gpioResetPin
                0x0000000008003ebc       0x58 C:\GITHUB\STM32\EDS_2024\MCAL\Debug\libMCAL.a(mcalGPIO.o)
                0x0000000008003ebc                gpioResetPin
 .text.gpioSelectAltFunc
                0x0000000008003f14       0xd2 C:\GITHUB\STM32\EDS_2024\MCAL\Debug\libMCAL.a(mcalGPIO.o)
                0x0000000008003f14                gpioSelectAltFunc
 .text.gpioSetOutputType
                0x0000000008003fe6       0x92 C:\GITHUB\STM32\EDS_2024\MCAL\Debug\libMCAL.a(mcalGPIO.o)
                0x0000000008003fe6                gpioSetOutputType
 .text.gpioSelectPushPullMode
                0x0000000008004078       0xba C:\GITHUB\STM32\EDS_2024\MCAL\Debug\libMCAL.a(mcalGPIO.o)
                0x0000000008004078                gpioSelectPushPullMode
 .text.gpioGetPinState
                0x0000000008004132       0x38 C:\GITHUB\STM32\EDS_2024\MCAL\Debug\libMCAL.a(mcalGPIO.o)
                0x0000000008004132                gpioGetPinState
 .text.__i2c_start
                0x000000000800416a       0x30 C:\GITHUB\STM32\EDS_2024\MCAL\Debug\libMCAL.a(mcalI2C.o)
 .text.__i2c_stop
                0x000000000800419a       0x30 C:\GITHUB\STM32\EDS_2024\MCAL\Debug\libMCAL.a(mcalI2C.o)
 .text.__i2c_dummy_read_SR1_SR2
                0x00000000080041ca       0x3c C:\GITHUB\STM32\EDS_2024\MCAL\Debug\libMCAL.a(mcalI2C.o)
 .text.__i2c_Chk_TX_empty
                0x0000000008004206       0x36 C:\GITHUB\STM32\EDS_2024\MCAL\Debug\libMCAL.a(mcalI2C.o)
 .text.i2cVerifyDutyCycle
                0x000000000800423c       0x28 C:\GITHUB\STM32\EDS_2024\MCAL\Debug\libMCAL.a(mcalI2C.o)
 .text.i2cSelectI2C
                0x0000000008004264       0x68 C:\GITHUB\STM32\EDS_2024\MCAL\Debug\libMCAL.a(mcalI2C.o)
                0x0000000008004264                i2cSelectI2C
 .text.i2cSetClkSpd
                0x00000000080042cc      0x108 C:\GITHUB\STM32\EDS_2024\MCAL\Debug\libMCAL.a(mcalI2C.o)
                0x00000000080042cc                i2cSetClkSpd
 .text.i2cInitI2C
                0x00000000080043d4       0x9c C:\GITHUB\STM32\EDS_2024\MCAL\Debug\libMCAL.a(mcalI2C.o)
                0x00000000080043d4                i2cInitI2C
 .text.i2cBurstWrite
                0x0000000008004470       0xba C:\GITHUB\STM32\EDS_2024\MCAL\Debug\libMCAL.a(mcalI2C.o)
                0x0000000008004470                i2cBurstWrite
 .text.i2cBurstRead
                0x000000000800452a       0xd2 C:\GITHUB\STM32\EDS_2024\MCAL\Debug\libMCAL.a(mcalI2C.o)
                0x000000000800452a                i2cBurstRead
 .text.i2cEnableDevice
                0x00000000080045fc       0x22 C:\GITHUB\STM32\EDS_2024\MCAL\Debug\libMCAL.a(mcalI2C.o)
                0x00000000080045fc                i2cEnableDevice
 .text.i2cFindSlaveAddr
                0x000000000800461e       0x5c C:\GITHUB\STM32\EDS_2024\MCAL\Debug\libMCAL.a(mcalI2C.o)
                0x000000000800461e                i2cFindSlaveAddr
 *fill*         0x000000000800467a        0x2 
 .text.rccGetSysClock
                0x000000000800467c      0x20c C:\GITHUB\STM32\EDS_2024\MCAL\Debug\libMCAL.a(mcalRCC.o)
                0x000000000800467c                rccGetSysClock
 .text.rccGetHclkFreq
                0x0000000008004888       0x50 C:\GITHUB\STM32\EDS_2024\MCAL\Debug\libMCAL.a(mcalRCC.o)
                0x0000000008004888                rccGetHclkFreq
 .text.rccGetPclk1Freq
                0x00000000080048d8       0x44 C:\GITHUB\STM32\EDS_2024\MCAL\Debug\libMCAL.a(mcalRCC.o)
                0x00000000080048d8                rccGetPclk1Freq
 .text.__spi_Chk_TX_empty
                0x000000000800491c       0x36 C:\GITHUB\STM32\EDS_2024\MCAL\Debug\libMCAL.a(mcalSPI.o)
 .text.__spi_Chk_notBSY
                0x0000000008004952       0x24 C:\GITHUB\STM32\EDS_2024\MCAL\Debug\libMCAL.a(mcalSPI.o)
 *fill*         0x0000000008004976        0x2 
 .text.spiVerifySPI
                0x0000000008004978       0x4c C:\GITHUB\STM32\EDS_2024\MCAL\Debug\libMCAL.a(mcalSPI.o)
 .text.spiVerifyClkDivider
                0x00000000080049c4       0x4c C:\GITHUB\STM32\EDS_2024\MCAL\Debug\libMCAL.a(mcalSPI.o)
 .text.spiVerifySSM
                0x0000000008004a10       0x28 C:\GITHUB\STM32\EDS_2024\MCAL\Debug\libMCAL.a(mcalSPI.o)
 .text.spiVerifyOpMode
                0x0000000008004a38       0x28 C:\GITHUB\STM32\EDS_2024\MCAL\Debug\libMCAL.a(mcalSPI.o)
 .text.spiVerifyPhase
                0x0000000008004a60       0x28 C:\GITHUB\STM32\EDS_2024\MCAL\Debug\libMCAL.a(mcalSPI.o)
 .text.spiVerifyIdlePolarity
                0x0000000008004a88       0x28 C:\GITHUB\STM32\EDS_2024\MCAL\Debug\libMCAL.a(mcalSPI.o)
 .text.spiInitSPI
                0x0000000008004ab0      0x1dc C:\GITHUB\STM32\EDS_2024\MCAL\Debug\libMCAL.a(mcalSPI.o)
                0x0000000008004ab0                spiInitSPI
 .text.spiSelectSPI
                0x0000000008004c8c       0x80 C:\GITHUB\STM32\EDS_2024\MCAL\Debug\libMCAL.a(mcalSPI.o)
                0x0000000008004c8c                spiSelectSPI
 .text.spiEnableSPI
                0x0000000008004d0c       0x36 C:\GITHUB\STM32\EDS_2024\MCAL\Debug\libMCAL.a(mcalSPI.o)
                0x0000000008004d0c                spiEnableSPI
 .text.spiWriteByte
                0x0000000008004d42       0x66 C:\GITHUB\STM32\EDS_2024\MCAL\Debug\libMCAL.a(mcalSPI.o)
                0x0000000008004d42                spiWriteByte
 .text.__NVIC_SetPriority
                0x0000000008004da8       0x54 C:\GITHUB\STM32\EDS_2024\MCAL\Debug\libMCAL.a(mcalSysTick.o)
 .text.SysTick_Config
                0x0000000008004dfc       0x44 C:\GITHUB\STM32\EDS_2024\MCAL\Debug\libMCAL.a(mcalSysTick.o)
 .text.systickSetMillis
                0x0000000008004e40       0x1c C:\GITHUB\STM32\EDS_2024\MCAL\Debug\libMCAL.a(mcalSysTick.o)
                0x0000000008004e40                systickSetMillis
 .text.systickInit
                0x0000000008004e5c       0x28 C:\GITHUB\STM32\EDS_2024\MCAL\Debug\libMCAL.a(mcalSysTick.o)
                0x0000000008004e5c                systickInit
 .text.systickSetTicktime
                0x0000000008004e84       0x1c C:\GITHUB\STM32\EDS_2024\MCAL\Debug\libMCAL.a(mcalSysTick.o)
                0x0000000008004e84                systickSetTicktime
 .text.isSystickExpired
                0x0000000008004ea0       0x24 C:\GITHUB\STM32\EDS_2024\MCAL\Debug\libMCAL.a(mcalSysTick.o)
                0x0000000008004ea0                isSystickExpired
 .text.SysTick_Handler
                0x0000000008004ec4       0x18 C:\GITHUB\STM32\EDS_2024\MCAL\Debug\libMCAL.a(mcalSysTick.o)
                0x0000000008004ec4                SysTick_Handler
 .text.systickUpdateTimer
                0x0000000008004edc       0x30 C:\GITHUB\STM32\EDS_2024\MCAL\Debug\libMCAL.a(mcalSysTick.o)
                0x0000000008004edc                systickUpdateTimer
 .text.systickUpdateTimerList
                0x0000000008004f0c       0x54 C:\GITHUB\STM32\EDS_2024\MCAL\Debug\libMCAL.a(mcalSysTick.o)
                0x0000000008004f0c                systickUpdateTimerList
 .text.systickDelay
                0x0000000008004f60       0x48 C:\GITHUB\STM32\EDS_2024\MCAL\Debug\libMCAL.a(mcalSysTick.o)
                0x0000000008004f60                systickDelay
 .text.__libc_init_array
                0x0000000008004fa8       0x48 c:/st/stm32cubeide_1.12.0/stm32cubeide/plugins/com.st.stm32cube.ide.mcu.externaltools.gnu-tools-for-stm32.10.3-2021.10.win32_1.0.200.202301161003/tools/bin/../lib/gcc/arm-none-eabi/10.3.1/../../../../arm-none-eabi/lib/thumb/v7e-m+fp/hard\libc_nano.a(lib_a-init.o)
                0x0000000008004fa8                __libc_init_array
 .text.memset   0x0000000008004ff0       0x10 c:/st/stm32cubeide_1.12.0/stm32cubeide/plugins/com.st.stm32cube.ide.mcu.externaltools.gnu-tools-for-stm32.10.3-2021.10.win32_1.0.200.202301161003/tools/bin/../lib/gcc/arm-none-eabi/10.3.1/../../../../arm-none-eabi/lib/thumb/v7e-m+fp/hard\libc_nano.a(lib_a-memset.o)
                0x0000000008004ff0                memset
 .text.__cvt    0x0000000008005000       0xc4 c:/st/stm32cubeide_1.12.0/stm32cubeide/plugins/com.st.stm32cube.ide.mcu.externaltools.gnu-tools-for-stm32.10.3-2021.10.win32_1.0.200.202301161003/tools/bin/../lib/gcc/arm-none-eabi/10.3.1/../../../../arm-none-eabi/lib/thumb/v7e-m+fp/hard\libc_nano.a(lib_a-nano-vfprintf_float.o)
                0x0000000008005000                __cvt
 .text.__exponent
                0x00000000080050c4       0x7c c:/st/stm32cubeide_1.12.0/stm32cubeide/plugins/com.st.stm32cube.ide.mcu.externaltools.gnu-tools-for-stm32.10.3-2021.10.win32_1.0.200.202301161003/tools/bin/../lib/gcc/arm-none-eabi/10.3.1/../../../../arm-none-eabi/lib/thumb/v7e-m+fp/hard\libc_nano.a(lib_a-nano-vfprintf_float.o)
                0x00000000080050c4                __exponent
 .text._printf_float
                0x0000000008005140      0x46c c:/st/stm32cubeide_1.12.0/stm32cubeide/plugins/com.st.stm32cube.ide.mcu.externaltools.gnu-tools-for-stm32.10.3-2021.10.win32_1.0.200.202301161003/tools/bin/../lib/gcc/arm-none-eabi/10.3.1/../../../../arm-none-eabi/lib/thumb/v7e-m+fp/hard\libc_nano.a(lib_a-nano-vfprintf_float.o)
                0x0000000008005140                _printf_float
 .text._printf_common
                0x00000000080055ac       0xda c:/st/stm32cubeide_1.12.0/stm32cubeide/plugins/com.st.stm32cube.ide.mcu.externaltools.gnu-tools-for-stm32.10.3-2021.10.win32_1.0.200.202301161003/tools/bin/../lib/gcc/arm-none-eabi/10.3.1/../../../../arm-none-eabi/lib/thumb/v7e-m+fp/hard\libc_nano.a(lib_a-nano-vfprintf_i.o)
                0x00000000080055ac                _printf_common
 *fill*         0x0000000008005686        0x2 
 .text._printf_i
                0x0000000008005688      0x24c c:/st/stm32cubeide_1.12.0/stm32cubeide/plugins/com.st.stm32cube.ide.mcu.externaltools.gnu-tools-for-stm32.10.3-2021.10.win32_1.0.200.202301161003/tools/bin/../lib/gcc/arm-none-eabi/10.3.1/../../../../arm-none-eabi/lib/thumb/v7e-m+fp/hard\libc_nano.a(lib_a-nano-vfprintf_i.o)
                0x0000000008005688                _printf_i
 .text.sprintf  0x00000000080058d4       0x40 c:/st/stm32cubeide_1.12.0/stm32cubeide/plugins/com.st.stm32cube.ide.mcu.externaltools.gnu-tools-for-stm32.10.3-2021.10.win32_1.0.200.202301161003/tools/bin/../lib/gcc/arm-none-eabi/10.3.1/../../../../arm-none-eabi/lib/thumb/v7e-m+fp/hard\libc_nano.a(lib_a-sprintf.o)
                0x00000000080058d4                siprintf
                0x00000000080058d4                sprintf
 .text.quorem   0x0000000008005914      0x116 c:/st/stm32cubeide_1.12.0/stm32cubeide/plugins/com.st.stm32cube.ide.mcu.externaltools.gnu-tools-for-stm32.10.3-2021.10.win32_1.0.200.202301161003/tools/bin/../lib/gcc/arm-none-eabi/10.3.1/../../../../arm-none-eabi/lib/thumb/v7e-m+fp/hard\libc_nano.a(lib_a-dtoa.o)
 *fill*         0x0000000008005a2a        0x6 
 .text._dtoa_r  0x0000000008005a30      0xbdc c:/st/stm32cubeide_1.12.0/stm32cubeide/plugins/com.st.stm32cube.ide.mcu.externaltools.gnu-tools-for-stm32.10.3-2021.10.win32_1.0.200.202301161003/tools/bin/../lib/gcc/arm-none-eabi/10.3.1/../../../../arm-none-eabi/lib/thumb/v7e-m+fp/hard\libc_nano.a(lib_a-dtoa.o)
                0x0000000008005a30                _dtoa_r
 .text._localeconv_r
                0x000000000800660c        0x8 c:/st/stm32cubeide_1.12.0/stm32cubeide/plugins/com.st.stm32cube.ide.mcu.externaltools.gnu-tools-for-stm32.10.3-2021.10.win32_1.0.200.202301161003/tools/bin/../lib/gcc/arm-none-eabi/10.3.1/../../../../arm-none-eabi/lib/thumb/v7e-m+fp/hard\libc_nano.a(lib_a-localeconv.o)
                0x000000000800660c                _localeconv_r
 .text.malloc   0x0000000008006614       0x10 c:/st/stm32cubeide_1.12.0/stm32cubeide/plugins/com.st.stm32cube.ide.mcu.externaltools.gnu-tools-for-stm32.10.3-2021.10.win32_1.0.200.202301161003/tools/bin/../lib/gcc/arm-none-eabi/10.3.1/../../../../arm-none-eabi/lib/thumb/v7e-m+fp/hard\libc_nano.a(lib_a-malloc.o)
                0x0000000008006614                malloc
 .text.memcpy   0x0000000008006624       0x1c c:/st/stm32cubeide_1.12.0/stm32cubeide/plugins/com.st.stm32cube.ide.mcu.externaltools.gnu-tools-for-stm32.10.3-2021.10.win32_1.0.200.202301161003/tools/bin/../lib/gcc/arm-none-eabi/10.3.1/../../../../arm-none-eabi/lib/thumb/v7e-m+fp/hard\libc_nano.a(lib_a-memcpy-stub.o)
                0x0000000008006624                memcpy
 .text._Balloc  0x0000000008006640       0x80 c:/st/stm32cubeide_1.12.0/stm32cubeide/plugins/com.st.stm32cube.ide.mcu.externaltools.gnu-tools-for-stm32.10.3-2021.10.win32_1.0.200.202301161003/tools/bin/../lib/gcc/arm-none-eabi/10.3.1/../../../../arm-none-eabi/lib/thumb/v7e-m+fp/hard\libc_nano.a(lib_a-mprec.o)
                0x0000000008006640                _Balloc
 .text._Bfree   0x00000000080066c0       0x44 c:/st/stm32cubeide_1.12.0/stm32cubeide/plugins/com.st.stm32cube.ide.mcu.externaltools.gnu-tools-for-stm32.10.3-2021.10.win32_1.0.200.202301161003/tools/bin/../lib/gcc/arm-none-eabi/10.3.1/../../../../arm-none-eabi/lib/thumb/v7e-m+fp/hard\libc_nano.a(lib_a-mprec.o)
                0x00000000080066c0                _Bfree
 .text.__multadd
                0x0000000008006704       0x8c c:/st/stm32cubeide_1.12.0/stm32cubeide/plugins/com.st.stm32cube.ide.mcu.externaltools.gnu-tools-for-stm32.10.3-2021.10.win32_1.0.200.202301161003/tools/bin/../lib/gcc/arm-none-eabi/10.3.1/../../../../arm-none-eabi/lib/thumb/v7e-m+fp/hard\libc_nano.a(lib_a-mprec.o)
                0x0000000008006704                __multadd
 .text.__hi0bits
                0x0000000008006790       0x40 c:/st/stm32cubeide_1.12.0/stm32cubeide/plugins/com.st.stm32cube.ide.mcu.externaltools.gnu-tools-for-stm32.10.3-2021.10.win32_1.0.200.202301161003/tools/bin/../lib/gcc/arm-none-eabi/10.3.1/../../../../arm-none-eabi/lib/thumb/v7e-m+fp/hard\libc_nano.a(lib_a-mprec.o)
                0x0000000008006790                __hi0bits
 .text.__lo0bits
                0x00000000080067d0       0x5e c:/st/stm32cubeide_1.12.0/stm32cubeide/plugins/com.st.stm32cube.ide.mcu.externaltools.gnu-tools-for-stm32.10.3-2021.10.win32_1.0.200.202301161003/tools/bin/../lib/gcc/arm-none-eabi/10.3.1/../../../../arm-none-eabi/lib/thumb/v7e-m+fp/hard\libc_nano.a(lib_a-mprec.o)
                0x00000000080067d0                __lo0bits
 *fill*         0x000000000800682e        0x2 
 .text.__i2b    0x0000000008006830       0x2c c:/st/stm32cubeide_1.12.0/stm32cubeide/plugins/com.st.stm32cube.ide.mcu.externaltools.gnu-tools-for-stm32.10.3-2021.10.win32_1.0.200.202301161003/tools/bin/../lib/gcc/arm-none-eabi/10.3.1/../../../../arm-none-eabi/lib/thumb/v7e-m+fp/hard\libc_nano.a(lib_a-mprec.o)
                0x0000000008006830                __i2b
 .text.__multiply
                0x000000000800685c      0x154 c:/st/stm32cubeide_1.12.0/stm32cubeide/plugins/com.st.stm32cube.ide.mcu.externaltools.gnu-tools-for-stm32.10.3-2021.10.win32_1.0.200.202301161003/tools/bin/../lib/gcc/arm-none-eabi/10.3.1/../../../../arm-none-eabi/lib/thumb/v7e-m+fp/hard\libc_nano.a(lib_a-mprec.o)
                0x000000000800685c                __multiply
 .text.__pow5mult
                0x00000000080069b0       0xb4 c:/st/stm32cubeide_1.12.0/stm32cubeide/plugins/com.st.stm32cube.ide.mcu.externaltools.gnu-tools-for-stm32.10.3-2021.10.win32_1.0.200.202301161003/tools/bin/../lib/gcc/arm-none-eabi/10.3.1/../../../../arm-none-eabi/lib/thumb/v7e-m+fp/hard\libc_nano.a(lib_a-mprec.o)
                0x00000000080069b0                __pow5mult
 .text.__lshift
                0x0000000008006a64       0xe0 c:/st/stm32cubeide_1.12.0/stm32cubeide/plugins/com.st.stm32cube.ide.mcu.externaltools.gnu-tools-for-stm32.10.3-2021.10.win32_1.0.200.202301161003/tools/bin/../lib/gcc/arm-none-eabi/10.3.1/../../../../arm-none-eabi/lib/thumb/v7e-m+fp/hard\libc_nano.a(lib_a-mprec.o)
                0x0000000008006a64                __lshift
 .text.__mcmp   0x0000000008006b44       0x38 c:/st/stm32cubeide_1.12.0/stm32cubeide/plugins/com.st.stm32cube.ide.mcu.externaltools.gnu-tools-for-stm32.10.3-2021.10.win32_1.0.200.202301161003/tools/bin/../lib/gcc/arm-none-eabi/10.3.1/../../../../arm-none-eabi/lib/thumb/v7e-m+fp/hard\libc_nano.a(lib_a-mprec.o)
                0x0000000008006b44                __mcmp
 .text.__mdiff  0x0000000008006b7c      0x114 c:/st/stm32cubeide_1.12.0/stm32cubeide/plugins/com.st.stm32cube.ide.mcu.externaltools.gnu-tools-for-stm32.10.3-2021.10.win32_1.0.200.202301161003/tools/bin/../lib/gcc/arm-none-eabi/10.3.1/../../../../arm-none-eabi/lib/thumb/v7e-m+fp/hard\libc_nano.a(lib_a-mprec.o)
                0x0000000008006b7c                __mdiff
 .text.__d2b    0x0000000008006c90       0xb8 c:/st/stm32cubeide_1.12.0/stm32cubeide/plugins/com.st.stm32cube.ide.mcu.externaltools.gnu-tools-for-stm32.10.3-2021.10.win32_1.0.200.202301161003/tools/bin/../lib/gcc/arm-none-eabi/10.3.1/../../../../arm-none-eabi/lib/thumb/v7e-m+fp/hard\libc_nano.a(lib_a-mprec.o)
                0x0000000008006c90                __d2b
 .text._calloc_r
                0x0000000008006d48       0x2c c:/st/stm32cubeide_1.12.0/stm32cubeide/plugins/com.st.stm32cube.ide.mcu.externaltools.gnu-tools-for-stm32.10.3-2021.10.win32_1.0.200.202301161003/tools/bin/../lib/gcc/arm-none-eabi/10.3.1/../../../../arm-none-eabi/lib/thumb/v7e-m+fp/hard\libc_nano.a(lib_a-nano-callocr.o)
                0x0000000008006d48                _calloc_r
 .text._free_r  0x0000000008006d74       0x98 c:/st/stm32cubeide_1.12.0/stm32cubeide/plugins/com.st.stm32cube.ide.mcu.externaltools.gnu-tools-for-stm32.10.3-2021.10.win32_1.0.200.202301161003/tools/bin/../lib/gcc/arm-none-eabi/10.3.1/../../../../arm-none-eabi/lib/thumb/v7e-m+fp/hard\libc_nano.a(lib_a-nano-freer.o)
                0x0000000008006d74                _free_r
 .text.sbrk_aligned
                0x0000000008006e0c       0x40 c:/st/stm32cubeide_1.12.0/stm32cubeide/plugins/com.st.stm32cube.ide.mcu.externaltools.gnu-tools-for-stm32.10.3-2021.10.win32_1.0.200.202301161003/tools/bin/../lib/gcc/arm-none-eabi/10.3.1/../../../../arm-none-eabi/lib/thumb/v7e-m+fp/hard\libc_nano.a(lib_a-nano-mallocr.o)
 .text._malloc_r
                0x0000000008006e4c       0xe8 c:/st/stm32cubeide_1.12.0/stm32cubeide/plugins/com.st.stm32cube.ide.mcu.externaltools.gnu-tools-for-stm32.10.3-2021.10.win32_1.0.200.202301161003/tools/bin/../lib/gcc/arm-none-eabi/10.3.1/../../../../arm-none-eabi/lib/thumb/v7e-m+fp/hard\libc_nano.a(lib_a-nano-mallocr.o)
                0x0000000008006e4c                _malloc_r
 .text.__ssputs_r
                0x0000000008006f34       0xb6 c:/st/stm32cubeide_1.12.0/stm32cubeide/plugins/com.st.stm32cube.ide.mcu.externaltools.gnu-tools-for-stm32.10.3-2021.10.win32_1.0.200.202301161003/tools/bin/../lib/gcc/arm-none-eabi/10.3.1/../../../../arm-none-eabi/lib/thumb/v7e-m+fp/hard\libc_nano.a(lib_a-nano-svfprintf.o)
                0x0000000008006f34                __ssputs_r
 *fill*         0x0000000008006fea        0x2 
 .text._svfprintf_r
                0x0000000008006fec      0x200 c:/st/stm32cubeide_1.12.0/stm32cubeide/plugins/com.st.stm32cube.ide.mcu.externaltools.gnu-tools-for-stm32.10.3-2021.10.win32_1.0.200.202301161003/tools/bin/../lib/gcc/arm-none-eabi/10.3.1/../../../../arm-none-eabi/lib/thumb/v7e-m+fp/hard\libc_nano.a(lib_a-nano-svfprintf.o)
                0x0000000008006fec                _svfiprintf_r
                0x0000000008006fec                _svfprintf_r
 .text._sbrk_r  0x00000000080071ec       0x20 c:/st/stm32cubeide_1.12.0/stm32cubeide/plugins/com.st.stm32cube.ide.mcu.externaltools.gnu-tools-for-stm32.10.3-2021.10.win32_1.0.200.202301161003/tools/bin/../lib/gcc/arm-none-eabi/10.3.1/../../../../arm-none-eabi/lib/thumb/v7e-m+fp/hard\libc_nano.a(lib_a-sbrkr.o)
                0x00000000080071ec                _sbrk_r
 .text.__assert_func
                0x000000000800720c       0x3c c:/st/stm32cubeide_1.12.0/stm32cubeide/plugins/com.st.stm32cube.ide.mcu.externaltools.gnu-tools-for-stm32.10.3-2021.10.win32_1.0.200.202301161003/tools/bin/../lib/gcc/arm-none-eabi/10.3.1/../../../../arm-none-eabi/lib/thumb/v7e-m+fp/hard\libc_nano.a(lib_a-assert.o)
                0x000000000800720c                __assert_func
 .text.fprintf  0x0000000008007248       0x24 c:/st/stm32cubeide_1.12.0/stm32cubeide/plugins/com.st.stm32cube.ide.mcu.externaltools.gnu-tools-for-stm32.10.3-2021.10.win32_1.0.200.202301161003/tools/bin/../lib/gcc/arm-none-eabi/10.3.1/../../../../arm-none-eabi/lib/thumb/v7e-m+fp/hard\libc_nano.a(lib_a-fprintf.o)
                0x0000000008007248                fiprintf
                0x0000000008007248                fprintf
 .text.__ascii_mbtowc
                0x000000000800726c       0x24 c:/st/stm32cubeide_1.12.0/stm32cubeide/plugins/com.st.stm32cube.ide.mcu.externaltools.gnu-tools-for-stm32.10.3-2021.10.win32_1.0.200.202301161003/tools/bin/../lib/gcc/arm-none-eabi/10.3.1/../../../../arm-none-eabi/lib/thumb/v7e-m+fp/hard\libc_nano.a(lib_a-mbtowc_r.o)
                0x000000000800726c                __ascii_mbtowc
 .text.memmove  0x0000000008007290       0x34 c:/st/stm32cubeide_1.12.0/stm32cubeide/plugins/com.st.stm32cube.ide.mcu.externaltools.gnu-tools-for-stm32.10.3-2021.10.win32_1.0.200.202301161003/tools/bin/../lib/gcc/arm-none-eabi/10.3.1/../../../../arm-none-eabi/lib/thumb/v7e-m+fp/hard\libc_nano.a(lib_a-memmove.o)
                0x0000000008007290                memmove
 .text.__malloc_lock
                0x00000000080072c4        0xc c:/st/stm32cubeide_1.12.0/stm32cubeide/plugins/com.st.stm32cube.ide.mcu.externaltools.gnu-tools-for-stm32.10.3-2021.10.win32_1.0.200.202301161003/tools/bin/../lib/gcc/arm-none-eabi/10.3.1/../../../../arm-none-eabi/lib/thumb/v7e-m+fp/hard\libc_nano.a(lib_a-mlock.o)
                0x00000000080072c4                __malloc_lock
 .text.__malloc_unlock
                0x00000000080072d0        0xc c:/st/stm32cubeide_1.12.0/stm32cubeide/plugins/com.st.stm32cube.ide.mcu.externaltools.gnu-tools-for-stm32.10.3-2021.10.win32_1.0.200.202301161003/tools/bin/../lib/gcc/arm-none-eabi/10.3.1/../../../../arm-none-eabi/lib/thumb/v7e-m+fp/hard\libc_nano.a(lib_a-mlock.o)
                0x00000000080072d0                __malloc_unlock
 .text._realloc_r
                0x00000000080072dc       0x5e c:/st/stm32cubeide_1.12.0/stm32cubeide/plugins/com.st.stm32cube.ide.mcu.externaltools.gnu-tools-for-stm32.10.3-2021.10.win32_1.0.200.202301161003/tools/bin/../lib/gcc/arm-none-eabi/10.3.1/../../../../arm-none-eabi/lib/thumb/v7e-m+fp/hard\libc_nano.a(lib_a-nano-reallocr.o)
                0x00000000080072dc                _realloc_r
 .text.__sfputc_r
                0x000000000800733a       0x2e c:/st/stm32cubeide_1.12.0/stm32cubeide/plugins/com.st.stm32cube.ide.mcu.externaltools.gnu-tools-for-stm32.10.3-2021.10.win32_1.0.200.202301161003/tools/bin/../lib/gcc/arm-none-eabi/10.3.1/../../../../arm-none-eabi/lib/thumb/v7e-m+fp/hard\libc_nano.a(lib_a-nano-vfprintf.o)
 .text.__sfputs_r
                0x0000000008007368       0x24 c:/st/stm32cubeide_1.12.0/stm32cubeide/plugins/com.st.stm32cube.ide.mcu.externaltools.gnu-tools-for-stm32.10.3-2021.10.win32_1.0.200.202301161003/tools/bin/../lib/gcc/arm-none-eabi/10.3.1/../../../../arm-none-eabi/lib/thumb/v7e-m+fp/hard\libc_nano.a(lib_a-nano-vfprintf.o)
                0x0000000008007368                __sfputs_r
 .text._vfprintf_r
                0x000000000800738c      0x260 c:/st/stm32cubeide_1.12.0/stm32cubeide/plugins/com.st.stm32cube.ide.mcu.externaltools.gnu-tools-for-stm32.10.3-2021.10.win32_1.0.200.202301161003/tools/bin/../lib/gcc/arm-none-eabi/10.3.1/../../../../arm-none-eabi/lib/thumb/v7e-m+fp/hard\libc_nano.a(lib_a-nano-vfprintf.o)
                0x000000000800738c                _vfprintf_r
                0x000000000800738c                _vfiprintf_r
 .text.__swbuf_r
                0x00000000080075ec       0xa4 c:/st/stm32cubeide_1.12.0/stm32cubeide/plugins/com.st.stm32cube.ide.mcu.externaltools.gnu-tools-for-stm32.10.3-2021.10.win32_1.0.200.202301161003/tools/bin/../lib/gcc/arm-none-eabi/10.3.1/../../../../arm-none-eabi/lib/thumb/v7e-m+fp/hard\libc_nano.a(lib_a-wbuf.o)
                0x00000000080075ec                __swbuf_r
 .text.__ascii_wctomb
                0x0000000008007690       0x1a c:/st/stm32cubeide_1.12.0/stm32cubeide/plugins/com.st.stm32cube.ide.mcu.externaltools.gnu-tools-for-stm32.10.3-2021.10.win32_1.0.200.202301161003/tools/bin/../lib/gcc/arm-none-eabi/10.3.1/../../../../arm-none-eabi/lib/thumb/v7e-m+fp/hard\libc_nano.a(lib_a-wctomb_r.o)
                0x0000000008007690                __ascii_wctomb
 *fill*         0x00000000080076aa        0x2 
 .text.__swsetup_r
                0x00000000080076ac       0xdc c:/st/stm32cubeide_1.12.0/stm32cubeide/plugins/com.st.stm32cube.ide.mcu.externaltools.gnu-tools-for-stm32.10.3-2021.10.win32_1.0.200.202301161003/tools/bin/../lib/gcc/arm-none-eabi/10.3.1/../../../../arm-none-eabi/lib/thumb/v7e-m+fp/hard\libc_nano.a(lib_a-wsetup.o)
                0x00000000080076ac                __swsetup_r
 .text.abort    0x0000000008007788        0xe c:/st/stm32cubeide_1.12.0/stm32cubeide/plugins/com.st.stm32cube.ide.mcu.externaltools.gnu-tools-for-stm32.10.3-2021.10.win32_1.0.200.202301161003/tools/bin/../lib/gcc/arm-none-eabi/10.3.1/../../../../arm-none-eabi/lib/thumb/v7e-m+fp/hard\libc_nano.a(lib_a-abort.o)
                0x0000000008007788                abort
 *fill*         0x0000000008007796        0x2 
 .text.__sflush_r
                0x0000000008007798      0x10c c:/st/stm32cubeide_1.12.0/stm32cubeide/plugins/com.st.stm32cube.ide.mcu.externaltools.gnu-tools-for-stm32.10.3-2021.10.win32_1.0.200.202301161003/tools/bin/../lib/gcc/arm-none-eabi/10.3.1/../../../../arm-none-eabi/lib/thumb/v7e-m+fp/hard\libc_nano.a(lib_a-fflush.o)
                0x0000000008007798                __sflush_r
 .text._fflush_r
                0x00000000080078a4       0x78 c:/st/stm32cubeide_1.12.0/stm32cubeide/plugins/com.st.stm32cube.ide.mcu.externaltools.gnu-tools-for-stm32.10.3-2021.10.win32_1.0.200.202301161003/tools/bin/../lib/gcc/arm-none-eabi/10.3.1/../../../../arm-none-eabi/lib/thumb/v7e-m+fp/hard\libc_nano.a(lib_a-fflush.o)
                0x00000000080078a4                _fflush_r
 .text.std      0x000000000800791c       0x48 c:/st/stm32cubeide_1.12.0/stm32cubeide/plugins/com.st.stm32cube.ide.mcu.externaltools.gnu-tools-for-stm32.10.3-2021.10.win32_1.0.200.202301161003/tools/bin/../lib/gcc/arm-none-eabi/10.3.1/../../../../arm-none-eabi/lib/thumb/v7e-m+fp/hard\libc_nano.a(lib_a-findfp.o)
 .text._cleanup_r
                0x0000000008007964        0xc c:/st/stm32cubeide_1.12.0/stm32cubeide/plugins/com.st.stm32cube.ide.mcu.externaltools.gnu-tools-for-stm32.10.3-2021.10.win32_1.0.200.202301161003/tools/bin/../lib/gcc/arm-none-eabi/10.3.1/../../../../arm-none-eabi/lib/thumb/v7e-m+fp/hard\libc_nano.a(lib_a-findfp.o)
                0x0000000008007964                _cleanup_r
 .text.__sfmoreglue
                0x0000000008007970       0x2c c:/st/stm32cubeide_1.12.0/stm32cubeide/plugins/com.st.stm32cube.ide.mcu.externaltools.gnu-tools-for-stm32.10.3-2021.10.win32_1.0.200.202301161003/tools/bin/../lib/gcc/arm-none-eabi/10.3.1/../../../../arm-none-eabi/lib/thumb/v7e-m+fp/hard\libc_nano.a(lib_a-findfp.o)
                0x0000000008007970                __sfmoreglue
 .text.__sfp_lock_acquire
                0x000000000800799c        0xc c:/st/stm32cubeide_1.12.0/stm32cubeide/plugins/com.st.stm32cube.ide.mcu.externaltools.gnu-tools-for-stm32.10.3-2021.10.win32_1.0.200.202301161003/tools/bin/../lib/gcc/arm-none-eabi/10.3.1/../../../../arm-none-eabi/lib/thumb/v7e-m+fp/hard\libc_nano.a(lib_a-findfp.o)
                0x000000000800799c                __sfp_lock_acquire
 .text.__sfp_lock_release
                0x00000000080079a8        0xc c:/st/stm32cubeide_1.12.0/stm32cubeide/plugins/com.st.stm32cube.ide.mcu.externaltools.gnu-tools-for-stm32.10.3-2021.10.win32_1.0.200.202301161003/tools/bin/../lib/gcc/arm-none-eabi/10.3.1/../../../../arm-none-eabi/lib/thumb/v7e-m+fp/hard\libc_nano.a(lib_a-findfp.o)
                0x00000000080079a8                __sfp_lock_release
 .text.__sinit_lock_acquire
                0x00000000080079b4        0xc c:/st/stm32cubeide_1.12.0/stm32cubeide/plugins/com.st.stm32cube.ide.mcu.externaltools.gnu-tools-for-stm32.10.3-2021.10.win32_1.0.200.202301161003/tools/bin/../lib/gcc/arm-none-eabi/10.3.1/../../../../arm-none-eabi/lib/thumb/v7e-m+fp/hard\libc_nano.a(lib_a-findfp.o)
                0x00000000080079b4                __sinit_lock_acquire
 .text.__sinit_lock_release
                0x00000000080079c0        0xc c:/st/stm32cubeide_1.12.0/stm32cubeide/plugins/com.st.stm32cube.ide.mcu.externaltools.gnu-tools-for-stm32.10.3-2021.10.win32_1.0.200.202301161003/tools/bin/../lib/gcc/arm-none-eabi/10.3.1/../../../../arm-none-eabi/lib/thumb/v7e-m+fp/hard\libc_nano.a(lib_a-findfp.o)
                0x00000000080079c0                __sinit_lock_release
 .text.__sinit  0x00000000080079cc       0x70 c:/st/stm32cubeide_1.12.0/stm32cubeide/plugins/com.st.stm32cube.ide.mcu.externaltools.gnu-tools-for-stm32.10.3-2021.10.win32_1.0.200.202301161003/tools/bin/../lib/gcc/arm-none-eabi/10.3.1/../../../../arm-none-eabi/lib/thumb/v7e-m+fp/hard\libc_nano.a(lib_a-findfp.o)
                0x00000000080079cc                __sinit
 .text.__sfp    0x0000000008007a3c       0x8c c:/st/stm32cubeide_1.12.0/stm32cubeide/plugins/com.st.stm32cube.ide.mcu.externaltools.gnu-tools-for-stm32.10.3-2021.10.win32_1.0.200.202301161003/tools/bin/../lib/gcc/arm-none-eabi/10.3.1/../../../../arm-none-eabi/lib/thumb/v7e-m+fp/hard\libc_nano.a(lib_a-findfp.o)
                0x0000000008007a3c                __sfp
 .text._fwalk_reent
                0x0000000008007ac8       0x3e c:/st/stm32cubeide_1.12.0/stm32cubeide/plugins/com.st.stm32cube.ide.mcu.externaltools.gnu-tools-for-stm32.10.3-2021.10.win32_1.0.200.202301161003/tools/bin/../lib/gcc/arm-none-eabi/10.3.1/../../../../arm-none-eabi/lib/thumb/v7e-m+fp/hard\libc_nano.a(lib_a-fwalk.o)
                0x0000000008007ac8                _fwalk_reent
 .text.__retarget_lock_init_recursive
                0x0000000008007b06        0x2 c:/st/stm32cubeide_1.12.0/stm32cubeide/plugins/com.st.stm32cube.ide.mcu.externaltools.gnu-tools-for-stm32.10.3-2021.10.win32_1.0.200.202301161003/tools/bin/../lib/gcc/arm-none-eabi/10.3.1/../../../../arm-none-eabi/lib/thumb/v7e-m+fp/hard\libc_nano.a(lib_a-lock.o)
                0x0000000008007b06                __retarget_lock_init_recursive
 .text.__retarget_lock_acquire_recursive
                0x0000000008007b08        0x2 c:/st/stm32cubeide_1.12.0/stm32cubeide/plugins/com.st.stm32cube.ide.mcu.externaltools.gnu-tools-for-stm32.10.3-2021.10.win32_1.0.200.202301161003/tools/bin/../lib/gcc/arm-none-eabi/10.3.1/../../../../arm-none-eabi/lib/thumb/v7e-m+fp/hard\libc_nano.a(lib_a-lock.o)
                0x0000000008007b08                __retarget_lock_acquire_recursive
 .text.__retarget_lock_release_recursive
                0x0000000008007b0a        0x2 c:/st/stm32cubeide_1.12.0/stm32cubeide/plugins/com.st.stm32cube.ide.mcu.externaltools.gnu-tools-for-stm32.10.3-2021.10.win32_1.0.200.202301161003/tools/bin/../lib/gcc/arm-none-eabi/10.3.1/../../../../arm-none-eabi/lib/thumb/v7e-m+fp/hard\libc_nano.a(lib_a-lock.o)
                0x0000000008007b0a                __retarget_lock_release_recursive
 .text.__swhatbuf_r
                0x0000000008007b0c       0x4a c:/st/stm32cubeide_1.12.0/stm32cubeide/plugins/com.st.stm32cube.ide.mcu.externaltools.gnu-tools-for-stm32.10.3-2021.10.win32_1.0.200.202301161003/tools/bin/../lib/gcc/arm-none-eabi/10.3.1/../../../../arm-none-eabi/lib/thumb/v7e-m+fp/hard\libc_nano.a(lib_a-makebuf.o)
                0x0000000008007b0c                __swhatbuf_r
 *fill*         0x0000000008007b56        0x2 
 .text.__smakebuf_r
                0x0000000008007b58       0x80 c:/st/stm32cubeide_1.12.0/stm32cubeide/plugins/com.st.stm32cube.ide.mcu.externaltools.gnu-tools-for-stm32.10.3-2021.10.win32_1.0.200.202301161003/tools/bin/../lib/gcc/arm-none-eabi/10.3.1/../../../../arm-none-eabi/lib/thumb/v7e-m+fp/hard\libc_nano.a(lib_a-makebuf.o)
                0x0000000008007b58                __smakebuf_r
 .text._malloc_usable_size_r
                0x0000000008007bd8       0x10 c:/st/stm32cubeide_1.12.0/stm32cubeide/plugins/com.st.stm32cube.ide.mcu.externaltools.gnu-tools-for-stm32.10.3-2021.10.win32_1.0.200.202301161003/tools/bin/../lib/gcc/arm-none-eabi/10.3.1/../../../../arm-none-eabi/lib/thumb/v7e-m+fp/hard\libc_nano.a(lib_a-nano-msizer.o)
                0x0000000008007bd8                _malloc_usable_size_r
 .text._raise_r
                0x0000000008007be8       0x50 c:/st/stm32cubeide_1.12.0/stm32cubeide/plugins/com.st.stm32cube.ide.mcu.externaltools.gnu-tools-for-stm32.10.3-2021.10.win32_1.0.200.202301161003/tools/bin/../lib/gcc/arm-none-eabi/10.3.1/../../../../arm-none-eabi/lib/thumb/v7e-m+fp/hard\libc_nano.a(lib_a-signal.o)
                0x0000000008007be8                _raise_r
 .text.raise    0x0000000008007c38       0x10 c:/st/stm32cubeide_1.12.0/stm32cubeide/plugins/com.st.stm32cube.ide.mcu.externaltools.gnu-tools-for-stm32.10.3-2021.10.win32_1.0.200.202301161003/tools/bin/../lib/gcc/arm-none-eabi/10.3.1/../../../../arm-none-eabi/lib/thumb/v7e-m+fp/hard\libc_nano.a(lib_a-signal.o)
                0x0000000008007c38                raise
 .text._kill_r  0x0000000008007c48       0x24 c:/st/stm32cubeide_1.12.0/stm32cubeide/plugins/com.st.stm32cube.ide.mcu.externaltools.gnu-tools-for-stm32.10.3-2021.10.win32_1.0.200.202301161003/tools/bin/../lib/gcc/arm-none-eabi/10.3.1/../../../../arm-none-eabi/lib/thumb/v7e-m+fp/hard\libc_nano.a(lib_a-signalr.o)
                0x0000000008007c48                _kill_r
 .text._getpid_r
                0x0000000008007c6c        0x4 c:/st/stm32cubeide_1.12.0/stm32cubeide/plugins/com.st.stm32cube.ide.mcu.externaltools.gnu-tools-for-stm32.10.3-2021.10.win32_1.0.200.202301161003/tools/bin/../lib/gcc/arm-none-eabi/10.3.1/../../../../arm-none-eabi/lib/thumb/v7e-m+fp/hard\libc_nano.a(lib_a-signalr.o)
                0x0000000008007c6c                _getpid_r
 .text.__sread  0x0000000008007c70       0x22 c:/st/stm32cubeide_1.12.0/stm32cubeide/plugins/com.st.stm32cube.ide.mcu.externaltools.gnu-tools-for-stm32.10.3-2021.10.win32_1.0.200.202301161003/tools/bin/../lib/gcc/arm-none-eabi/10.3.1/../../../../arm-none-eabi/lib/thumb/v7e-m+fp/hard\libc_nano.a(lib_a-stdio.o)
                0x0000000008007c70                __sread
 .text.__swrite
                0x0000000008007c92       0x38 c:/st/stm32cubeide_1.12.0/stm32cubeide/plugins/com.st.stm32cube.ide.mcu.externaltools.gnu-tools-for-stm32.10.3-2021.10.win32_1.0.200.202301161003/tools/bin/../lib/gcc/arm-none-eabi/10.3.1/../../../../arm-none-eabi/lib/thumb/v7e-m+fp/hard\libc_nano.a(lib_a-stdio.o)
                0x0000000008007c92                __swrite
 .text.__sseek  0x0000000008007cca       0x24 c:/st/stm32cubeide_1.12.0/stm32cubeide/plugins/com.st.stm32cube.ide.mcu.externaltools.gnu-tools-for-stm32.10.3-2021.10.win32_1.0.200.202301161003/tools/bin/../lib/gcc/arm-none-eabi/10.3.1/../../../../arm-none-eabi/lib/thumb/v7e-m+fp/hard\libc_nano.a(lib_a-stdio.o)
                0x0000000008007cca                __sseek
 .text.__sclose
                0x0000000008007cee        0x8 c:/st/stm32cubeide_1.12.0/stm32cubeide/plugins/com.st.stm32cube.ide.mcu.externaltools.gnu-tools-for-stm32.10.3-2021.10.win32_1.0.200.202301161003/tools/bin/../lib/gcc/arm-none-eabi/10.3.1/../../../../arm-none-eabi/lib/thumb/v7e-m+fp/hard\libc_nano.a(lib_a-stdio.o)
                0x0000000008007cee                __sclose
 *fill*         0x0000000008007cf6        0x2 
 .text._write_r
                0x0000000008007cf8       0x24 c:/st/stm32cubeide_1.12.0/stm32cubeide/plugins/com.st.stm32cube.ide.mcu.externaltools.gnu-tools-for-stm32.10.3-2021.10.win32_1.0.200.202301161003/tools/bin/../lib/gcc/arm-none-eabi/10.3.1/../../../../arm-none-eabi/lib/thumb/v7e-m+fp/hard\libc_nano.a(lib_a-writer.o)
                0x0000000008007cf8                _write_r
 .text._close_r
                0x0000000008007d1c       0x20 c:/st/stm32cubeide_1.12.0/stm32cubeide/plugins/com.st.stm32cube.ide.mcu.externaltools.gnu-tools-for-stm32.10.3-2021.10.win32_1.0.200.202301161003/tools/bin/../lib/gcc/arm-none-eabi/10.3.1/../../../../arm-none-eabi/lib/thumb/v7e-m+fp/hard\libc_nano.a(lib_a-closer.o)
                0x0000000008007d1c                _close_r
 .text._fstat_r
                0x0000000008007d3c       0x24 c:/st/stm32cubeide_1.12.0/stm32cubeide/plugins/com.st.stm32cube.ide.mcu.externaltools.gnu-tools-for-stm32.10.3-2021.10.win32_1.0.200.202301161003/tools/bin/../lib/gcc/arm-none-eabi/10.3.1/../../../../arm-none-eabi/lib/thumb/v7e-m+fp/hard\libc_nano.a(lib_a-fstatr.o)
                0x0000000008007d3c                _fstat_r
 .text._isatty_r
                0x0000000008007d60       0x20 c:/st/stm32cubeide_1.12.0/stm32cubeide/plugins/com.st.stm32cube.ide.mcu.externaltools.gnu-tools-for-stm32.10.3-2021.10.win32_1.0.200.202301161003/tools/bin/../lib/gcc/arm-none-eabi/10.3.1/../../../../arm-none-eabi/lib/thumb/v7e-m+fp/hard\libc_nano.a(lib_a-isattyr.o)
                0x0000000008007d60                _isatty_r
 .text._lseek_r
                0x0000000008007d80       0x24 c:/st/stm32cubeide_1.12.0/stm32cubeide/plugins/com.st.stm32cube.ide.mcu.externaltools.gnu-tools-for-stm32.10.3-2021.10.win32_1.0.200.202301161003/tools/bin/../lib/gcc/arm-none-eabi/10.3.1/../../../../arm-none-eabi/lib/thumb/v7e-m+fp/hard\libc_nano.a(lib_a-lseekr.o)
                0x0000000008007d80                _lseek_r
 .text._read_r  0x0000000008007da4       0x24 c:/st/stm32cubeide_1.12.0/stm32cubeide/plugins/com.st.stm32cube.ide.mcu.externaltools.gnu-tools-for-stm32.10.3-2021.10.win32_1.0.200.202301161003/tools/bin/../lib/gcc/arm-none-eabi/10.3.1/../../../../arm-none-eabi/lib/thumb/v7e-m+fp/hard\libc_nano.a(lib_a-readr.o)
                0x0000000008007da4                _read_r
 .text.cos      0x0000000008007dc8       0xa8 c:/st/stm32cubeide_1.12.0/stm32cubeide/plugins/com.st.stm32cube.ide.mcu.externaltools.gnu-tools-for-stm32.10.3-2021.10.win32_1.0.200.202301161003/tools/bin/../lib/gcc/arm-none-eabi/10.3.1/../../../../arm-none-eabi/lib/thumb/v7e-m+fp/hard\libm.a(lib_a-s_cos.o)
                0x0000000008007dc8                cos
 .text.sin      0x0000000008007e70       0xb0 c:/st/stm32cubeide_1.12.0/stm32cubeide/plugins/com.st.stm32cube.ide.mcu.externaltools.gnu-tools-for-stm32.10.3-2021.10.win32_1.0.200.202301161003/tools/bin/../lib/gcc/arm-none-eabi/10.3.1/../../../../arm-none-eabi/lib/thumb/v7e-m+fp/hard\libm.a(lib_a-s_sin.o)
                0x0000000008007e70                sin
 .text.__ieee754_rem_pio2
                0x0000000008007f20      0x418 c:/st/stm32cubeide_1.12.0/stm32cubeide/plugins/com.st.stm32cube.ide.mcu.externaltools.gnu-tools-for-stm32.10.3-2021.10.win32_1.0.200.202301161003/tools/bin/../lib/gcc/arm-none-eabi/10.3.1/../../../../arm-none-eabi/lib/thumb/v7e-m+fp/hard\libm.a(lib_a-e_rem_pio2.o)
                0x0000000008007f20                __ieee754_rem_pio2
 .text.__kernel_cos
                0x0000000008008338      0x18c c:/st/stm32cubeide_1.12.0/stm32cubeide/plugins/com.st.stm32cube.ide.mcu.externaltools.gnu-tools-for-stm32.10.3-2021.10.win32_1.0.200.202301161003/tools/bin/../lib/gcc/arm-none-eabi/10.3.1/../../../../arm-none-eabi/lib/thumb/v7e-m+fp/hard\libm.a(lib_a-k_cos.o)
                0x0000000008008338                __kernel_cos
 *fill*         0x00000000080084c4        0x4 
 .text.__kernel_rem_pio2
                0x00000000080084c8      0x69c c:/st/stm32cubeide_1.12.0/stm32cubeide/plugins/com.st.stm32cube.ide.mcu.externaltools.gnu-tools-for-stm32.10.3-2021.10.win32_1.0.200.202301161003/tools/bin/../lib/gcc/arm-none-eabi/10.3.1/../../../../arm-none-eabi/lib/thumb/v7e-m+fp/hard\libm.a(lib_a-k_rem_pio2.o)
                0x00000000080084c8                __kernel_rem_pio2
 *fill*         0x0000000008008b64        0x4 
 .text.__kernel_sin
                0x0000000008008b68      0x17c c:/st/stm32cubeide_1.12.0/stm32cubeide/plugins/com.st.stm32cube.ide.mcu.externaltools.gnu-tools-for-stm32.10.3-2021.10.win32_1.0.200.202301161003/tools/bin/../lib/gcc/arm-none-eabi/10.3.1/../../../../arm-none-eabi/lib/thumb/v7e-m+fp/hard\libm.a(lib_a-k_sin.o)
                0x0000000008008b68                __kernel_sin
 .text.fabs     0x0000000008008ce4       0x12 c:/st/stm32cubeide_1.12.0/stm32cubeide/plugins/com.st.stm32cube.ide.mcu.externaltools.gnu-tools-for-stm32.10.3-2021.10.win32_1.0.200.202301161003/tools/bin/../lib/gcc/arm-none-eabi/10.3.1/../../../../arm-none-eabi/lib/thumb/v7e-m+fp/hard\libm.a(lib_a-s_fabs.o)
                0x0000000008008ce4                fabs
 *fill*         0x0000000008008cf6        0x2 
 .text.floor    0x0000000008008cf8      0x100 c:/st/stm32cubeide_1.12.0/stm32cubeide/plugins/com.st.stm32cube.ide.mcu.externaltools.gnu-tools-for-stm32.10.3-2021.10.win32_1.0.200.202301161003/tools/bin/../lib/gcc/arm-none-eabi/10.3.1/../../../../arm-none-eabi/lib/thumb/v7e-m+fp/hard\libm.a(lib_a-s_floor.o)
                0x0000000008008cf8                floor
 .text.scalbn   0x0000000008008df8      0x10c c:/st/stm32cubeide_1.12.0/stm32cubeide/plugins/com.st.stm32cube.ide.mcu.externaltools.gnu-tools-for-stm32.10.3-2021.10.win32_1.0.200.202301161003/tools/bin/../lib/gcc/arm-none-eabi/10.3.1/../../../../arm-none-eabi/lib/thumb/v7e-m+fp/hard\libm.a(lib_a-s_scalbn.o)
                0x0000000008008df8                scalbn
 .text._close   0x0000000008008f04       0x10 c:/st/stm32cubeide_1.12.0/stm32cubeide/plugins/com.st.stm32cube.ide.mcu.externaltools.gnu-tools-for-stm32.10.3-2021.10.win32_1.0.200.202301161003/tools/bin/../lib/gcc/arm-none-eabi/10.3.1/../../../../arm-none-eabi/lib/thumb/v7e-m+fp/hard\libnosys.a(close.o)
                0x0000000008008f04                _close
 .text._fstat   0x0000000008008f14       0x10 c:/st/stm32cubeide_1.12.0/stm32cubeide/plugins/com.st.stm32cube.ide.mcu.externaltools.gnu-tools-for-stm32.10.3-2021.10.win32_1.0.200.202301161003/tools/bin/../lib/gcc/arm-none-eabi/10.3.1/../../../../arm-none-eabi/lib/thumb/v7e-m+fp/hard\libnosys.a(fstat.o)
                0x0000000008008f14                _fstat
 .text._getpid  0x0000000008008f24       0x10 c:/st/stm32cubeide_1.12.0/stm32cubeide/plugins/com.st.stm32cube.ide.mcu.externaltools.gnu-tools-for-stm32.10.3-2021.10.win32_1.0.200.202301161003/tools/bin/../lib/gcc/arm-none-eabi/10.3.1/../../../../arm-none-eabi/lib/thumb/v7e-m+fp/hard\libnosys.a(getpid.o)
                0x0000000008008f24                _getpid
 .text._isatty  0x0000000008008f34       0x10 c:/st/stm32cubeide_1.12.0/stm32cubeide/plugins/com.st.stm32cube.ide.mcu.externaltools.gnu-tools-for-stm32.10.3-2021.10.win32_1.0.200.202301161003/tools/bin/../lib/gcc/arm-none-eabi/10.3.1/../../../../arm-none-eabi/lib/thumb/v7e-m+fp/hard\libnosys.a(isatty.o)
                0x0000000008008f34                _isatty
 .text._kill    0x0000000008008f44       0x10 c:/st/stm32cubeide_1.12.0/stm32cubeide/plugins/com.st.stm32cube.ide.mcu.externaltools.gnu-tools-for-stm32.10.3-2021.10.win32_1.0.200.202301161003/tools/bin/../lib/gcc/arm-none-eabi/10.3.1/../../../../arm-none-eabi/lib/thumb/v7e-m+fp/hard\libnosys.a(kill.o)
                0x0000000008008f44                _kill
 .text._lseek   0x0000000008008f54       0x10 c:/st/stm32cubeide_1.12.0/stm32cubeide/plugins/com.st.stm32cube.ide.mcu.externaltools.gnu-tools-for-stm32.10.3-2021.10.win32_1.0.200.202301161003/tools/bin/../lib/gcc/arm-none-eabi/10.3.1/../../../../arm-none-eabi/lib/thumb/v7e-m+fp/hard\libnosys.a(lseek.o)
                0x0000000008008f54                _lseek
 .text._read    0x0000000008008f64       0x10 c:/st/stm32cubeide_1.12.0/stm32cubeide/plugins/com.st.stm32cube.ide.mcu.externaltools.gnu-tools-for-stm32.10.3-2021.10.win32_1.0.200.202301161003/tools/bin/../lib/gcc/arm-none-eabi/10.3.1/../../../../arm-none-eabi/lib/thumb/v7e-m+fp/hard\libnosys.a(read.o)
                0x0000000008008f64                _read
 .text._sbrk    0x0000000008008f74       0x1c c:/st/stm32cubeide_1.12.0/stm32cubeide/plugins/com.st.stm32cube.ide.mcu.externaltools.gnu-tools-for-stm32.10.3-2021.10.win32_1.0.200.202301161003/tools/bin/../lib/gcc/arm-none-eabi/10.3.1/../../../../arm-none-eabi/lib/thumb/v7e-m+fp/hard\libnosys.a(sbrk.o)
                0x0000000008008f74                _sbrk
 .text._write   0x0000000008008f90       0x10 c:/st/stm32cubeide_1.12.0/stm32cubeide/plugins/com.st.stm32cube.ide.mcu.externaltools.gnu-tools-for-stm32.10.3-2021.10.win32_1.0.200.202301161003/tools/bin/../lib/gcc/arm-none-eabi/10.3.1/../../../../arm-none-eabi/lib/thumb/v7e-m+fp/hard\libnosys.a(write.o)
                0x0000000008008f90                _write
 .text._exit    0x0000000008008fa0        0x2 c:/st/stm32cubeide_1.12.0/stm32cubeide/plugins/com.st.stm32cube.ide.mcu.externaltools.gnu-tools-for-stm32.10.3-2021.10.win32_1.0.200.202301161003/tools/bin/../lib/gcc/arm-none-eabi/10.3.1/../../../../arm-none-eabi/lib/thumb/v7e-m+fp/hard\libnosys.a(_exit.o)
                0x0000000008008fa0                _exit
 *(.glue_7)
 .glue_7        0x0000000008008fa2        0x0 linker stubs
 *(.glue_7t)
 .glue_7t       0x0000000008008fa2        0x0 linker stubs
 *(.eh_frame)
 *fill*         0x0000000008008fa2        0x2 
 .eh_frame      0x0000000008008fa4        0x0 c:/st/stm32cubeide_1.12.0/stm32cubeide/plugins/com.st.stm32cube.ide.mcu.externaltools.gnu-tools-for-stm32.10.3-2021.10.win32_1.0.200.202301161003/tools/bin/../lib/gcc/arm-none-eabi/10.3.1/thumb/v7e-m+fp/hard/crtbegin.o
 *(.init)
 .init          0x0000000008008fa4        0x4 c:/st/stm32cubeide_1.12.0/stm32cubeide/plugins/com.st.stm32cube.ide.mcu.externaltools.gnu-tools-for-stm32.10.3-2021.10.win32_1.0.200.202301161003/tools/bin/../lib/gcc/arm-none-eabi/10.3.1/thumb/v7e-m+fp/hard/crti.o
                0x0000000008008fa4                _init
 .init          0x0000000008008fa8        0x8 c:/st/stm32cubeide_1.12.0/stm32cubeide/plugins/com.st.stm32cube.ide.mcu.externaltools.gnu-tools-for-stm32.10.3-2021.10.win32_1.0.200.202301161003/tools/bin/../lib/gcc/arm-none-eabi/10.3.1/thumb/v7e-m+fp/hard/crtn.o
 *(.fini)
 .fini          0x0000000008008fb0        0x4 c:/st/stm32cubeide_1.12.0/stm32cubeide/plugins/com.st.stm32cube.ide.mcu.externaltools.gnu-tools-for-stm32.10.3-2021.10.win32_1.0.200.202301161003/tools/bin/../lib/gcc/arm-none-eabi/10.3.1/thumb/v7e-m+fp/hard/crti.o
                0x0000000008008fb0                _fini
 .fini          0x0000000008008fb4        0x8 c:/st/stm32cubeide_1.12.0/stm32cubeide/plugins/com.st.stm32cube.ide.mcu.externaltools.gnu-tools-for-stm32.10.3-2021.10.win32_1.0.200.202301161003/tools/bin/../lib/gcc/arm-none-eabi/10.3.1/thumb/v7e-m+fp/hard/crtn.o
                0x0000000008008fbc                . = ALIGN (0x4)
                0x0000000008008fbc                _etext = .

.vfp11_veneer   0x0000000008008fbc        0x0
 .vfp11_veneer  0x0000000008008fbc        0x0 linker stubs

.v4_bx          0x0000000008008fbc        0x0
 .v4_bx         0x0000000008008fbc        0x0 linker stubs

.iplt           0x0000000008008fbc        0x0
 .iplt          0x0000000008008fbc        0x0 c:/st/stm32cubeide_1.12.0/stm32cubeide/plugins/com.st.stm32cube.ide.mcu.externaltools.gnu-tools-for-stm32.10.3-2021.10.win32_1.0.200.202301161003/tools/bin/../lib/gcc/arm-none-eabi/10.3.1/thumb/v7e-m+fp/hard/crtbegin.o

.rodata         0x0000000008008fc0      0xc70
                0x0000000008008fc0                . = ALIGN (0x4)
 *(.rodata)
 .rodata        0x0000000008008fc0       0x5c ./Src/main.o
 *(.rodata*)
 .rodata.oszi.0
                0x000000000800901c        0x6 ./Src/BALO.o
 *fill*         0x0000000008009022        0x2 
 .rodata.SmallFont
                0x0000000008009024      0x478 ./Src/ST7735.o
                0x0000000008009024                SmallFont
 .rodata.Rcmd1  0x000000000800949c       0x3c ./Src/ST7735.o
 .rodata.Rcmd2green
                0x00000000080094d8        0xd ./Src/ST7735.o
 *fill*         0x00000000080094e5        0x3 
 .rodata.Rcmd2red
                0x00000000080094e8        0xd ./Src/ST7735.o
 *fill*         0x00000000080094f5        0x3 
 .rodata.Rcmd3  0x00000000080094f8       0x2b ./Src/ST7735.o
 *fill*         0x0000000008009523        0x1 
 .rodata.stepper
                0x0000000008009524      0x134 ./Src/i2cAMIS.o
                0x0000000008009524                stepper
 .rodata.AHBPrescTable
                0x0000000008009658       0x10 ./Src/system_stm32f4xx.o
                0x0000000008009658                AHBPrescTable
 .rodata.APBAHBPrescTable
                0x0000000008009668       0x10 C:\GITHUB\STM32\EDS_2024\MCAL\Debug\libMCAL.a(mcalRCC.o)
                0x0000000008009668                APBAHBPrescTable
 .rodata._global_impure_ptr
                0x0000000008009678        0x4 c:/st/stm32cubeide_1.12.0/stm32cubeide/plugins/com.st.stm32cube.ide.mcu.externaltools.gnu-tools-for-stm32.10.3-2021.10.win32_1.0.200.202301161003/tools/bin/../lib/gcc/arm-none-eabi/10.3.1/../../../../arm-none-eabi/lib/thumb/v7e-m+fp/hard\libc_nano.a(lib_a-impure.o)
                0x0000000008009678                _global_impure_ptr
 .rodata._printf_float.str1.1
                0x000000000800967c       0x12 c:/st/stm32cubeide_1.12.0/stm32cubeide/plugins/com.st.stm32cube.ide.mcu.externaltools.gnu-tools-for-stm32.10.3-2021.10.win32_1.0.200.202301161003/tools/bin/../lib/gcc/arm-none-eabi/10.3.1/../../../../arm-none-eabi/lib/thumb/v7e-m+fp/hard\libc_nano.a(lib_a-nano-vfprintf_float.o)
 .rodata._printf_i.str1.1
                0x000000000800968e       0x22 c:/st/stm32cubeide_1.12.0/stm32cubeide/plugins/com.st.stm32cube.ide.mcu.externaltools.gnu-tools-for-stm32.10.3-2021.10.win32_1.0.200.202301161003/tools/bin/../lib/gcc/arm-none-eabi/10.3.1/../../../../arm-none-eabi/lib/thumb/v7e-m+fp/hard\libc_nano.a(lib_a-nano-vfprintf_i.o)
 .rodata._dtoa_r.str1.1
                0x00000000080096b0       0x90 c:/st/stm32cubeide_1.12.0/stm32cubeide/plugins/com.st.stm32cube.ide.mcu.externaltools.gnu-tools-for-stm32.10.3-2021.10.win32_1.0.200.202301161003/tools/bin/../lib/gcc/arm-none-eabi/10.3.1/../../../../arm-none-eabi/lib/thumb/v7e-m+fp/hard\libc_nano.a(lib_a-dtoa.o)
                                         0x92 (size before relaxing)
 .rodata._Balloc.str1.1
                0x0000000008009740       0x5c c:/st/stm32cubeide_1.12.0/stm32cubeide/plugins/com.st.stm32cube.ide.mcu.externaltools.gnu-tools-for-stm32.10.3-2021.10.win32_1.0.200.202301161003/tools/bin/../lib/gcc/arm-none-eabi/10.3.1/../../../../arm-none-eabi/lib/thumb/v7e-m+fp/hard\libc_nano.a(lib_a-mprec.o)
                                         0x73 (size before relaxing)
 .rodata.__multadd.str1.1
                0x000000000800979c       0x11 c:/st/stm32cubeide_1.12.0/stm32cubeide/plugins/com.st.stm32cube.ide.mcu.externaltools.gnu-tools-for-stm32.10.3-2021.10.win32_1.0.200.202301161003/tools/bin/../lib/gcc/arm-none-eabi/10.3.1/../../../../arm-none-eabi/lib/thumb/v7e-m+fp/hard\libc_nano.a(lib_a-mprec.o)
 *fill*         0x000000000800979c        0x4 
 .rodata.__mprec_bigtens
                0x00000000080097a0       0x28 c:/st/stm32cubeide_1.12.0/stm32cubeide/plugins/com.st.stm32cube.ide.mcu.externaltools.gnu-tools-for-stm32.10.3-2021.10.win32_1.0.200.202301161003/tools/bin/../lib/gcc/arm-none-eabi/10.3.1/../../../../arm-none-eabi/lib/thumb/v7e-m+fp/hard\libc_nano.a(lib_a-mprec.o)
                0x00000000080097a0                __mprec_bigtens
 .rodata.__mprec_tens
                0x00000000080097c8       0xc8 c:/st/stm32cubeide_1.12.0/stm32cubeide/plugins/com.st.stm32cube.ide.mcu.externaltools.gnu-tools-for-stm32.10.3-2021.10.win32_1.0.200.202301161003/tools/bin/../lib/gcc/arm-none-eabi/10.3.1/../../../../arm-none-eabi/lib/thumb/v7e-m+fp/hard\libc_nano.a(lib_a-mprec.o)
                0x00000000080097c8                __mprec_tens
 .rodata.p05.0  0x0000000008009890        0xc c:/st/stm32cubeide_1.12.0/stm32cubeide/plugins/com.st.stm32cube.ide.mcu.externaltools.gnu-tools-for-stm32.10.3-2021.10.win32_1.0.200.202301161003/tools/bin/../lib/gcc/arm-none-eabi/10.3.1/../../../../arm-none-eabi/lib/thumb/v7e-m+fp/hard\libc_nano.a(lib_a-mprec.o)
 .rodata._svfprintf_r.str1.1
                0x000000000800989c       0x11 c:/st/stm32cubeide_1.12.0/stm32cubeide/plugins/com.st.stm32cube.ide.mcu.externaltools.gnu-tools-for-stm32.10.3-2021.10.win32_1.0.200.202301161003/tools/bin/../lib/gcc/arm-none-eabi/10.3.1/../../../../arm-none-eabi/lib/thumb/v7e-m+fp/hard\libc_nano.a(lib_a-nano-svfprintf.o)
 .rodata.__assert_func.str1.1
                0x00000000080098ad       0x3c c:/st/stm32cubeide_1.12.0/stm32cubeide/plugins/com.st.stm32cube.ide.mcu.externaltools.gnu-tools-for-stm32.10.3-2021.10.win32_1.0.200.202301161003/tools/bin/../lib/gcc/arm-none-eabi/10.3.1/../../../../arm-none-eabi/lib/thumb/v7e-m+fp/hard\libc_nano.a(lib_a-assert.o)
                                         0x3d (size before relaxing)
 .rodata._setlocale_r.str1.1
                0x00000000080098e9        0x8 c:/st/stm32cubeide_1.12.0/stm32cubeide/plugins/com.st.stm32cube.ide.mcu.externaltools.gnu-tools-for-stm32.10.3-2021.10.win32_1.0.200.202301161003/tools/bin/../lib/gcc/arm-none-eabi/10.3.1/../../../../arm-none-eabi/lib/thumb/v7e-m+fp/hard\libc_nano.a(lib_a-locale.o)
                                          0x9 (size before relaxing)
 .rodata.str1.1
                0x00000000080098f1        0x2 c:/st/stm32cubeide_1.12.0/stm32cubeide/plugins/com.st.stm32cube.ide.mcu.externaltools.gnu-tools-for-stm32.10.3-2021.10.win32_1.0.200.202301161003/tools/bin/../lib/gcc/arm-none-eabi/10.3.1/../../../../arm-none-eabi/lib/thumb/v7e-m+fp/hard\libc_nano.a(lib_a-locale.o)
 .rodata._vfprintf_r.str1.1
                0x00000000080098f3       0x11 c:/st/stm32cubeide_1.12.0/stm32cubeide/plugins/com.st.stm32cube.ide.mcu.externaltools.gnu-tools-for-stm32.10.3-2021.10.win32_1.0.200.202301161003/tools/bin/../lib/gcc/arm-none-eabi/10.3.1/../../../../arm-none-eabi/lib/thumb/v7e-m+fp/hard\libc_nano.a(lib_a-nano-vfprintf.o)
 .rodata._ctype_
                0x00000000080098f3      0x101 c:/st/stm32cubeide_1.12.0/stm32cubeide/plugins/com.st.stm32cube.ide.mcu.externaltools.gnu-tools-for-stm32.10.3-2021.10.win32_1.0.200.202301161003/tools/bin/../lib/gcc/arm-none-eabi/10.3.1/../../../../arm-none-eabi/lib/thumb/v7e-m+fp/hard\libc_nano.a(lib_a-ctype_.o)
                0x00000000080098f3                _ctype_
 .rodata.__sf_fake_stderr
                0x00000000080099f4       0x20 c:/st/stm32cubeide_1.12.0/stm32cubeide/plugins/com.st.stm32cube.ide.mcu.externaltools.gnu-tools-for-stm32.10.3-2021.10.win32_1.0.200.202301161003/tools/bin/../lib/gcc/arm-none-eabi/10.3.1/../../../../arm-none-eabi/lib/thumb/v7e-m+fp/hard\libc_nano.a(lib_a-findfp.o)
                0x00000000080099f4                __sf_fake_stderr
 .rodata.__sf_fake_stdin
                0x0000000008009a14       0x20 c:/st/stm32cubeide_1.12.0/stm32cubeide/plugins/com.st.stm32cube.ide.mcu.externaltools.gnu-tools-for-stm32.10.3-2021.10.win32_1.0.200.202301161003/tools/bin/../lib/gcc/arm-none-eabi/10.3.1/../../../../arm-none-eabi/lib/thumb/v7e-m+fp/hard\libc_nano.a(lib_a-findfp.o)
                0x0000000008009a14                __sf_fake_stdin
 .rodata.__sf_fake_stdout
                0x0000000008009a34       0x20 c:/st/stm32cubeide_1.12.0/stm32cubeide/plugins/com.st.stm32cube.ide.mcu.externaltools.gnu-tools-for-stm32.10.3-2021.10.win32_1.0.200.202301161003/tools/bin/../lib/gcc/arm-none-eabi/10.3.1/../../../../arm-none-eabi/lib/thumb/v7e-m+fp/hard\libc_nano.a(lib_a-findfp.o)
                0x0000000008009a34                __sf_fake_stdout
 .rodata.npio2_hw
                0x0000000008009a54       0x80 c:/st/stm32cubeide_1.12.0/stm32cubeide/plugins/com.st.stm32cube.ide.mcu.externaltools.gnu-tools-for-stm32.10.3-2021.10.win32_1.0.200.202301161003/tools/bin/../lib/gcc/arm-none-eabi/10.3.1/../../../../arm-none-eabi/lib/thumb/v7e-m+fp/hard\libm.a(lib_a-e_rem_pio2.o)
 .rodata.two_over_pi
                0x0000000008009ad4      0x108 c:/st/stm32cubeide_1.12.0/stm32cubeide/plugins/com.st.stm32cube.ide.mcu.externaltools.gnu-tools-for-stm32.10.3-2021.10.win32_1.0.200.202301161003/tools/bin/../lib/gcc/arm-none-eabi/10.3.1/../../../../arm-none-eabi/lib/thumb/v7e-m+fp/hard\libm.a(lib_a-e_rem_pio2.o)
 *fill*         0x0000000008009bdc        0x4 
 .rodata.PIo2   0x0000000008009be0       0x40 c:/st/stm32cubeide_1.12.0/stm32cubeide/plugins/com.st.stm32cube.ide.mcu.externaltools.gnu-tools-for-stm32.10.3-2021.10.win32_1.0.200.202301161003/tools/bin/../lib/gcc/arm-none-eabi/10.3.1/../../../../arm-none-eabi/lib/thumb/v7e-m+fp/hard\libm.a(lib_a-k_rem_pio2.o)
 .rodata.init_jk
                0x0000000008009c20       0x10 c:/st/stm32cubeide_1.12.0/stm32cubeide/plugins/com.st.stm32cube.ide.mcu.externaltools.gnu-tools-for-stm32.10.3-2021.10.win32_1.0.200.202301161003/tools/bin/../lib/gcc/arm-none-eabi/10.3.1/../../../../arm-none-eabi/lib/thumb/v7e-m+fp/hard\libm.a(lib_a-k_rem_pio2.o)
                0x0000000008009c30                . = ALIGN (0x4)

.ARM.extab      0x0000000008009c30        0x0
                0x0000000008009c30                . = ALIGN (0x4)
 *(.ARM.extab* .gnu.linkonce.armextab.*)
                0x0000000008009c30                . = ALIGN (0x4)

.ARM            0x0000000008009c30        0x8
                0x0000000008009c30                . = ALIGN (0x4)
                0x0000000008009c30                __exidx_start = .
 *(.ARM.exidx*)
 .ARM.exidx     0x0000000008009c30        0x8 c:/st/stm32cubeide_1.12.0/stm32cubeide/plugins/com.st.stm32cube.ide.mcu.externaltools.gnu-tools-for-stm32.10.3-2021.10.win32_1.0.200.202301161003/tools/bin/../lib/gcc/arm-none-eabi/10.3.1/thumb/v7e-m+fp/hard\libgcc.a(_udivmoddi4.o)
                0x0000000008009c38                __exidx_end = .
                0x0000000008009c38                . = ALIGN (0x4)

.rel.dyn        0x0000000008009c38        0x0
 .rel.iplt      0x0000000008009c38        0x0 c:/st/stm32cubeide_1.12.0/stm32cubeide/plugins/com.st.stm32cube.ide.mcu.externaltools.gnu-tools-for-stm32.10.3-2021.10.win32_1.0.200.202301161003/tools/bin/../lib/gcc/arm-none-eabi/10.3.1/thumb/v7e-m+fp/hard/crtbegin.o

.preinit_array  0x0000000008009c38        0x0
                0x0000000008009c38                . = ALIGN (0x4)
                0x0000000008009c38                PROVIDE (__preinit_array_start = .)
 *(.preinit_array*)
                0x0000000008009c38                PROVIDE (__preinit_array_end = .)
                0x0000000008009c38                . = ALIGN (0x4)

.init_array     0x0000000008009c38        0x4
                0x0000000008009c38                . = ALIGN (0x4)
                0x0000000008009c38                PROVIDE (__init_array_start = .)
 *(SORT_BY_NAME(.init_array.*))
 *(.init_array*)
 .init_array    0x0000000008009c38        0x4 c:/st/stm32cubeide_1.12.0/stm32cubeide/plugins/com.st.stm32cube.ide.mcu.externaltools.gnu-tools-for-stm32.10.3-2021.10.win32_1.0.200.202301161003/tools/bin/../lib/gcc/arm-none-eabi/10.3.1/thumb/v7e-m+fp/hard/crtbegin.o
                0x0000000008009c3c                PROVIDE (__init_array_end = .)
                0x0000000008009c3c                . = ALIGN (0x4)

.fini_array     0x0000000008009c3c        0x4
                0x0000000008009c3c                . = ALIGN (0x4)
                [!provide]                        PROVIDE (__fini_array_start = .)
 *(SORT_BY_NAME(.fini_array.*))
 *(.fini_array*)
 .fini_array    0x0000000008009c3c        0x4 c:/st/stm32cubeide_1.12.0/stm32cubeide/plugins/com.st.stm32cube.ide.mcu.externaltools.gnu-tools-for-stm32.10.3-2021.10.win32_1.0.200.202301161003/tools/bin/../lib/gcc/arm-none-eabi/10.3.1/thumb/v7e-m+fp/hard/crtbegin.o
                [!provide]                        PROVIDE (__fini_array_end = .)
                0x0000000008009c40                . = ALIGN (0x4)
                0x0000000008009c40                _sidata = LOADADDR (.data)

.data           0x0000000020000000      0x568 load address 0x0000000008009c40
                0x0000000020000000                . = ALIGN (0x4)
                0x0000000020000000                _sdata = .
 *(.data)
 *(.data*)
 .data.width    0x0000000020000000        0x2 ./Src/ST7735.o
 .data.height   0x0000000020000002        0x2 ./Src/ST7735.o
 .data.spi      0x0000000020000004        0x4 ./Src/ST7735.o
 .data._fg      0x0000000020000008        0x2 ./Src/ST7735.o
 *fill*         0x000000002000000a        0x2 
 .data.i2cBusName
                0x000000002000000c        0x8 ./Src/i2cAMIS.o
                0x000000002000000c                i2cBusName
 .data.i2cAddressName
                0x0000000020000014        0xc ./Src/i2cAMIS.o
                0x0000000020000014                i2cAddressName
 .data.iRunName
                0x0000000020000020        0x5 ./Src/i2cAMIS.o
                0x0000000020000020                iRunName
 *fill*         0x0000000020000025        0x3 
 .data.iHoldName
                0x0000000020000028        0x6 ./Src/i2cAMIS.o
                0x0000000020000028                iHoldName
 *fill*         0x000000002000002e        0x2 
 .data.vMinName
                0x0000000020000030        0x5 ./Src/i2cAMIS.o
                0x0000000020000030                vMinName
 *fill*         0x0000000020000035        0x3 
 .data.vMaxName
                0x0000000020000038        0x5 ./Src/i2cAMIS.o
                0x0000000020000038                vMaxName
 *fill*         0x000000002000003d        0x3 
 .data.stepModeName
                0x0000000020000040        0x9 ./Src/i2cAMIS.o
                0x0000000020000040                stepModeName
 *fill*         0x0000000020000049        0x3 
 .data.rotationDirectionName
                0x000000002000004c       0x14 ./Src/i2cAMIS.o
                0x000000002000004c                rotationDirectionName
 .data.accelerationName
                0x0000000020000060        0xd ./Src/i2cAMIS.o
                0x0000000020000060                accelerationName
 *fill*         0x000000002000006d        0x3 
 .data.accelerationShapeName
                0x0000000020000070       0x13 ./Src/i2cAMIS.o
                0x0000000020000070                accelerationShapeName
 *fill*         0x0000000020000083        0x1 
 .data.positionName
                0x0000000020000084        0x9 ./Src/i2cAMIS.o
                0x0000000020000084                positionName
 *fill*         0x000000002000008d        0x3 
 .data.securePositionName
                0x0000000020000090       0x10 ./Src/i2cAMIS.o
                0x0000000020000090                securePositionName
 .data.pwmFrequencyName
                0x00000000200000a0        0xe ./Src/i2cAMIS.o
                0x00000000200000a0                pwmFrequencyName
 *fill*         0x00000000200000ae        0x2 
 .data.pwmJitterName
                0x00000000200000b0        0xb ./Src/i2cAMIS.o
                0x00000000200000b0                pwmJitterName
 *fill*         0x00000000200000bb        0x1 
 .data.relativeMotionThresholdName
                0x00000000200000bc       0x1a ./Src/i2cAMIS.o
                0x00000000200000bc                relativeMotionThresholdName
 *fill*         0x00000000200000d6        0x2 
 .data.i2cBusDescription
                0x00000000200000d8       0x29 ./Src/i2cAMIS.o
                0x00000000200000d8                i2cBusDescription
 *fill*         0x0000000020000101        0x3 
 .data.i2cAddressDescription
                0x0000000020000104       0x20 ./Src/i2cAMIS.o
                0x0000000020000104                i2cAddressDescription
 .data.iRunDescription
                0x0000000020000124       0x3e ./Src/i2cAMIS.o
                0x0000000020000124                iRunDescription
 *fill*         0x0000000020000162        0x2 
 .data.iHoldDescription
                0x0000000020000164       0x2a ./Src/i2cAMIS.o