../Src/i2cAMIS.c:61:6:setI2CBus	16	static
../Src/i2cAMIS.c:71:14:getI2CBus	16	static
../Src/i2cAMIS.c:81:6:setI2CAddress	16	static
../Src/i2cAMIS.c:91:9:getI2CAddress	16	static
../Src/i2cAMIS.c:108:6:getFullStatus1	24	static
../Src/i2cAMIS.c:125:6:getFullStatus2	24	static
../Src/i2cAMIS.c:143:6:setMotorParam	40	static
../Src/i2cAMIS.c:164:6:setStallParam5	32	static
../Src/i2cAMIS.c:180:6:setStallParam	32	static
../Src/i2cAMIS.c:203:6:setIRun	16	static
../Src/i2cAMIS.c:214:9:getIRun	32	static
../Src/i2cAMIS.c:229:6:setIHold	16	static
../Src/i2cAMIS.c:240:9:getIHold	32	static
../Src/i2cAMIS.c:255:6:setVMin	16	static
../Src/i2cAMIS.c:266:9:getVMin	32	static
../Src/i2cAMIS.c:281:6:setVMax	16	static
../Src/i2cAMIS.c:292:9:getVMax	32	static
../Src/i2cAMIS.c:312:6:setStepMode	16	static
../Src/i2cAMIS.c:328:9:getStepMode	32	static
../Src/i2cAMIS.c:343:6:setRotDir	16	static
../Src/i2cAMIS.c:354:9:getRotDir	32	static
../Src/i2cAMIS.c:370:6:setAccel	16	static
../Src/i2cAMIS.c:381:9:getAccel	32	static
../Src/i2cAMIS.c:396:6:setSecPos	16	static
../Src/i2cAMIS.c:410:10:getSecPos	32	static
../Src/i2cAMIS.c:427:6:setAccelShape	16	static
../Src/i2cAMIS.c:441:9:getAccelShape	32	static
../Src/i2cAMIS.c:457:9:StepperGetPos	40	static
../Src/i2cAMIS.c:490:6:StepperSetPos	32	static
../Src/i2cAMIS.c:516:6:setPWMFrequency	16	static
../Src/i2cAMIS.c:544:9:getPWMJitter	24	static
../Src/i2cAMIS.c:557:6:setPWMJitter	16	static
../Src/i2cAMIS.c:587:9:getRelativeMotionThreshold	24	static
../Src/i2cAMIS.c:601:6:setRelativeMotionThreshold	32	static
../Src/i2cAMIS.c:635:9:StepperGetTargetPosition	24	static
../Src/i2cAMIS.c:647:12:StepperGetMaxRPM	24	static
../Src/i2cAMIS.c:663:6:StepperResetPosition	32	static
../Src/i2cAMIS.c:679:6:StepperGoToSecurePosition	32	static
../Src/i2cAMIS.c:695:6:StepperResetToDefault	32	static
../Src/i2cAMIS.c:711:6:StepperSoftStop	32	static
../Src/i2cAMIS.c:727:6:StepperHardStop	32	static
../Src/i2cAMIS.c:756:6:StepperSetDualPosition	32	static
../Src/i2cAMIS.c:783:6:StepperInit	32	static
../Src/i2cAMIS.c:824:6:setStepper	16	static
../Src/i2cAMIS.c:840:12:getStepper	16	static
