../Src/ST7735.c:52:6:delayms	16	static
../Src/ST7735.c:59:6:tftSPISenddata	16	static
../Src/ST7735.c:66:6:tftSPISenddata16	16	static
../Src/ST7735.c:73:6:tftSendCmd	16	static
../Src/ST7735.c:81:6:tftSendData	16	static
../Src/ST7735.c:88:6:spiInit	24	static
../Src/ST7735.c:506:13:commandList	24	static
../Src/ST7735.c:530:13:commonInit	16	static
../Src/ST7735.c:549:6:tftInitR	16	static
../Src/ST7735.c:582:6:tftSetAddrWindow	24	static
../Src/ST7735.c:600:6:tftPushColor	16	static
../Src/ST7735.c:609:6:tftDrawPixel	16	static
../Src/ST7735.c:624:6:tftFillRect	24	static
../Src/ST7735.c:659:6:tftDrawFastVLine	24	static
../Src/ST7735.c:676:6:tftDrawFastHLine	24	static
../Src/ST7735.c:703:6:tftDrawFastLine	48	static
../Src/ST7735.c:794:6:tftDrawRect	24	static
../Src/ST7735.c:808:6:tftDrawCircle	56	static
../Src/ST7735.c:863:6:tftFillCircle	32	static
../Src/ST7735.c:890:6:tftDrawBitmap	56	static
../Src/ST7735.c:969:6:tftDrawBitmapRotate	80	static
../Src/ST7735.c:1000:6:tftSetFont	16	static
../Src/ST7735.c:1015:6:tftSetColor	16	static
../Src/ST7735.c:1021:6:tftPrintChar	48	static
../Src/ST7735.c:1090:6:tftRotateChar	88	static
../Src/ST7735.c:1144:6:tftPrintInt	128	static
../Src/ST7735.c:1158:6:tftPrintLong	128	static
../Src/ST7735.c:1172:6:tftPrintFloat	128	static
../Src/ST7735.c:1186:6:tftPrintDouble	136	static
../Src/ST7735.c:1201:6:tftPrint	56	static
../Src/ST7735.c:1254:6:tftPrintColor	32	static
../Src/ST7735.c:1271:6:tftFillScreen	24	static
../Src/ST7735.c:1278:10:tftColor565	16	static
../Src/ST7735.c:1289:6:tftSetRotation	24	static
../Src/ST7735.c:1335:6:tftInvertDisplay	16	static
../Src/ST7735.c:1350:6:tftOff	8	static
../Src/ST7735.c:1357:6:tftOn	8	static
../Src/ST7735.c:1363:9:tftGetWidth	4	static
../Src/ST7735.c:1369:9:tftGetHeight	4	static
