/Users/philipprohlke/Documents/STMCubeIDE/GitHub/Ohne Titel/EDS_2024_fork/CMSIS/Include/core_cm4.h:1688:22:__NVIC_EnableIRQ	16	static
../Src/RotaryPushButton.c:48:6:initRotaryPushButton	8	static,ignoring_inline_asm
../Src/RotaryPushButton.c:99:6:initRotaryPushButtonLED	8	static
../Src/RotaryPushButton.c:134:6:setRotaryColor	16	static
../Src/RotaryPushButton.c:209:5:getRotaryPushButton	16	static
../Src/RotaryPushButton.c:237:5:getRotaryPosition	4	static
../Src/RotaryPushButton.c:248:10:setRotaryPosition	16	static
../Src/RotaryPushButton.c:273:6:EXTI1_IRQHandler	8	static
../Src/RotaryPushButton.c:300:6:EXTI15_10_IRQHandler	4	static
