../Src/SensorTOF.c:98:6:initializeTOFSensor	24	static
../Src/SensorTOF.c:109:6:configureTOFSensor	16	static
../Src/SensorTOF.c:155:6:TOF_configure_interrupt	32	static
../Src/SensorTOF.c:216:6:TOF_init_address	32	static
../Src/SensorTOF.c:265:6:TOF_data_init	24	static
../Src/SensorTOF.c:333:6:TOF_get_spad_info_from_nvm	40	static
../Src/SensorTOF.c:410:6:TOF_set_spads_from_nvm	40	static
../Src/SensorTOF.c:484:6:TOF_load_default_tuning_settings	24	static
../Src/SensorTOF.c:604:6:TOF_set_sequence_steps_enabled	24	static
../Src/SensorTOF.c:648:6:TOF_perform_single_ref_calibration	32	static
../Src/SensorTOF.c:743:6:TOF_perform_ref_calibration	16	static
../Src/SensorTOF.c:797:6:TOF_init_device	16	static
../Src/SensorTOF.c:855:6:TOF_getMeasurement	32	static
../Src/SensorTOF.c:926:6:TOF_init	16	static
../Src/SensorTOF.c:971:6:TOF_start_continuous	40	static
../Src/SensorTOF.c:1059:6:TOF_stop_continuous	16	static
../Src/SensorTOF.c:1103:6:TOF_read_continuous_distance	16	static
../Src/SensorTOF.c:1144:6:TOF_read_single_distance	32	static
../Src/SensorTOF.c:1206:6:TOF_start_up_task	24	static
../Src/SensorTOF.c:1250:6:TOF_read_distance_task	32	static
../Src/SensorTOF.c:1343:6:TOF_set_address	24	static
../Src/SensorTOF.c:1391:6:TOF_read_distance_timed	40	static
../Src/SensorTOF.c:1458:6:TOF_set_ranging_profile	24	static
../Src/SensorTOF.c:1606:6:TOF_set_vcsel_pulse_period	64	static
../Src/SensorTOF.c:1786:6:TOF_set_signal_rate_limit	32	static
../Src/SensorTOF.c:1836:6:TOF_get_sequence_step_enables	24	static
../Src/SensorTOF.c:1881:6:TOF_get_sequence_step_timeouts	32	static
../Src/SensorTOF.c:1956:6:TOF_set_measurement_timing_budget	80	static
../Src/SensorTOF.c:2062:9:TOF_get_vcsel_pulse_period	24	static
../Src/SensorTOF.c:2120:10:encode_timeOut	24	static
../Src/SensorTOF.c:2164:10:decode_timeout	24	static
../Src/SensorTOF.c:2204:10:timeout_mclks_to_microseconds	24	static
../Src/SensorTOF.c:2236:10:timeout_microseconds_to_mclks	24	static
