../Src/SensorTOF.c:53:6:TOF_configure_interrupt	24	static
../Src/SensorTOF.c:104:6:TOF_init_address	24	static
../Src/SensorTOF.c:136:6:TOF_data_init	16	static
../Src/SensorTOF.c:188:6:TOF_get_spad_info_from_nvm	32	static
../Src/SensorTOF.c:248:6:TOF_set_spads_from_nvm	32	static
../Src/SensorTOF.c:303:6:TOF_load_default_tuning_settings	16	static
../Src/SensorTOF.c:401:6:TOF_set_sequence_steps_enabled	24	static
../Src/SensorTOF.c:424:6:TOF_perform_single_ref_calibration	24	static
../Src/SensorTOF.c:486:6:TOF_perform_ref_calibration	8	static
../Src/SensorTOF.c:510:6:TOF_init_device	8	static
../Src/SensorTOF.c:553:6:TOF_getMeasurement	32	static
../Src/SensorTOF.c:611:6:TOF_init	16	static
../Src/SensorTOF.c:642:6:TOF_startContinuous	40	static
../Src/SensorTOF.c:709:6:TOF_stopContinuous	8	static
../Src/SensorTOF.c:738:6:TOF_ReadContinuousDistance	16	static
../Src/SensorTOF.c:762:6:TOF_ReadSingleDistance	32	static
