Archive member included to satisfy reference by file (symbol)

D:\GITHUB\SMT32F4\EDS_2024\MCAL\Debug\libMCAL.a(mcalEXTI.o)
                              ./Src/RotaryPushButton.o (extiInit)
D:\GITHUB\SMT32F4\EDS_2024\MCAL\Debug\libMCAL.a(mcalGPIO.o)
                              D:\GITHUB\SMT32F4\EDS_2024\MCAL\Debug\libMCAL.a(mcalEXTI.o) (gpioVerifyPort)
D:\GITHUB\SMT32F4\EDS_2024\MCAL\Debug\libMCAL.a(mcalI2C.o)
                              ./Src/graphics.o (i2cSelectI2C)
D:\GITHUB\SMT32F4\EDS_2024\MCAL\Debug\libMCAL.a(mcalRCC.o)
                              D:\GITHUB\SMT32F4\EDS_2024\MCAL\Debug\libMCAL.a(mcalI2C.o) (rccGetPclk1Freq)
D:\GITHUB\SMT32F4\EDS_2024\MCAL\Debug\libMCAL.a(mcalSPI.o)
                              ./Src/ST7735.o (spiInitSPI)
D:\GITHUB\SMT32F4\EDS_2024\MCAL\Debug\libMCAL.a(mcalSysTick.o)
                              ./Src/main.o (systickSetMillis)
D:\GITHUB\SMT32F4\EDS_2024\CMSIS\Debug\libCMSIS.a(system_stm32f4xx.o)
                              D:\GITHUB\SMT32F4\EDS_2024\MCAL\Debug\libMCAL.a(mcalRCC.o) (SystemCoreClock)
c:/st/stm32cubeide_1.12.0/stm32cubeide/plugins/com.st.stm32cube.ide.mcu.externaltools.gnu-tools-for-stm32.10.3-2021.10.win32_1.0.200.202301161003/tools/bin/../lib/gcc/arm-none-eabi/10.3.1/../../../../arm-none-eabi/lib/thumb/v7e-m+fp/hard\libc_nano.a(lib_a-exit.o)
                              c:/st/stm32cubeide_1.12.0/stm32cubeide/plugins/com.st.stm32cube.ide.mcu.externaltools.gnu-tools-for-stm32.10.3-2021.10.win32_1.0.200.202301161003/tools/bin/../lib/gcc/arm-none-eabi/10.3.1/../../../../arm-none-eabi/lib/thumb/v7e-m+fp/hard/crt0.o (exit)
c:/st/stm32cubeide_1.12.0/stm32cubeide/plugins/com.st.stm32cube.ide.mcu.externaltools.gnu-tools-for-stm32.10.3-2021.10.win32_1.0.200.202301161003/tools/bin/../lib/gcc/arm-none-eabi/10.3.1/../../../../arm-none-eabi/lib/thumb/v7e-m+fp/hard\libc_nano.a(lib_a-impure.o)
                              c:/st/stm32cubeide_1.12.0/stm32cubeide/plugins/com.st.stm32cube.ide.mcu.externaltools.gnu-tools-for-stm32.10.3-2021.10.win32_1.0.200.202301161003/tools/bin/../lib/gcc/arm-none-eabi/10.3.1/../../../../arm-none-eabi/lib/thumb/v7e-m+fp/hard\libc_nano.a(lib_a-exit.o) (_global_impure_ptr)
c:/st/stm32cubeide_1.12.0/stm32cubeide/plugins/com.st.stm32cube.ide.mcu.externaltools.gnu-tools-for-stm32.10.3-2021.10.win32_1.0.200.202301161003/tools/bin/../lib/gcc/arm-none-eabi/10.3.1/../../../../arm-none-eabi/lib/thumb/v7e-m+fp/hard\libc_nano.a(lib_a-init.o)
                              c:/st/stm32cubeide_1.12.0/stm32cubeide/plugins/com.st.stm32cube.ide.mcu.externaltools.gnu-tools-for-stm32.10.3-2021.10.win32_1.0.200.202301161003/tools/bin/../lib/gcc/arm-none-eabi/10.3.1/../../../../arm-none-eabi/lib/thumb/v7e-m+fp/hard/crt0.o (__libc_init_array)
c:/st/stm32cubeide_1.12.0/stm32cubeide/plugins/com.st.stm32cube.ide.mcu.externaltools.gnu-tools-for-stm32.10.3-2021.10.win32_1.0.200.202301161003/tools/bin/../lib/gcc/arm-none-eabi/10.3.1/../../../../arm-none-eabi/lib/thumb/v7e-m+fp/hard\libc_nano.a(lib_a-memset.o)
                              c:/st/stm32cubeide_1.12.0/stm32cubeide/plugins/com.st.stm32cube.ide.mcu.externaltools.gnu-tools-for-stm32.10.3-2021.10.win32_1.0.200.202301161003/tools/bin/../lib/gcc/arm-none-eabi/10.3.1/../../../../arm-none-eabi/lib/thumb/v7e-m+fp/hard/crt0.o (memset)
c:/st/stm32cubeide_1.12.0/stm32cubeide/plugins/com.st.stm32cube.ide.mcu.externaltools.gnu-tools-for-stm32.10.3-2021.10.win32_1.0.200.202301161003/tools/bin/../lib/gcc/arm-none-eabi/10.3.1/../../../../arm-none-eabi/lib/thumb/v7e-m+fp/hard\libc_nano.a(lib_a-nano-vfprintf_float.o)
                              (_printf_float)
c:/st/stm32cubeide_1.12.0/stm32cubeide/plugins/com.st.stm32cube.ide.mcu.externaltools.gnu-tools-for-stm32.10.3-2021.10.win32_1.0.200.202301161003/tools/bin/../lib/gcc/arm-none-eabi/10.3.1/../../../../arm-none-eabi/lib/thumb/v7e-m+fp/hard\libc_nano.a(lib_a-nano-vfprintf_i.o)
                              c:/st/stm32cubeide_1.12.0/stm32cubeide/plugins/com.st.stm32cube.ide.mcu.externaltools.gnu-tools-for-stm32.10.3-2021.10.win32_1.0.200.202301161003/tools/bin/../lib/gcc/arm-none-eabi/10.3.1/../../../../arm-none-eabi/lib/thumb/v7e-m+fp/hard\libc_nano.a(lib_a-nano-vfprintf_float.o) (_printf_common)
c:/st/stm32cubeide_1.12.0/stm32cubeide/plugins/com.st.stm32cube.ide.mcu.externaltools.gnu-tools-for-stm32.10.3-2021.10.win32_1.0.200.202301161003/tools/bin/../lib/gcc/arm-none-eabi/10.3.1/../../../../arm-none-eabi/lib/thumb/v7e-m+fp/hard\libc_nano.a(lib_a-sprintf.o)
                              ./Src/ST7735.o (sprintf)
c:/st/stm32cubeide_1.12.0/stm32cubeide/plugins/com.st.stm32cube.ide.mcu.externaltools.gnu-tools-for-stm32.10.3-2021.10.win32_1.0.200.202301161003/tools/bin/../lib/gcc/arm-none-eabi/10.3.1/../../../../arm-none-eabi/lib/thumb/v7e-m+fp/hard\libc_nano.a(lib_a-strlen.o)
                              ./Src/ST7735.o (strlen)
[...]
Memory Configuration

Name             Origin             Length             Attributes
RAM              0x0000000020000000 0x0000000000018000 xrw
FLASH            0x0000000008000000 0x0000000000080000 xr
*default*        0x0000000000000000 0xffffffffffffffff

Linker script and memory map

LOAD c:/st/stm32cubeide_1.12.0/stm32cubeide/plugins/com.st.stm32cube.ide.mcu.externaltools.gnu-tools-for-stm32.10.3-2021.10.win32_1.0.200.202301161003/tools/bin/../lib/gcc/arm-none-eabi/10.3.1/thumb/v7e-m+fp/hard/crti.o
LOAD c:/st/stm32cubeide_1.12.0/stm32cubeide/plugins/com.st.stm32cube.ide.mcu.externaltools.gnu-tools-for-stm32.10.3-2021.10.win32_1.0.200.202301161003/tools/bin/../lib/gcc/arm-none-eabi/10.3.1/thumb/v7e-m+fp/hard/crtbegin.o
LOAD c:/st/stm32cubeide_1.12.0/stm32cubeide/plugins/com.st.stm32cube.ide.mcu.externaltools.gnu-tools-for-stm32.10.3-2021.10.win32_1.0.200.202301161003/tools/bin/../lib/gcc/arm-none-eabi/10.3.1/../../../../arm-none-eabi/lib/thumb/v7e-m+fp/hard/crt0.o
LOAD ./Src/RotaryPushButton.o
LOAD ./Src/ST7735.o
LOAD ./Src/graphics.o
LOAD ./Src/main.o
LOAD ./Src/regler.o
LOAD ./Startup/startup_stm32f401retx.o
LOAD D:\GITHUB\SMT32F4\EDS_2024\MCAL\Debug\libMCAL.a
LOAD D:\GITHUB\SMT32F4\EDS_2024\CMSIS\Debug\libCMSIS.a
START GROUP
LOAD c:/st/stm32cubeide_1.12.0/stm32cubeide/plugins/com.st.stm32cube.ide.mcu.externaltools.gnu-tools-for-stm32.10.3-2021.10.win32_1.0.200.202301161003/tools/bin/../lib/gcc/arm-none-eabi/10.3.1/../../../../arm-none-eabi/lib/thumb/v7e-m+fp/hard\libc_nano.a
LOAD c:/st/stm32cubeide_1.12.0/stm32cubeide/plugins/com.st.stm32cube.ide.mcu.externaltools.gnu-tools-for-stm32.10.3-2021.10.win32_1.0.200.202301161003/tools/bin/../lib/gcc/arm-none-eabi/10.3.1/../../../../arm-none-eabi/lib/thumb/v7e-m+fp/hard\libm.a
END GROUP
START GROUP
LOAD c:/st/stm32cubeide_1.12.0/stm32cubeide/plugins/com.st.stm32cube.ide.mcu.externaltools.gnu-tools-for-stm32.10.3-2021.10.win32_1.0.200.202301161003/tools/bin/../lib/gcc/arm-none-eabi/10.3.1/thumb/v7e-m+fp/hard\libgcc.a
LOAD c:/st/stm32cubeide_1.12.0/stm32cubeide/plugins/com.st.stm32cube.ide.mcu.externaltools.gnu-tools-for-stm32.10.3-2021.10.win32_1.0.200.202301161003/tools/bin/../lib/gcc/arm-none-eabi/10.3.1/../../../../arm-none-eabi/lib/thumb/v7e-m+fp/hard\libc_nano.a
END GROUP
START GROUP
LOAD c:/st/stm32cubeide_1.12.0/stm32cubeide/plugins/com.st.stm32cube.ide.mcu.externaltools.gnu-tools-for-stm32.10.3-2021.10.win32_1.0.200.202301161003/tools/bin/../lib/gcc/arm-none-eabi/10.3.1/thumb/v7e-m+fp/hard\libgcc.a
LOAD c:/st/stm32cubeide_1.12.0/stm32cubeide/plugins/com.st.stm32cube.ide.mcu.externaltools.gnu-tools-for-stm32.10.3-2021.10.win32_1.0.200.202301161003/tools/bin/../lib/gcc/arm-none-eabi/10.3.1/../../../../arm-none-eabi/lib/thumb/v7e-m+fp/hard\libc_nano.a
LOAD c:/st/stm32cubeide_1.12.0/stm32cubeide/plugins/com.st.stm32cube.ide.mcu.externaltools.gnu-tools-for-stm32.10.3-2021.10.win32_1.0.200.202301161003/tools/bin/../lib/gcc/arm-none-eabi/10.3.1/../../../../arm-none-eabi/lib/thumb/v7e-m+fp/hard\libnosys.a
END GROUP
START GROUP
LOAD c:/st/stm32cubeide_1.12.0/stm32cubeide/plugins/com.st.stm32cube.ide.mcu.externaltools.gnu-tools-for-stm32.10.3-2021.10.win32_1.0.200.202301161003/tools/bin/../lib/gcc/arm-none-eabi/10.3.1/thumb/v7e-m+fp/hard\libgcc.a
LOAD c:/st/stm32cubeide_1.12.0/stm32cubeide/plugins/com.st.stm32cube.ide.mcu.externaltools.gnu-tools-for-stm32.10.3-2021.10.win32_1.0.200.202301161003/tools/bin/../lib/gcc/arm-none-eabi/10.3.1/../../../../arm-none-eabi/lib/thumb/v7e-m+fp/hard\libc_nano.a
LOAD c:/st/stm32cubeide_1.12.0/stm32cubeide/plugins/com.st.stm32cube.ide.mcu.externaltools.gnu-tools-for-stm32.10.3-2021.10.win32_1.0.200.202301161003/tools/bin/../lib/gcc/arm-none-eabi/10.3.1/../../../../arm-none-eabi/lib/thumb/v7e-m+fp/hard\libnosys.a
END GROUP
LOAD c:/st/stm32cubeide_1.12.0/stm32cubeide/plugins/com.st.stm32cube.ide.mcu.externaltools.gnu-tools-for-stm32.10.3-2021.10.win32_1.0.200.202301161003/tools/bin/../lib/gcc/arm-none-eabi/10.3.1/thumb/v7e-m+fp/hard/crtend.o
LOAD c:/st/stm32cubeide_1.12.0/stm32cubeide/plugins/com.st.stm32cube.ide.mcu.externaltools.gnu-tools-for-stm32.10.3-2021.10.win32_1.0.200.202301161003/tools/bin/../lib/gcc/arm-none-eabi/10.3.1/thumb/v7e-m+fp/hard/crtn.o
                0x0000000020018000                _estack = (ORIGIN (RAM) + LENGTH (RAM))
                0x0000000000000200                _Min_Heap_Size = 0x200
                0x0000000000000400                _Min_Stack_Size = 0x400

.isr_vector     0x0000000008000000      0x194
                0x0000000008000000                . = ALIGN (0x4)
 *(.isr_vector)
 .isr_vector    0x0000000008000000      0x194 ./Startup/startup_stm32f401retx.o
                0x0000000008000000                g_pfnVectors
                0x0000000008000194                . = ALIGN (0x4)

.text           0x00000000080001a0     0x7de4
                0x00000000080001a0                . = ALIGN (0x4)
 *(.text)
 .text          0x00000000080001a0       0x40 c:/st/stm32cubeide_1.12.0/stm32cubeide/plugins/com.st.stm32cube.ide.mcu.externaltools.gnu-tools-for-stm32.10.3-2021.10.win32_1.0.200.202301161003/tools/bin/../lib/gcc/arm-none-eabi/10.3.1/thumb/v7e-m+fp/hard/crtbegin.o
 .text          0x00000000080001e0       0x10 c:/st/stm32cubeide_1.12.0/stm32cubeide/plugins/com.st.stm32cube.ide.mcu.externaltools.gnu-tools-for-stm32.10.3-2021.10.win32_1.0.200.202301161003/tools/bin/../lib/gcc/arm-none-eabi/10.3.1/../../../../arm-none-eabi/lib/thumb/v7e-m+fp/hard\libc_nano.a(lib_a-strlen.o)
                0x00000000080001e0                strlen
 .text          0x00000000080001f0       0xa0 c:/st/stm32cubeide_1.12.0/stm32cubeide/plugins/com.st.stm32cube.ide.mcu.externaltools.gnu-tools-for-stm32.10.3-2021.10.win32_1.0.200.202301161003/tools/bin/../lib/gcc/arm-none-eabi/10.3.1/../../../../arm-none-eabi/lib/thumb/v7e-m+fp/hard\libc_nano.a(lib_a-memchr.o)
                0x00000000080001f0                memchr
 .text          0x0000000008000290      0x378 c:/st/stm32cubeide_1.12.0/stm32cubeide/plugins/com.st.stm32cube.ide.mcu.externaltools.gnu-tools-for-stm32.10.3-2021.10.win32_1.0.200.202301161003/tools/bin/../lib/gcc/arm-none-eabi/10.3.1/thumb/v7e-m+fp/hard\libgcc.a(_arm_addsubdf3.o)
                0x0000000008000290                __aeabi_drsub
                0x0000000008000298                __aeabi_dsub
                0x0000000008000298                __subdf3
                0x000000000800029c                __aeabi_dadd
                0x000000000800029c                __adddf3
                0x0000000008000514                __floatunsidf
                0x0000000008000514                __aeabi_ui2d
                0x0000000008000534                __floatsidf
                0x0000000008000534                __aeabi_i2d
                0x0000000008000558                __aeabi_f2d
                0x0000000008000558                __extendsfdf2
                0x000000000800059c                __floatundidf
                0x000000000800059c                __aeabi_ul2d
                0x00000000080005ac                __floatdidf
                0x00000000080005ac                __aeabi_l2d
 .text          0x0000000008000608      0x424 c:/st/stm32cubeide_1.12.0/stm32cubeide/plugins/com.st.stm32cube.ide.mcu.externaltools.gnu-tools-for-stm32.10.3-2021.10.win32_1.0.200.202301161003/tools/bin/../lib/gcc/arm-none-eabi/10.3.1/thumb/v7e-m+fp/hard\libgcc.a(_arm_muldivdf3.o)
                0x0000000008000608                __aeabi_dmul
                0x0000000008000608                __muldf3
                0x000000000800085c                __divdf3
                0x000000000800085c                __aeabi_ddiv
 .text          0x0000000008000a2c      0x110 c:/st/stm32cubeide_1.12.0/stm32cubeide/plugins/com.st.stm32cube.ide.mcu.externaltools.gnu-tools-for-stm32.10.3-2021.10.win32_1.0.200.202301161003/tools/bin/../lib/gcc/arm-none-eabi/10.3.1/thumb/v7e-m+fp/hard\libgcc.a(_arm_cmpdf2.o)
                0x0000000008000a2c                __gtdf2
                0x0000000008000a2c                __gedf2
                0x0000000008000a34                __ltdf2
                0x0000000008000a34                __ledf2
                0x0000000008000a3c                __nedf2
                0x0000000008000a3c                __eqdf2
                0x0000000008000a3c                __cmpdf2
                0x0000000008000ab8                __aeabi_cdrcmple
                0x0000000008000ac8                __aeabi_cdcmpeq
                0x0000000008000ac8                __aeabi_cdcmple
                0x0000000008000ad8                __aeabi_dcmpeq
                0x0000000008000aec                __aeabi_dcmplt
                0x0000000008000b00                __aeabi_dcmple
                0x0000000008000b14                __aeabi_dcmpge
                0x0000000008000b28                __aeabi_dcmpgt
 .text          0x0000000008000b3c       0x2c c:/st/stm32cubeide_1.12.0/stm32cubeide/plugins/com.st.stm32cube.ide.mcu.externaltools.gnu-tools-for-stm32.10.3-2021.10.win32_1.0.200.202301161003/tools/bin/../lib/gcc/arm-none-eabi/10.3.1/thumb/v7e-m+fp/hard\libgcc.a(_arm_unorddf2.o)
                0x0000000008000b3c                __unorddf2
                0x0000000008000b3c                __aeabi_dcmpun
 .text          0x0000000008000b68       0x50 c:/st/stm32cubeide_1.12.0/stm32cubeide/plugins/com.st.stm32cube.ide.mcu.externaltools.gnu-tools-for-stm32.10.3-2021.10.win32_1.0.200.202301161003/tools/bin/../lib/gcc/arm-none-eabi/10.3.1/thumb/v7e-m+fp/hard\libgcc.a(_arm_fixdfsi.o)
                0x0000000008000b68                __aeabi_d2iz
                0x0000000008000b68                __fixdfsi
 .text          0x0000000008000bb8       0x30 c:/st/stm32cubeide_1.12.0/stm32cubeide/plugins/com.st.stm32cube.ide.mcu.externaltools.gnu-tools-for-stm32.10.3-2021.10.win32_1.0.200.202301161003/tools/bin/../lib/gcc/arm-none-eabi/10.3.1/thumb/v7e-m+fp/hard\libgcc.a(_aeabi_uldivmod.o)
                0x0000000008000bb8                __aeabi_uldivmod
 .text          0x0000000008000be8      0x2d0 c:/st/stm32cubeide_1.12.0/stm32cubeide/plugins/com.st.stm32cube.ide.mcu.externaltools.gnu-tools-for-stm32.10.3-2021.10.win32_1.0.200.202301161003/tools/bin/../lib/gcc/arm-none-eabi/10.3.1/thumb/v7e-m+fp/hard\libgcc.a(_udivmoddi4.o)
                0x0000000008000be8                __udivmoddi4
 .text          0x0000000008000eb8        0x4 c:/st/stm32cubeide_1.12.0/stm32cubeide/plugins/com.st.stm32cube.ide.mcu.externaltools.gnu-tools-for-stm32.10.3-2021.10.win32_1.0.200.202301161003/tools/bin/../lib/gcc/arm-none-eabi/10.3.1/thumb/v7e-m+fp/hard\libgcc.a(_dvmd_tls.o)
                0x0000000008000eb8                __aeabi_idiv0
                0x0000000008000eb8                __aeabi_ldiv0
 *(.text*)
 .text.__NVIC_EnableIRQ
                0x0000000008000ebc       0x3c ./Src/RotaryPushButton.o
 .text.initRotaryPushButton
                0x0000000008000ef8       0xcc ./Src/RotaryPushButton.o
                0x0000000008000ef8                initRotaryPushButton
 .text.initRotaryPushButtonLED
                0x0000000008000fc4       0x70 ./Src/RotaryPushButton.o
                0x0000000008000fc4                initRotaryPushButtonLED
 .text.setRotaryColor
                0x0000000008001034      0x128 ./Src/RotaryPushButton.o
                0x0000000008001034                setRotaryColor
 .text.getRotaryPushButton
                0x000000000800115c       0x44 ./Src/RotaryPushButton.o
                0x000000000800115c                getRotaryPushButton
 .text.getRotaryPosition
                0x00000000080011a0       0x2c ./Src/RotaryPushButton.o
                0x00000000080011a0                getRotaryPosition
 .text.setRotaryPosition
                0x00000000080011cc       0x38 ./Src/RotaryPushButton.o
                0x00000000080011cc                setRotaryPosition
 .text.EXTI1_IRQHandler
                0x0000000008001204       0x50 ./Src/RotaryPushButton.o
                0x0000000008001204                EXTI1_IRQHandler
 .text.EXTI15_10_IRQHandler
                0x0000000008001254       0x34 ./Src/RotaryPushButton.o
                0x0000000008001254                EXTI15_10_IRQHandler
 .text.delayms  0x0000000008001288       0x1c ./Src/ST7735.o
                0x0000000008001288                delayms
 .text.tftSPISenddata
                0x00000000080012a4       0x28 ./Src/ST7735.o
                0x00000000080012a4                tftSPISenddata
 .text.tftSendCmd
                0x00000000080012cc       0x28 ./Src/ST7735.o
                0x00000000080012cc                tftSendCmd
 .text.tftSendData
                0x00000000080012f4       0x28 ./Src/ST7735.o
                0x00000000080012f4                tftSendData
 .text.spiInit  0x000000000800131c       0xac ./Src/ST7735.o
                0x000000000800131c                spiInit
 .text.commandList
                0x00000000080013c8       0x90 ./Src/ST7735.o
 .text.commonInit
                0x0000000008001458       0x44 ./Src/ST7735.o
 .text.tftInitR
                0x000000000800149c       0x70 ./Src/ST7735.o
                0x000000000800149c                tftInitR
 .text.tftSetAddrWindow
                0x000000000800150c       0xa0 ./Src/ST7735.o
                0x000000000800150c                tftSetAddrWindow
 .text.tftPushColor
                0x00000000080015ac       0x38 ./Src/ST7735.o
                0x00000000080015ac                tftPushColor
 .text.tftDrawPixel
                0x00000000080015e4       0x70 ./Src/ST7735.o
                0x00000000080015e4                tftDrawPixel
 .text.tftFillRect
                0x0000000008001654      0x10c ./Src/ST7735.o
                0x0000000008001654                tftFillRect
 .text.tftDrawFastVLine
                0x0000000008001760       0xc0 ./Src/ST7735.o
                0x0000000008001760                tftDrawFastVLine
 .text.tftSetFont
                0x0000000008001820       0x44 ./Src/ST7735.o
                0x0000000008001820                tftSetFont
 .text.tftPrintChar
                0x0000000008001864      0x1f0 ./Src/ST7735.o
                0x0000000008001864                tftPrintChar
 *fill*         0x0000000008001a54        0x4 
 .text.tftRotateChar
                0x0000000008001a58      0x278 ./Src/ST7735.o
                0x0000000008001a58                tftRotateChar
 .text.tftPrint
                0x0000000008001cd0      0x134 ./Src/ST7735.o
                0x0000000008001cd0                tftPrint
 .text.tftPrintColor
                0x0000000008001e04       0x38 ./Src/ST7735.o
                0x0000000008001e04                tftPrintColor
 .text.tftFillScreen
                0x0000000008001e3c       0x34 ./Src/ST7735.o
                0x0000000008001e3c                tftFillScreen
 .text.tftSetRotation
                0x0000000008001e70       0xa0 ./Src/ST7735.o
                0x0000000008001e70                tftSetRotation
 .text.tftGetWidth
                0x0000000008001f10       0x18 ./Src/ST7735.o
                0x0000000008001f10                tftGetWidth
 .text.tftGetHeight
                0x0000000008001f28       0x18 ./Src/ST7735.o
                0x0000000008001f28                tftGetHeight
 .text.i2cActivate
                0x0000000008001f40       0x78 ./Src/graphics.o
                0x0000000008001f40                i2cActivate
 .text.ledActivate
                0x0000000008001fb8       0x84 ./Src/graphics.o
                0x0000000008001fb8                ledActivate
 .text.BALOsetup
                0x000000000800203c       0x10 ./Src/graphics.o
                0x000000000800203c                BALOsetup
 .text.OSZIinit
                0x000000000800204c       0x56 ./Src/graphics.o
                0x000000000800204c                OSZIinit
 *fill*         0x00000000080020a2        0x2 
 .text.OSZIrun  0x00000000080020a4      0x200 ./Src/graphics.o
                0x00000000080020a4                OSZIrun
 *fill*         0x00000000080022a4        0x4 
 .text.main     0x00000000080022a8      0x2fc ./Src/main.o
                0x00000000080022a8                main
 .text.PIDget   0x00000000080025a4       0x16 ./Src/regler.o
                0x00000000080025a4                PIDget
 .text.PIDclear
                0x00000000080025ba       0x24 ./Src/regler.o
                0x00000000080025ba                PIDclear
 .text.PIDset   0x00000000080025de       0x46 ./Src/regler.o
                0x00000000080025de                PIDset
 .text.PIDinit  0x0000000008002624       0x3e ./Src/regler.o
                0x0000000008002624                PIDinit
 .text.PIDrun   0x0000000008002662       0xaa ./Src/regler.o
                0x0000000008002662                PIDrun
 .text.Reset_Handler
                0x000000000800270c       0x50 ./Startup/startup_stm32f401retx.o
                0x000000000800270c                Reset_Handler
 .text.Default_Handler
                0x000000000800275c        0x2 ./Startup/startup_stm32f401retx.o
                0x000000000800275c                EXTI2_IRQHandler
                0x000000000800275c                DebugMon_Handler
                0x000000000800275c                SPI4_IRQHandler
                0x000000000800275c                TIM1_CC_IRQHandler
                0x000000000800275c                DMA2_Stream5_IRQHandler
                0x000000000800275c                HardFault_Handler
                0x000000000800275c                DMA1_Stream5_IRQHandler
                0x000000000800275c                SDIO_IRQHandler
                0x000000000800275c                TAMP_STAMP_IRQHandler
                0x000000000800275c                PendSV_Handler
                0x000000000800275c                NMI_Handler
                0x000000000800275c                EXTI3_IRQHandler
                0x000000000800275c                TIM1_UP_TIM10_IRQHandler
                0x000000000800275c                I2C3_ER_IRQHandler
                0x000000000800275c                EXTI18_OTG_FS_WKUP_IRQHandler
                0x000000000800275c                EXTI0_IRQHandler
                0x000000000800275c                I2C2_EV_IRQHandler
                0x000000000800275c                DMA1_Stream2_IRQHandler
                0x000000000800275c                UsageFault_Handler
                0x000000000800275c                DMA2_Stream2_IRQHandler
                0x000000000800275c                SPI1_IRQHandler
                0x000000000800275c                TIM1_BRK_TIM9_IRQHandler
                0x000000000800275c                DMA2_Stream3_IRQHandler
                0x000000000800275c                USART6_IRQHandler
                0x000000000800275c                DMA2_Stream0_IRQHandler
                0x000000000800275c                TIM4_IRQHandler
                0x000000000800275c                I2C1_EV_IRQHandler
                0x000000000800275c                DMA1_Stream6_IRQHandler
                0x000000000800275c                DMA1_Stream1_IRQHandler
                0x000000000800275c                TIM3_IRQHandler
                0x000000000800275c                RCC_IRQHandler
                0x000000000800275c                Default_Handler
                0x000000000800275c                ADC_IRQHandler
                0x000000000800275c                DMA1_Stream7_IRQHandler
                0x000000000800275c                TIM5_IRQHandler
                0x000000000800275c                DMA2_Stream7_IRQHandler
                0x000000000800275c                I2C3_EV_IRQHandler
                0x000000000800275c                EXTI9_5_IRQHandler
                0x000000000800275c                SPI2_IRQHandler
                0x000000000800275c                MemManage_Handler
                0x000000000800275c                DMA1_Stream0_IRQHandler
                0x000000000800275c                SVC_Handler
                0x000000000800275c                EXTI4_IRQHandler
                0x000000000800275c                EXTI22_RTC_WKUP_IRQHandler
                0x000000000800275c                TIM2_IRQHandler
                0x000000000800275c                EXTI16_PVD_IRQHandler
                0x000000000800275c                TIM1_TRG_COM_TIM11_IRQHandler
                0x000000000800275c                EXTI17_RTC_Alarm_IRQHandler
                0x000000000800275c                USART2_IRQHandler
                0x000000000800275c                I2C2_ER_IRQHandler
                0x000000000800275c                DMA2_Stream1_IRQHandler
                0x000000000800275c                FLASH_IRQHandler
                0x000000000800275c                DMA2_Stream4_IRQHandler
                0x000000000800275c                BusFault_Handler
                0x000000000800275c                USART1_IRQHandler
                0x000000000800275c                OTG_FS_IRQHandler
                0x000000000800275c                SPI3_IRQHandler
                0x000000000800275c                DMA1_Stream4_IRQHandler
                0x000000000800275c                I2C1_ER_IRQHandler
                0x000000000800275c                DMA2_Stream6_IRQHandler
                0x000000000800275c                DMA1_Stream3_IRQHandler
 .text.extiVerifyIrqNum
                0x000000000800275e       0xa0 D:\GITHUB\SMT32F4\EDS_2024\MCAL\Debug\libMCAL.a(mcalEXTI.o)
                0x000000000800275e                extiVerifyIrqNum
 .text.extiVerifyTrigger
                0x00000000080027fe       0x2e D:\GITHUB\SMT32F4\EDS_2024\MCAL\Debug\libMCAL.a(mcalEXTI.o)
                0x00000000080027fe                extiVerifyTrigger
 .text.extiInit
                0x000000000800282c       0x38 D:\GITHUB\SMT32F4\EDS_2024\MCAL\Debug\libMCAL.a(mcalEXTI.o)
                0x000000000800282c                extiInit
 .text.extiConfigIrq
                0x0000000008002864      0x168 D:\GITHUB\SMT32F4\EDS_2024\MCAL\Debug\libMCAL.a(mcalEXTI.o)
                0x0000000008002864                extiConfigIrq
 .text.extiEnableIrq
                0x00000000080029cc       0x44 D:\GITHUB\SMT32F4\EDS_2024\MCAL\Debug\libMCAL.a(mcalEXTI.o)
                0x00000000080029cc                extiEnableIrq
 .text.extiSetTriggerEdge
                0x0000000008002a10       0xe0 D:\GITHUB\SMT32F4\EDS_2024\MCAL\Debug\libMCAL.a(mcalEXTI.o)
                0x0000000008002a10                extiSetTriggerEdge
 .text.gpioVerifyPort
                0x0000000008002af0       0x64 D:\GITHUB\SMT32F4\EDS_2024\MCAL\Debug\libMCAL.a(mcalGPIO.o)
                0x0000000008002af0                gpioVerifyPort
 .text.gpioVerifyPin
                0x0000000008002b54       0x7c D:\GITHUB\SMT32F4\EDS_2024\MCAL\Debug\libMCAL.a(mcalGPIO.o)
                0x0000000008002b54                gpioVerifyPin
 .text.gpioVerifyAltFunc
                0x0000000008002bd0       0x7c D:\GITHUB\SMT32F4\EDS_2024\MCAL\Debug\libMCAL.a(mcalGPIO.o)
                0x0000000008002bd0                gpioVerifyAltFunc
 .text.gpioVerifyPinMode
                0x0000000008002c4c       0x34 D:\GITHUB\SMT32F4\EDS_2024\MCAL\Debug\libMCAL.a(mcalGPIO.o)
                0x0000000008002c4c                gpioVerifyPinMode
 .text.gpioVerifyOutputType
                0x0000000008002c80       0x28 D:\GITHUB\SMT32F4\EDS_2024\MCAL\Debug\libMCAL.a(mcalGPIO.o)
                0x0000000008002c80                gpioVerifyOutputType
 .text.gpioVerifyPushPullMode
                0x0000000008002ca8       0x2e D:\GITHUB\SMT32F4\EDS_2024\MCAL\Debug\libMCAL.a(mcalGPIO.o)
                0x0000000008002ca8                gpioVerifyPushPullMode
 *fill*         0x0000000008002cd6        0x2 
 .text.gpioInitPort
                0x0000000008002cd8       0xc4 D:\GITHUB\SMT32F4\EDS_2024\MCAL\Debug\libMCAL.a(mcalGPIO.o)
                0x0000000008002cd8                gpioInitPort
 .text.gpioSelectPort
                0x0000000008002d9c       0xc8 D:\GITHUB\SMT32F4\EDS_2024\MCAL\Debug\libMCAL.a(mcalGPIO.o)
                0x0000000008002d9c                gpioSelectPort
 .text.gpioSelectPinMode
                0x0000000008002e64       0x96 D:\GITHUB\SMT32F4\EDS_2024\MCAL\Debug\libMCAL.a(mcalGPIO.o)
                0x0000000008002e64                gpioSelectPinMode
 .text.gpioSetPin
                0x0000000008002efa       0x56 D:\GITHUB\SMT32F4\EDS_2024\MCAL\Debug\libMCAL.a(mcalGPIO.o)
                0x0000000008002efa                gpioSetPin
 .text.gpioResetPin
                0x0000000008002f50       0x58 D:\GITHUB\SMT32F4\EDS_2024\MCAL\Debug\libMCAL.a(mcalGPIO.o)
                0x0000000008002f50                gpioResetPin
 .text.gpioSelectAltFunc
                0x0000000008002fa8       0xd2 D:\GITHUB\SMT32F4\EDS_2024\MCAL\Debug\libMCAL.a(mcalGPIO.o)
                0x0000000008002fa8                gpioSelectAltFunc
 .text.gpioSetOutputType
                0x000000000800307a       0x92 D:\GITHUB\SMT32F4\EDS_2024\MCAL\Debug\libMCAL.a(mcalGPIO.o)
                0x000000000800307a                gpioSetOutputType
 .text.gpioSelectPushPullMode
                0x000000000800310c       0xba D:\GITHUB\SMT32F4\EDS_2024\MCAL\Debug\libMCAL.a(mcalGPIO.o)
                0x000000000800310c                gpioSelectPushPullMode
 .text.gpioGetPinState
                0x00000000080031c6       0x38 D:\GITHUB\SMT32F4\EDS_2024\MCAL\Debug\libMCAL.a(mcalGPIO.o)
                0x00000000080031c6                gpioGetPinState
 .text.__i2c_start
                0x00000000080031fe       0x30 D:\GITHUB\SMT32F4\EDS_2024\MCAL\Debug\libMCAL.a(mcalI2C.o)
 .text.__i2c_dummy_read_SR1_SR2
                0x000000000800322e       0x3c D:\GITHUB\SMT32F4\EDS_2024\MCAL\Debug\libMCAL.a(mcalI2C.o)
 .text.i2cVerifyDutyCycle
                0x000000000800326a       0x28 D:\GITHUB\SMT32F4\EDS_2024\MCAL\Debug\libMCAL.a(mcalI2C.o)
 *fill*         0x0000000008003292        0x2 
 .text.i2cSelectI2C
                0x0000000008003294       0x68 D:\GITHUB\SMT32F4\EDS_2024\MCAL\Debug\libMCAL.a(mcalI2C.o)
                0x0000000008003294                i2cSelectI2C
 .text.i2cSetClkSpd
                0x00000000080032fc      0x108 D:\GITHUB\SMT32F4\EDS_2024\MCAL\Debug\libMCAL.a(mcalI2C.o)
                0x00000000080032fc                i2cSetClkSpd
 .text.i2cInitI2C
                0x0000000008003404       0x9c D:\GITHUB\SMT32F4\EDS_2024\MCAL\Debug\libMCAL.a(mcalI2C.o)
                0x0000000008003404                i2cInitI2C
 .text.i2cEnableDevice
                0x00000000080034a0       0x22 D:\GITHUB\SMT32F4\EDS_2024\MCAL\Debug\libMCAL.a(mcalI2C.o)
                0x00000000080034a0                i2cEnableDevice
 .text.i2cFindSlaveAddr
                0x00000000080034c2       0x5c D:\GITHUB\SMT32F4\EDS_2024\MCAL\Debug\libMCAL.a(mcalI2C.o)
                0x00000000080034c2                i2cFindSlaveAddr
 *fill*         0x000000000800351e        0x2 
 .text.rccGetSysClock
                0x0000000008003520      0x20c D:\GITHUB\SMT32F4\EDS_2024\MCAL\Debug\libMCAL.a(mcalRCC.o)
                0x0000000008003520                rccGetSysClock
 .text.rccGetHclkFreq
                0x000000000800372c       0x50 D:\GITHUB\SMT32F4\EDS_2024\MCAL\Debug\libMCAL.a(mcalRCC.o)
                0x000000000800372c                rccGetHclkFreq
 .text.rccGetPclk1Freq
                0x000000000800377c       0x44 D:\GITHUB\SMT32F4\EDS_2024\MCAL\Debug\libMCAL.a(mcalRCC.o)
                0x000000000800377c                rccGetPclk1Freq
 .text.__spi_Chk_TX_empty
                0x00000000080037c0       0x36 D:\GITHUB\SMT32F4\EDS_2024\MCAL\Debug\libMCAL.a(mcalSPI.o)
 .text.__spi_Chk_notBSY
                0x00000000080037f6       0x24 D:\GITHUB\SMT32F4\EDS_2024\MCAL\Debug\libMCAL.a(mcalSPI.o)
 *fill*         0x000000000800381a        0x2 
 .text.spiVerifySPI
                0x000000000800381c       0x4c D:\GITHUB\SMT32F4\EDS_2024\MCAL\Debug\libMCAL.a(mcalSPI.o)
 .text.spiVerifyClkDivider
                0x0000000008003868       0x4c D:\GITHUB\SMT32F4\EDS_2024\MCAL\Debug\libMCAL.a(mcalSPI.o)
 .text.spiVerifySSM
                0x00000000080038b4       0x28 D:\GITHUB\SMT32F4\EDS_2024\MCAL\Debug\libMCAL.a(mcalSPI.o)
 .text.spiVerifyOpMode
                0x00000000080038dc       0x28 D:\GITHUB\SMT32F4\EDS_2024\MCAL\Debug\libMCAL.a(mcalSPI.o)
 .text.spiVerifyPhase
                0x0000000008003904       0x28 D:\GITHUB\SMT32F4\EDS_2024\MCAL\Debug\libMCAL.a(mcalSPI.o)
 .text.spiVerifyIdlePolarity
                0x000000000800392c       0x28 D:\GITHUB\SMT32F4\EDS_2024\MCAL\Debug\libMCAL.a(mcalSPI.o)
 .text.spiInitSPI
                0x0000000008003954      0x1dc D:\GITHUB\SMT32F4\EDS_2024\MCAL\Debug\libMCAL.a(mcalSPI.o)
                0x0000000008003954                spiInitSPI
 .text.spiSelectSPI
                0x0000000008003b30       0x80 D:\GITHUB\SMT32F4\EDS_2024\MCAL\Debug\libMCAL.a(mcalSPI.o)
                0x0000000008003b30                spiSelectSPI
 .text.spiEnableSPI
                0x0000000008003bb0       0x36 D:\GITHUB\SMT32F4\EDS_2024\MCAL\Debug\libMCAL.a(mcalSPI.o)
                0x0000000008003bb0                spiEnableSPI
 .text.spiWriteByte
                0x0000000008003be6       0x66 D:\GITHUB\SMT32F4\EDS_2024\MCAL\Debug\libMCAL.a(mcalSPI.o)
                0x0000000008003be6                spiWriteByte
 .text.__NVIC_SetPriority
                0x0000000008003c4c       0x54 D:\GITHUB\SMT32F4\EDS_2024\MCAL\Debug\libMCAL.a(mcalSysTick.o)
 .text.SysTick_Config
                0x0000000008003ca0       0x44 D:\GITHUB\SMT32F4\EDS_2024\MCAL\Debug\libMCAL.a(mcalSysTick.o)
 .text.systickSetMillis
                0x0000000008003ce4       0x1c D:\GITHUB\SMT32F4\EDS_2024\MCAL\Debug\libMCAL.a(mcalSysTick.o)
                0x0000000008003ce4                systickSetMillis
 .text.systickInit
                0x0000000008003d00       0x28 D:\GITHUB\SMT32F4\EDS_2024\MCAL\Debug\libMCAL.a(mcalSysTick.o)
                0x0000000008003d00                systickInit
 .text.systickSetTicktime
                0x0000000008003d28       0x1c D:\GITHUB\SMT32F4\EDS_2024\MCAL\Debug\libMCAL.a(mcalSysTick.o)
                0x0000000008003d28                systickSetTicktime
 .text.isSystickExpired
                0x0000000008003d44       0x24 D:\GITHUB\SMT32F4\EDS_2024\MCAL\Debug\libMCAL.a(mcalSysTick.o)
                0x0000000008003d44                isSystickExpired
 .text.SysTick_Handler
                0x0000000008003d68       0x18 D:\GITHUB\SMT32F4\EDS_2024\MCAL\Debug\libMCAL.a(mcalSysTick.o)
                0x0000000008003d68                SysTick_Handler
 .text.systickUpdateTimer
                0x0000000008003d80       0x30 D:\GITHUB\SMT32F4\EDS_2024\MCAL\Debug\libMCAL.a(mcalSysTick.o)
                0x0000000008003d80                systickUpdateTimer
 .text.systickUpdateTimerList
                0x0000000008003db0       0x54 D:\GITHUB\SMT32F4\EDS_2024\MCAL\Debug\libMCAL.a(mcalSysTick.o)
                0x0000000008003db0                systickUpdateTimerList
 .text.systickDelay
                0x0000000008003e04       0x48 D:\GITHUB\SMT32F4\EDS_2024\MCAL\Debug\libMCAL.a(mcalSysTick.o)
                0x0000000008003e04                systickDelay
 .text.SystemInit
                0x0000000008003e4c       0x24 D:\GITHUB\SMT32F4\EDS_2024\CMSIS\Debug\libCMSIS.a(system_stm32f4xx.o)
                0x0000000008003e4c                SystemInit
 .text.SystemCoreClockUpdate
                0x0000000008003e70      0x100 D:\GITHUB\SMT32F4\EDS_2024\CMSIS\Debug\libCMSIS.a(system_stm32f4xx.o)
                0x0000000008003e70                SystemCoreClockUpdate
 .text.__libc_init_array
                0x0000000008003f70       0x48 c:/st/stm32cubeide_1.12.0/stm32cubeide/plugins/com.st.stm32cube.ide.mcu.externaltools.gnu-tools-for-stm32.10.3-2021.10.win32_1.0.200.202301161003/tools/bin/../lib/gcc/arm-none-eabi/10.3.1/../../../../arm-none-eabi/lib/thumb/v7e-m+fp/hard\libc_nano.a(lib_a-init.o)
                0x0000000008003f70                __libc_init_array
 .text.memset   0x0000000008003fb8       0x10 c:/st/stm32cubeide_1.12.0/stm32cubeide/plugins/com.st.stm32cube.ide.mcu.externaltools.gnu-tools-for-stm32.10.3-2021.10.win32_1.0.200.202301161003/tools/bin/../lib/gcc/arm-none-eabi/10.3.1/../../../../arm-none-eabi/lib/thumb/v7e-m+fp/hard\libc_nano.a(lib_a-memset.o)
                0x0000000008003fb8                memset
 .text.__cvt    0x0000000008003fc8       0xc4 c:/st/stm32cubeide_1.12.0/stm32cubeide/plugins/com.st.stm32cube.ide.mcu.externaltools.gnu-tools-for-stm32.10.3-2021.10.win32_1.0.200.202301161003/tools/bin/../lib/gcc/arm-none-eabi/10.3.1/../../../../arm-none-eabi/lib/thumb/v7e-m+fp/hard\libc_nano.a(lib_a-nano-vfprintf_float.o)
                0x0000000008003fc8                __cvt
 .text.__exponent
                0x000000000800408c       0x7c c:/st/stm32cubeide_1.12.0/stm32cubeide/plugins/com.st.stm32cube.ide.mcu.externaltools.gnu-tools-for-stm32.10.3-2021.10.win32_1.0.200.202301161003/tools/bin/../lib/gcc/arm-none-eabi/10.3.1/../../../../arm-none-eabi/lib/thumb/v7e-m+fp/hard\libc_nano.a(lib_a-nano-vfprintf_float.o)
                0x000000000800408c                __exponent
 .text._printf_float
                0x0000000008004108      0x46c c:/st/stm32cubeide_1.12.0/stm32cubeide/plugins/com.st.stm32cube.ide.mcu.externaltools.gnu-tools-for-stm32.10.3-2021.10.win32_1.0.200.202301161003/tools/bin/../lib/gcc/arm-none-eabi/10.3.1/../../../../arm-none-eabi/lib/thumb/v7e-m+fp/hard\libc_nano.a(lib_a-nano-vfprintf_float.o)
                0x0000000008004108                _printf_float
 .text._printf_common
                0x0000000008004574       0xda c:/st/stm32cubeide_1.12.0/stm32cubeide/plugins/com.st.stm32cube.ide.mcu.externaltools.gnu-tools-for-stm32.10.3-2021.10.win32_1.0.200.202301161003/tools/bin/../lib/gcc/arm-none-eabi/10.3.1/../../../../arm-none-eabi/lib/thumb/v7e-m+fp/hard\libc_nano.a(lib_a-nano-vfprintf_i.o)
                0x0000000008004574                _printf_common
 *fill*         0x000000000800464e        0x2 
 .text._printf_i
                0x0000000008004650      0x24c c:/st/stm32cubeide_1.12.0/stm32cubeide/plugins/com.st.stm32cube.ide.mcu.externaltools.gnu-tools-for-stm32.10.3-2021.10.win32_1.0.200.202301161003/tools/bin/../lib/gcc/arm-none-eabi/10.3.1/../../../../arm-none-eabi/lib/thumb/v7e-m+fp/hard\libc_nano.a(lib_a-nano-vfprintf_i.o)
                0x0000000008004650                _printf_i
 .text.sprintf  0x000000000800489c       0x40 c:/st/stm32cubeide_1.12.0/stm32cubeide/plugins/com.st.stm32cube.ide.mcu.externaltools.gnu-tools-for-stm32.10.3-2021.10.win32_1.0.200.202301161003/tools/bin/../lib/gcc/arm-none-eabi/10.3.1/../../../../arm-none-eabi/lib/thumb/v7e-m+fp/hard\libc_nano.a(lib_a-sprintf.o)
                0x000000000800489c                siprintf
                0x000000000800489c                sprintf
 .text.quorem   0x00000000080048dc      0x116 c:/st/stm32cubeide_1.12.0/stm32cubeide/plugins/com.st.stm32cube.ide.mcu.externaltools.gnu-tools-for-stm32.10.3-2021.10.win32_1.0.200.202301161003/tools/bin/../lib/gcc/arm-none-eabi/10.3.1/../../../../arm-none-eabi/lib/thumb/v7e-m+fp/hard\libc_nano.a(lib_a-dtoa.o)
 *fill*         0x00000000080049f2        0x6 
 .text._dtoa_r  0x00000000080049f8      0xbdc c:/st/stm32cubeide_1.12.0/stm32cubeide/plugins/com.st.stm32cube.ide.mcu.externaltools.gnu-tools-for-stm32.10.3-2021.10.win32_1.0.200.202301161003/tools/bin/../lib/gcc/arm-none-eabi/10.3.1/../../../../arm-none-eabi/lib/thumb/v7e-m+fp/hard\libc_nano.a(lib_a-dtoa.o)
                0x00000000080049f8                _dtoa_r
 .text._localeconv_r
                0x00000000080055d4        0x8 c:/st/stm32cubeide_1.12.0/stm32cubeide/plugins/com.st.stm32cube.ide.mcu.externaltools.gnu-tools-for-stm32.10.3-2021.10.win32_1.0.200.202301161003/tools/bin/../lib/gcc/arm-none-eabi/10.3.1/../../../../arm-none-eabi/lib/thumb/v7e-m+fp/hard\libc_nano.a(lib_a-localeconv.o)
                0x00000000080055d4                _localeconv_r
 .text.malloc   0x00000000080055dc       0x10 c:/st/stm32cubeide_1.12.0/stm32cubeide/plugins/com.st.stm32cube.ide.mcu.externaltools.gnu-tools-for-stm32.10.3-2021.10.win32_1.0.200.202301161003/tools/bin/../lib/gcc/arm-none-eabi/10.3.1/../../../../arm-none-eabi/lib/thumb/v7e-m+fp/hard\libc_nano.a(lib_a-malloc.o)
                0x00000000080055dc                malloc
 .text.memcpy   0x00000000080055ec       0x1c c:/st/stm32cubeide_1.12.0/stm32cubeide/plugins/com.st.stm32cube.ide.mcu.externaltools.gnu-tools-for-stm32.10.3-2021.10.win32_1.0.200.202301161003/tools/bin/../lib/gcc/arm-none-eabi/10.3.1/../../../../arm-none-eabi/lib/thumb/v7e-m+fp/hard\libc_nano.a(lib_a-memcpy-stub.o)
                0x00000000080055ec                memcpy
 .text._Balloc  0x0000000008005608       0x80 c:/st/stm32cubeide_1.12.0/stm32cubeide/plugins/com.st.stm32cube.ide.mcu.externaltools.gnu-tools-for-stm32.10.3-2021.10.win32_1.0.200.202301161003/tools/bin/../lib/gcc/arm-none-eabi/10.3.1/../../../../arm-none-eabi/lib/thumb/v7e-m+fp/hard\libc_nano.a(lib_a-mprec.o)
                0x0000000008005608                _Balloc
 .text._Bfree   0x0000000008005688       0x44 c:/st/stm32cubeide_1.12.0/stm32cubeide/plugins/com.st.stm32cube.ide.mcu.externaltools.gnu-tools-for-stm32.10.3-2021.10.win32_1.0.200.202301161003/tools/bin/../lib/gcc/arm-none-eabi/10.3.1/../../../../arm-none-eabi/lib/thumb/v7e-m+fp/hard\libc_nano.a(lib_a-mprec.o)
                0x0000000008005688                _Bfree
 .text.__multadd
                0x00000000080056cc       0x8c c:/st/stm32cubeide_1.12.0/stm32cubeide/plugins/com.st.stm32cube.ide.mcu.externaltools.gnu-tools-for-stm32.10.3-2021.10.win32_1.0.200.202301161003/tools/bin/../lib/gcc/arm-none-eabi/10.3.1/../../../../arm-none-eabi/lib/thumb/v7e-m+fp/hard\libc_nano.a(lib_a-mprec.o)
                0x00000000080056cc                __multadd
 .text.__hi0bits
                0x0000000008005758       0x40 c:/st/stm32cubeide_1.12.0/stm32cubeide/plugins/com.st.stm32cube.ide.mcu.externaltools.gnu-tools-for-stm32.10.3-2021.10.win32_1.0.200.202301161003/tools/bin/../lib/gcc/arm-none-eabi/10.3.1/../../../../arm-none-eabi/lib/thumb/v7e-m+fp/hard\libc_nano.a(lib_a-mprec.o)
                0x0000000008005758                __hi0bits
 .text.__lo0bits
                0x0000000008005798       0x5e c:/st/stm32cubeide_1.12.0/stm32cubeide/plugins/com.st.stm32cube.ide.mcu.externaltools.gnu-tools-for-stm32.10.3-2021.10.win32_1.0.200.202301161003/tools/bin/../lib/gcc/arm-none-eabi/10.3.1/../../../../arm-none-eabi/lib/thumb/v7e-m+fp/hard\libc_nano.a(lib_a-mprec.o)
                0x0000000008005798                __lo0bits
 *fill*         0x00000000080057f6        0x2 
 .text.__i2b    0x00000000080057f8       0x2c c:/st/stm32cubeide_1.12.0/stm32cubeide/plugins/com.st.stm32cube.ide.mcu.externaltools.gnu-tools-for-stm32.10.3-2021.10.win32_1.0.200.202301161003/tools/bin/../lib/gcc/arm-none-eabi/10.3.1/../../../../arm-none-eabi/lib/thumb/v7e-m+fp/hard\libc_nano.a(lib_a-mprec.o)
                0x00000000080057f8                __i2b
 .text.__multiply
                0x0000000008005824      0x154 c:/st/stm32cubeide_1.12.0/stm32cubeide/plugins/com.st.stm32cube.ide.mcu.externaltools.gnu-tools-for-stm32.10.3-2021.10.win32_1.0.200.202301161003/tools/bin/../lib/gcc/arm-none-eabi/10.3.1/../../../../arm-none-eabi/lib/thumb/v7e-m+fp/hard\libc_nano.a(lib_a-mprec.o)
                0x0000000008005824                __multiply
 .text.__pow5mult
                0x0000000008005978       0xb4 c:/st/stm32cubeide_1.12.0/stm32cubeide/plugins/com.st.stm32cube.ide.mcu.externaltools.gnu-tools-for-stm32.10.3-2021.10.win32_1.0.200.202301161003/tools/bin/../lib/gcc/arm-none-eabi/10.3.1/../../../../arm-none-eabi/lib/thumb/v7e-m+fp/hard\libc_nano.a(lib_a-mprec.o)
                0x0000000008005978                __pow5mult
 .text.__lshift
                0x0000000008005a2c       0xe0 c:/st/stm32cubeide_1.12.0/stm32cubeide/plugins/com.st.stm32cube.ide.mcu.externaltools.gnu-tools-for-stm32.10.3-2021.10.win32_1.0.200.202301161003/tools/bin/../lib/gcc/arm-none-eabi/10.3.1/../../../../arm-none-eabi/lib/thumb/v7e-m+fp/hard\libc_nano.a(lib_a-mprec.o)
                0x0000000008005a2c                __lshift
 .text.__mcmp   0x0000000008005b0c       0x38 c:/st/stm32cubeide_1.12.0/stm32cubeide/plugins/com.st.stm32cube.ide.mcu.externaltools.gnu-tools-for-stm32.10.3-2021.10.win32_1.0.200.202301161003/tools/bin/../lib/gcc/arm-none-eabi/10.3.1/../../../../arm-none-eabi/lib/thumb/v7e-m+fp/hard\libc_nano.a(lib_a-mprec.o)
                0x0000000008005b0c                __mcmp
 .text.__mdiff  0x0000000008005b44      0x114 c:/st/stm32cubeide_1.12.0/stm32cubeide/plugins/com.st.stm32cube.ide.mcu.externaltools.gnu-tools-for-stm32.10.3-2021.10.win32_1.0.200.202301161003/tools/bin/../lib/gcc/arm-none-eabi/10.3.1/../../../../arm-none-eabi/lib/thumb/v7e-m+fp/hard\libc_nano.a(lib_a-mprec.o)
                0x0000000008005b44                __mdiff
 .text.__d2b    0x0000000008005c58       0xb8 c:/st/stm32cubeide_1.12.0/stm32cubeide/plugins/com.st.stm32cube.ide.mcu.externaltools.gnu-tools-for-stm32.10.3-2021.10.win32_1.0.200.202301161003/tools/bin/../lib/gcc/arm-none-eabi/10.3.1/../../../../arm-none-eabi/lib/thumb/v7e-m+fp/hard\libc_nano.a(lib_a-mprec.o)
                0x0000000008005c58                __d2b
 .text._calloc_r
                0x0000000008005d10       0x2c c:/st/stm32cubeide_1.12.0/stm32cubeide/plugins/com.st.stm32cube.ide.mcu.externaltools.gnu-tools-for-stm32.10.3-2021.10.win32_1.0.200.202301161003/tools/bin/../lib/gcc/arm-none-eabi/10.3.1/../../../../arm-none-eabi/lib/thumb/v7e-m+fp/hard\libc_nano.a(lib_a-nano-callocr.o)
                0x0000000008005d10                _calloc_r
 .text._free_r  0x0000000008005d3c       0x98 c:/st/stm32cubeide_1.12.0/stm32cubeide/plugins/com.st.stm32cube.ide.mcu.externaltools.gnu-tools-for-stm32.10.3-2021.10.win32_1.0.200.202301161003/tools/bin/../lib/gcc/arm-none-eabi/10.3.1/../../../../arm-none-eabi/lib/thumb/v7e-m+fp/hard\libc_nano.a(lib_a-nano-freer.o)
                0x0000000008005d3c                _free_r
 .text.sbrk_aligned
                0x0000000008005dd4       0x40 c:/st/stm32cubeide_1.12.0/stm32cubeide/plugins/com.st.stm32cube.ide.mcu.externaltools.gnu-tools-for-stm32.10.3-2021.10.win32_1.0.200.202301161003/tools/bin/../lib/gcc/arm-none-eabi/10.3.1/../../../../arm-none-eabi/lib/thumb/v7e-m+fp/hard\libc_nano.a(lib_a-nano-mallocr.o)
 .text._malloc_r
                0x0000000008005e14       0xe8 c:/st/stm32cubeide_1.12.0/stm32cubeide/plugins/com.st.stm32cube.ide.mcu.externaltools.gnu-tools-for-stm32.10.3-2021.10.win32_1.0.200.202301161003/tools/bin/../lib/gcc/arm-none-eabi/10.3.1/../../../../arm-none-eabi/lib/thumb/v7e-m+fp/hard\libc_nano.a(lib_a-nano-mallocr.o)
                0x0000000008005e14                _malloc_r
 .text.__ssputs_r
                0x0000000008005efc       0xb6 c:/st/stm32cubeide_1.12.0/stm32cubeide/plugins/com.st.stm32cube.ide.mcu.externaltools.gnu-tools-for-stm32.10.3-2021.10.win32_1.0.200.202301161003/tools/bin/../lib/gcc/arm-none-eabi/10.3.1/../../../../arm-none-eabi/lib/thumb/v7e-m+fp/hard\libc_nano.a(lib_a-nano-svfprintf.o)
                0x0000000008005efc                __ssputs_r
 *fill*         0x0000000008005fb2        0x2 
 .text._svfprintf_r
                0x0000000008005fb4      0x200 c:/st/stm32cubeide_1.12.0/stm32cubeide/plugins/com.st.stm32cube.ide.mcu.externaltools.gnu-tools-for-stm32.10.3-2021.10.win32_1.0.200.202301161003/tools/bin/../lib/gcc/arm-none-eabi/10.3.1/../../../../arm-none-eabi/lib/thumb/v7e-m+fp/hard\libc_nano.a(lib_a-nano-svfprintf.o)
                0x0000000008005fb4                _svfiprintf_r
                0x0000000008005fb4                _svfprintf_r
 .text._sbrk_r  0x00000000080061b4       0x20 c:/st/stm32cubeide_1.12.0/stm32cubeide/plugins/com.st.stm32cube.ide.mcu.externaltools.gnu-tools-for-stm32.10.3-2021.10.win32_1.0.200.202301161003/tools/bin/../lib/gcc/arm-none-eabi/10.3.1/../../../../arm-none-eabi/lib/thumb/v7e-m+fp/hard\libc_nano.a(lib_a-sbrkr.o)
                0x00000000080061b4                _sbrk_r
 .text.__assert_func
                0x00000000080061d4       0x3c c:/st/stm32cubeide_1.12.0/stm32cubeide/plugins/com.st.stm32cube.ide.mcu.externaltools.gnu-tools-for-stm32.10.3-2021.10.win32_1.0.200.202301161003/tools/bin/../lib/gcc/arm-none-eabi/10.3.1/../../../../arm-none-eabi/lib/thumb/v7e-m+fp/hard\libc_nano.a(lib_a-assert.o)
                0x00000000080061d4                __assert_func
 .text.fprintf  0x0000000008006210       0x24 c:/st/stm32cubeide_1.12.0/stm32cubeide/plugins/com.st.stm32cube.ide.mcu.externaltools.gnu-tools-for-stm32.10.3-2021.10.win32_1.0.200.202301161003/tools/bin/../lib/gcc/arm-none-eabi/10.3.1/../../../../arm-none-eabi/lib/thumb/v7e-m+fp/hard\libc_nano.a(lib_a-fprintf.o)
                0x0000000008006210                fiprintf
                0x0000000008006210                fprintf
 .text.__ascii_mbtowc
                0x0000000008006234       0x24 c:/st/stm32cubeide_1.12.0/stm32cubeide/plugins/com.st.stm32cube.ide.mcu.externaltools.gnu-tools-for-stm32.10.3-2021.10.win32_1.0.200.202301161003/tools/bin/../lib/gcc/arm-none-eabi/10.3.1/../../../../arm-none-eabi/lib/thumb/v7e-m+fp/hard\libc_nano.a(lib_a-mbtowc_r.o)
                0x0000000008006234                __ascii_mbtowc
 .text.memmove  0x0000000008006258       0x34 c:/st/stm32cubeide_1.12.0/stm32cubeide/plugins/com.st.stm32cube.ide.mcu.externaltools.gnu-tools-for-stm32.10.3-2021.10.win32_1.0.200.202301161003/tools/bin/../lib/gcc/arm-none-eabi/10.3.1/../../../../arm-none-eabi/lib/thumb/v7e-m+fp/hard\libc_nano.a(lib_a-memmove.o)
                0x0000000008006258                memmove
 .text.__malloc_lock
                0x000000000800628c        0xc c:/st/stm32cubeide_1.12.0/stm32cubeide/plugins/com.st.stm32cube.ide.mcu.externaltools.gnu-tools-for-stm32.10.3-2021.10.win32_1.0.200.202301161003/tools/bin/../lib/gcc/arm-none-eabi/10.3.1/../../../../arm-none-eabi/lib/thumb/v7e-m+fp/hard\libc_nano.a(lib_a-mlock.o)
                0x000000000800628c                __malloc_lock
 .text.__malloc_unlock
                0x0000000008006298        0xc c:/st/stm32cubeide_1.12.0/stm32cubeide/plugins/com.st.stm32cube.ide.mcu.externaltools.gnu-tools-for-stm32.10.3-2021.10.win32_1.0.200.202301161003/tools/bin/../lib/gcc/arm-none-eabi/10.3.1/../../../../arm-none-eabi/lib/thumb/v7e-m+fp/hard\libc_nano.a(lib_a-mlock.o)
                0x0000000008006298                __malloc_unlock
 .text._realloc_r
                0x00000000080062a4       0x5e c:/st/stm32cubeide_1.12.0/stm32cubeide/plugins/com.st.stm32cube.ide.mcu.externaltools.gnu-tools-for-stm32.10.3-2021.10.win32_1.0.200.202301161003/tools/bin/../lib/gcc/arm-none-eabi/10.3.1/../../../../arm-none-eabi/lib/thumb/v7e-m+fp/hard\libc_nano.a(lib_a-nano-reallocr.o)
                0x00000000080062a4                _realloc_r
 .text.__sfputc_r
                0x0000000008006302       0x2e c:/st/stm32cubeide_1.12.0/stm32cubeide/plugins/com.st.stm32cube.ide.mcu.externaltools.gnu-tools-for-stm32.10.3-2021.10.win32_1.0.200.202301161003/tools/bin/../lib/gcc/arm-none-eabi/10.3.1/../../../../arm-none-eabi/lib/thumb/v7e-m+fp/hard\libc_nano.a(lib_a-nano-vfprintf.o)
 .text.__sfputs_r
                0x0000000008006330       0x24 c:/st/stm32cubeide_1.12.0/stm32cubeide/plugins/com.st.stm32cube.ide.mcu.externaltools.gnu-tools-for-stm32.10.3-2021.10.win32_1.0.200.202301161003/tools/bin/../lib/gcc/arm-none-eabi/10.3.1/../../../../arm-none-eabi/lib/thumb/v7e-m+fp/hard\libc_nano.a(lib_a-nano-vfprintf.o)
                0x0000000008006330                __sfputs_r
 .text._vfprintf_r
                0x0000000008006354      0x260 c:/st/stm32cubeide_1.12.0/stm32cubeide/plugins/com.st.stm32cube.ide.mcu.externaltools.gnu-tools-for-stm32.10.3-2021.10.win32_1.0.200.202301161003/tools/bin/../lib/gcc/arm-none-eabi/10.3.1/../../../../arm-none-eabi/lib/thumb/v7e-m+fp/hard\libc_nano.a(lib_a-nano-vfprintf.o)
                0x0000000008006354                _vfprintf_r
                0x0000000008006354                _vfiprintf_r
 .text.__swbuf_r
                0x00000000080065b4       0xa4 c:/st/stm32cubeide_1.12.0/stm32cubeide/plugins/com.st.stm32cube.ide.mcu.externaltools.gnu-tools-for-stm32.10.3-2021.10.win32_1.0.200.202301161003/tools/bin/../lib/gcc/arm-none-eabi/10.3.1/../../../../arm-none-eabi/lib/thumb/v7e-m+fp/hard\libc_nano.a(lib_a-wbuf.o)
                0x00000000080065b4                __swbuf_r
 .text.__ascii_wctomb
                0x0000000008006658       0x1a c:/st/stm32cubeide_1.12.0/stm32cubeide/plugins/com.st.stm32cube.ide.mcu.externaltools.gnu-tools-for-stm32.10.3-2021.10.win32_1.0.200.202301161003/tools/bin/../lib/gcc/arm-none-eabi/10.3.1/../../../../arm-none-eabi/lib/thumb/v7e-m+fp/hard\libc_nano.a(lib_a-wctomb_r.o)
                0x0000000008006658                __ascii_wctomb
 *fill*         0x0000000008006672        0x2 
 .text.__swsetup_r
                0x0000000008006674       0xdc c:/st/stm32cubeide_1.12.0/stm32cubeide/plugins/com.st.stm32cube.ide.mcu.externaltools.gnu-tools-for-stm32.10.3-2021.10.win32_1.0.200.202301161003/tools/bin/../lib/gcc/arm-none-eabi/10.3.1/../../../../arm-none-eabi/lib/thumb/v7e-m+fp/hard\libc_nano.a(lib_a-wsetup.o)
                0x0000000008006674                __swsetup_r
 .text.abort    0x0000000008006750        0xe c:/st/stm32cubeide_1.12.0/stm32cubeide/plugins/com.st.stm32cube.ide.mcu.externaltools.gnu-tools-for-stm32.10.3-2021.10.win32_1.0.200.202301161003/tools/bin/../lib/gcc/arm-none-eabi/10.3.1/../../../../arm-none-eabi/lib/thumb/v7e-m+fp/hard\libc_nano.a(lib_a-abort.o)
                0x0000000008006750                abort
 *fill*         0x000000000800675e        0x2 
 .text.__sflush_r
                0x0000000008006760      0x10c c:/st/stm32cubeide_1.12.0/stm32cubeide/plugins/com.st.stm32cube.ide.mcu.externaltools.gnu-tools-for-stm32.10.3-2021.10.win32_1.0.200.202301161003/tools/bin/../lib/gcc/arm-none-eabi/10.3.1/../../../../arm-none-eabi/lib/thumb/v7e-m+fp/hard\libc_nano.a(lib_a-fflush.o)
                0x0000000008006760                __sflush_r
 .text._fflush_r
                0x000000000800686c       0x78 c:/st/stm32cubeide_1.12.0/stm32cubeide/plugins/com.st.stm32cube.ide.mcu.externaltools.gnu-tools-for-stm32.10.3-2021.10.win32_1.0.200.202301161003/tools/bin/../lib/gcc/arm-none-eabi/10.3.1/../../../../arm-none-eabi/lib/thumb/v7e-m+fp/hard\libc_nano.a(lib_a-fflush.o)
                0x000000000800686c                _fflush_r
 .text.std      0x00000000080068e4       0x48 c:/st/stm32cubeide_1.12.0/stm32cubeide/plugins/com.st.stm32cube.ide.mcu.externaltools.gnu-tools-for-stm32.10.3-2021.10.win32_1.0.200.202301161003/tools/bin/../lib/gcc/arm-none-eabi/10.3.1/../../../../arm-none-eabi/lib/thumb/v7e-m+fp/hard\libc_nano.a(lib_a-findfp.o)
 .text._cleanup_r
                0x000000000800692c        0xc c:/st/stm32cubeide_1.12.0/stm32cubeide/plugins/com.st.stm32cube.ide.mcu.externaltools.gnu-tools-for-stm32.10.3-2021.10.win32_1.0.200.202301161003/tools/bin/../lib/gcc/arm-none-eabi/10.3.1/../../../../arm-none-eabi/lib/thumb/v7e-m+fp/hard\libc_nano.a(lib_a-findfp.o)
                0x000000000800692c                _cleanup_r
 .text.__sfmoreglue
                0x0000000008006938       0x2c c:/st/stm32cubeide_1.12.0/stm32cubeide/plugins/com.st.stm32cube.ide.mcu.externaltools.gnu-tools-for-stm32.10.3-2021.10.win32_1.0.200.202301161003/tools/bin/../lib/gcc/arm-none-eabi/10.3.1/../../../../arm-none-eabi/lib/thumb/v7e-m+fp/hard\libc_nano.a(lib_a-findfp.o)
                0x0000000008006938                __sfmoreglue
 .text.__sfp_lock_acquire
                0x0000000008006964        0xc c:/st/stm32cubeide_1.12.0/stm32cubeide/plugins/com.st.stm32cube.ide.mcu.externaltools.gnu-tools-for-stm32.10.3-2021.10.win32_1.0.200.202301161003/tools/bin/../lib/gcc/arm-none-eabi/10.3.1/../../../../arm-none-eabi/lib/thumb/v7e-m+fp/hard\libc_nano.a(lib_a-findfp.o)
                0x0000000008006964                __sfp_lock_acquire
 .text.__sfp_lock_release
                0x0000000008006970        0xc c:/st/stm32cubeide_1.12.0/stm32cubeide/plugins/com.st.stm32cube.ide.mcu.externaltools.gnu-tools-for-stm32.10.3-2021.10.win32_1.0.200.202301161003/tools/bin/../lib/gcc/arm-none-eabi/10.3.1/../../../../arm-none-eabi/lib/thumb/v7e-m+fp/hard\libc_nano.a(lib_a-findfp.o)
                0x0000000008006970                __sfp_lock_release
 .text.__sinit_lock_acquire
                0x000000000800697c        0xc c:/st/stm32cubeide_1.12.0/stm32cubeide/plugins/com.st.stm32cube.ide.mcu.externaltools.gnu-tools-for-stm32.10.3-2021.10.win32_1.0.200.202301161003/tools/bin/../lib/gcc/arm-none-eabi/10.3.1/../../../../arm-none-eabi/lib/thumb/v7e-m+fp/hard\libc_nano.a(lib_a-findfp.o)
                0x000000000800697c                __sinit_lock_acquire
 .text.__sinit_lock_release
                0x0000000008006988        0xc c:/st/stm32cubeide_1.12.0/stm32cubeide/plugins/com.st.stm32cube.ide.mcu.externaltools.gnu-tools-for-stm32.10.3-2021.10.win32_1.0.200.202301161003/tools/bin/../lib/gcc/arm-none-eabi/10.3.1/../../../../arm-none-eabi/lib/thumb/v7e-m+fp/hard\libc_nano.a(lib_a-findfp.o)
                0x0000000008006988                __sinit_lock_release
 .text.__sinit  0x0000000008006994       0x70 c:/st/stm32cubeide_1.12.0/stm32cubeide/plugins/com.st.stm32cube.ide.mcu.externaltools.gnu-tools-for-stm32.10.3-2021.10.win32_1.0.200.202301161003/tools/bin/../lib/gcc/arm-none-eabi/10.3.1/../../../../arm-none-eabi/lib/thumb/v7e-m+fp/hard\libc_nano.a(lib_a-findfp.o)
                0x0000000008006994                __sinit
 .text.__sfp    0x0000000008006a04       0x8c c:/st/stm32cubeide_1.12.0/stm32cubeide/plugins/com.st.stm32cube.ide.mcu.externaltools.gnu-tools-for-stm32.10.3-2021.10.win32_1.0.200.202301161003/tools/bin/../lib/gcc/arm-none-eabi/10.3.1/../../../../arm-none-eabi/lib/thumb/v7e-m+fp/hard\libc_nano.a(lib_a-findfp.o)
                0x0000000008006a04                __sfp
 .text._fwalk_reent
                0x0000000008006a90       0x3e c:/st/stm32cubeide_1.12.0/stm32cubeide/plugins/com.st.stm32cube.ide.mcu.externaltools.gnu-tools-for-stm32.10.3-2021.10.win32_1.0.200.202301161003/tools/bin/../lib/gcc/arm-none-eabi/10.3.1/../../../../arm-none-eabi/lib/thumb/v7e-m+fp/hard\libc_nano.a(lib_a-fwalk.o)
                0x0000000008006a90                _fwalk_reent
 .text.__retarget_lock_init_recursive
                0x0000000008006ace        0x2 c:/st/stm32cubeide_1.12.0/stm32cubeide/plugins/com.st.stm32cube.ide.mcu.externaltools.gnu-tools-for-stm32.10.3-2021.10.win32_1.0.200.202301161003/tools/bin/../lib/gcc/arm-none-eabi/10.3.1/../../../../arm-none-eabi/lib/thumb/v7e-m+fp/hard\libc_nano.a(lib_a-lock.o)
                0x0000000008006ace                __retarget_lock_init_recursive
 .text.__retarget_lock_acquire_recursive
                0x0000000008006ad0        0x2 c:/st/stm32cubeide_1.12.0/stm32cubeide/plugins/com.st.stm32cube.ide.mcu.externaltools.gnu-tools-for-stm32.10.3-2021.10.win32_1.0.200.202301161003/tools/bin/../lib/gcc/arm-none-eabi/10.3.1/../../../../arm-none-eabi/lib/thumb/v7e-m+fp/hard\libc_nano.a(lib_a-lock.o)
                0x0000000008006ad0                __retarget_lock_acquire_recursive
 .text.__retarget_lock_release_recursive
                0x0000000008006ad2        0x2 c:/st/stm32cubeide_1.12.0/stm32cubeide/plugins/com.st.stm32cube.ide.mcu.externaltools.gnu-tools-for-stm32.10.3-2021.10.win32_1.0.200.202301161003/tools/bin/../lib/gcc/arm-none-eabi/10.3.1/../../../../arm-none-eabi/lib/thumb/v7e-m+fp/hard\libc_nano.a(lib_a-lock.o)
                0x0000000008006ad2                __retarget_lock_release_recursive
 .text.__swhatbuf_r
                0x0000000008006ad4       0x4a c:/st/stm32cubeide_1.12.0/stm32cubeide/plugins/com.st.stm32cube.ide.mcu.externaltools.gnu-tools-for-stm32.10.3-2021.10.win32_1.0.200.202301161003/tools/bin/../lib/gcc/arm-none-eabi/10.3.1/../../../../arm-none-eabi/lib/thumb/v7e-m+fp/hard\libc_nano.a(lib_a-makebuf.o)
                0x0000000008006ad4                __swhatbuf_r
 *fill*         0x0000000008006b1e        0x2 
 .text.__smakebuf_r
                0x0000000008006b20       0x80 c:/st/stm32cubeide_1.12.0/stm32cubeide/plugins/com.st.stm32cube.ide.mcu.externaltools.gnu-tools-for-stm32.10.3-2021.10.win32_1.0.200.202301161003/tools/bin/../lib/gcc/arm-none-eabi/10.3.1/../../../../arm-none-eabi/lib/thumb/v7e-m+fp/hard\libc_nano.a(lib_a-makebuf.o)
                0x0000000008006b20                __smakebuf_r
 .text._malloc_usable_size_r
                0x0000000008006ba0       0x10 c:/st/stm32cubeide_1.12.0/stm32cubeide/plugins/com.st.stm32cube.ide.mcu.externaltools.gnu-tools-for-stm32.10.3-2021.10.win32_1.0.200.202301161003/tools/bin/../lib/gcc/arm-none-eabi/10.3.1/../../../../arm-none-eabi/lib/thumb/v7e-m+fp/hard\libc_nano.a(lib_a-nano-msizer.o)
                0x0000000008006ba0                _malloc_usable_size_r
 .text._raise_r
                0x0000000008006bb0       0x50 c:/st/stm32cubeide_1.12.0/stm32cubeide/plugins/com.st.stm32cube.ide.mcu.externaltools.gnu-tools-for-stm32.10.3-2021.10.win32_1.0.200.202301161003/tools/bin/../lib/gcc/arm-none-eabi/10.3.1/../../../../arm-none-eabi/lib/thumb/v7e-m+fp/hard\libc_nano.a(lib_a-signal.o)
                0x0000000008006bb0                _raise_r
 .text.raise    0x0000000008006c00       0x10 c:/st/stm32cubeide_1.12.0/stm32cubeide/plugins/com.st.stm32cube.ide.mcu.externaltools.gnu-tools-for-stm32.10.3-2021.10.win32_1.0.200.202301161003/tools/bin/../lib/gcc/arm-none-eabi/10.3.1/../../../../arm-none-eabi/lib/thumb/v7e-m+fp/hard\libc_nano.a(lib_a-signal.o)
                0x0000000008006c00                raise
 .text._kill_r  0x0000000008006c10       0x24 c:/st/stm32cubeide_1.12.0/stm32cubeide/plugins/com.st.stm32cube.ide.mcu.externaltools.gnu-tools-for-stm32.10.3-2021.10.win32_1.0.200.202301161003/tools/bin/../lib/gcc/arm-none-eabi/10.3.1/../../../../arm-none-eabi/lib/thumb/v7e-m+fp/hard\libc_nano.a(lib_a-signalr.o)
                0x0000000008006c10                _kill_r
 .text._getpid_r
                0x0000000008006c34        0x4 c:/st/stm32cubeide_1.12.0/stm32cubeide/plugins/com.st.stm32cube.ide.mcu.externaltools.gnu-tools-for-stm32.10.3-2021.10.win32_1.0.200.202301161003/tools/bin/../lib/gcc/arm-none-eabi/10.3.1/../../../../arm-none-eabi/lib/thumb/v7e-m+fp/hard\libc_nano.a(lib_a-signalr.o)
                0x0000000008006c34                _getpid_r
 .text.__sread  0x0000000008006c38       0x22 c:/st/stm32cubeide_1.12.0/stm32cubeide/plugins/com.st.stm32cube.ide.mcu.externaltools.gnu-tools-for-stm32.10.3-2021.10.win32_1.0.200.202301161003/tools/bin/../lib/gcc/arm-none-eabi/10.3.1/../../../../arm-none-eabi/lib/thumb/v7e-m+fp/hard\libc_nano.a(lib_a-stdio.o)
                0x0000000008006c38                __sread
 .text.__swrite
                0x0000000008006c5a       0x38 c:/st/stm32cubeide_1.12.0/stm32cubeide/plugins/com.st.stm32cube.ide.mcu.externaltools.gnu-tools-for-stm32.10.3-2021.10.win32_1.0.200.202301161003/tools/bin/../lib/gcc/arm-none-eabi/10.3.1/../../../../arm-none-eabi/lib/thumb/v7e-m+fp/hard\libc_nano.a(lib_a-stdio.o)
                0x0000000008006c5a                __swrite
 .text.__sseek  0x0000000008006c92       0x24 c:/st/stm32cubeide_1.12.0/stm32cubeide/plugins/com.st.stm32cube.ide.mcu.externaltools.gnu-tools-for-stm32.10.3-2021.10.win32_1.0.200.202301161003/tools/bin/../lib/gcc/arm-none-eabi/10.3.1/../../../../arm-none-eabi/lib/thumb/v7e-m+fp/hard\libc_nano.a(lib_a-stdio.o)
                0x0000000008006c92                __sseek
 .text.__sclose
                0x0000000008006cb6        0x8 c:/st/stm32cubeide_1.12.0/stm32cubeide/plugins/com.st.stm32cube.ide.mcu.externaltools.gnu-tools-for-stm32.10.3-2021.10.win32_1.0.200.202301161003/tools/bin/../lib/gcc/arm-none-eabi/10.3.1/../../../../arm-none-eabi/lib/thumb/v7e-m+fp/hard\libc_nano.a(lib_a-stdio.o)
                0x0000000008006cb6                __sclose
 *fill*         0x0000000008006cbe        0x2 
 .text._write_r
                0x0000000008006cc0       0x24 c:/st/stm32cubeide_1.12.0/stm32cubeide/plugins/com.st.stm32cube.ide.mcu.externaltools.gnu-tools-for-stm32.10.3-2021.10.win32_1.0.200.202301161003/tools/bin/../lib/gcc/arm-none-eabi/10.3.1/../../../../arm-none-eabi/lib/thumb/v7e-m+fp/hard\libc_nano.a(lib_a-writer.o)
                0x0000000008006cc0                _write_r
 .text._close_r
                0x0000000008006ce4       0x20 c:/st/stm32cubeide_1.12.0/stm32cubeide/plugins/com.st.stm32cube.ide.mcu.externaltools.gnu-tools-for-stm32.10.3-2021.10.win32_1.0.200.202301161003/tools/bin/../lib/gcc/arm-none-eabi/10.3.1/../../../../arm-none-eabi/lib/thumb/v7e-m+fp/hard\libc_nano.a(lib_a-closer.o)
                0x0000000008006ce4                _close_r
 .text._fstat_r
                0x0000000008006d04       0x24 c:/st/stm32cubeide_1.12.0/stm32cubeide/plugins/com.st.stm32cube.ide.mcu.externaltools.gnu-tools-for-stm32.10.3-2021.10.win32_1.0.200.202301161003/tools/bin/../lib/gcc/arm-none-eabi/10.3.1/../../../../arm-none-eabi/lib/thumb/v7e-m+fp/hard\libc_nano.a(lib_a-fstatr.o)
                0x0000000008006d04                _fstat_r
 .text._isatty_r
                0x0000000008006d28       0x20 c:/st/stm32cubeide_1.12.0/stm32cubeide/plugins/com.st.stm32cube.ide.mcu.externaltools.gnu-tools-for-stm32.10.3-2021.10.win32_1.0.200.202301161003/tools/bin/../lib/gcc/arm-none-eabi/10.3.1/../../../../arm-none-eabi/lib/thumb/v7e-m+fp/hard\libc_nano.a(lib_a-isattyr.o)
                0x0000000008006d28                _isatty_r
 .text._lseek_r
                0x0000000008006d48       0x24 c:/st/stm32cubeide_1.12.0/stm32cubeide/plugins/com.st.stm32cube.ide.mcu.externaltools.gnu-tools-for-stm32.10.3-2021.10.win32_1.0.200.202301161003/tools/bin/../lib/gcc/arm-none-eabi/10.3.1/../../../../arm-none-eabi/lib/thumb/v7e-m+fp/hard\libc_nano.a(lib_a-lseekr.o)
                0x0000000008006d48                _lseek_r
 .text._read_r  0x0000000008006d6c       0x24 c:/st/stm32cubeide_1.12.0/stm32cubeide/plugins/com.st.stm32cube.ide.mcu.externaltools.gnu-tools-for-stm32.10.3-2021.10.win32_1.0.200.202301161003/tools/bin/../lib/gcc/arm-none-eabi/10.3.1/../../../../arm-none-eabi/lib/thumb/v7e-m+fp/hard\libc_nano.a(lib_a-readr.o)
                0x0000000008006d6c                _read_r
 .text.cos      0x0000000008006d90       0xa8 c:/st/stm32cubeide_1.12.0/stm32cubeide/plugins/com.st.stm32cube.ide.mcu.externaltools.gnu-tools-for-stm32.10.3-2021.10.win32_1.0.200.202301161003/tools/bin/../lib/gcc/arm-none-eabi/10.3.1/../../../../arm-none-eabi/lib/thumb/v7e-m+fp/hard\libm.a(lib_a-s_cos.o)
                0x0000000008006d90                cos
 .text.sin      0x0000000008006e38       0xb0 c:/st/stm32cubeide_1.12.0/stm32cubeide/plugins/com.st.stm32cube.ide.mcu.externaltools.gnu-tools-for-stm32.10.3-2021.10.win32_1.0.200.202301161003/tools/bin/../lib/gcc/arm-none-eabi/10.3.1/../../../../arm-none-eabi/lib/thumb/v7e-m+fp/hard\libm.a(lib_a-s_sin.o)
                0x0000000008006e38                sin
 .text.__ieee754_rem_pio2
                0x0000000008006ee8      0x418 c:/st/stm32cubeide_1.12.0/stm32cubeide/plugins/com.st.stm32cube.ide.mcu.externaltools.gnu-tools-for-stm32.10.3-2021.10.win32_1.0.200.202301161003/tools/bin/../lib/gcc/arm-none-eabi/10.3.1/../../../../arm-none-eabi/lib/thumb/v7e-m+fp/hard\libm.a(lib_a-e_rem_pio2.o)
                0x0000000008006ee8                __ieee754_rem_pio2
 .text.__kernel_cos
                0x0000000008007300      0x18c c:/st/stm32cubeide_1.12.0/stm32cubeide/plugins/com.st.stm32cube.ide.mcu.externaltools.gnu-tools-for-stm32.10.3-2021.10.win32_1.0.200.202301161003/tools/bin/../lib/gcc/arm-none-eabi/10.3.1/../../../../arm-none-eabi/lib/thumb/v7e-m+fp/hard\libm.a(lib_a-k_cos.o)
                0x0000000008007300                __kernel_cos
 *fill*         0x000000000800748c        0x4 
 .text.__kernel_rem_pio2
                0x0000000008007490      0x69c c:/st/stm32cubeide_1.12.0/stm32cubeide/plugins/com.st.stm32cube.ide.mcu.externaltools.gnu-tools-for-stm32.10.3-2021.10.win32_1.0.200.202301161003/tools/bin/../lib/gcc/arm-none-eabi/10.3.1/../../../../arm-none-eabi/lib/thumb/v7e-m+fp/hard\libm.a(lib_a-k_rem_pio2.o)
                0x0000000008007490                __kernel_rem_pio2
 *fill*         0x0000000008007b2c        0x4 
 .text.__kernel_sin
                0x0000000008007b30      0x17c c:/st/stm32cubeide_1.12.0/stm32cubeide/plugins/com.st.stm32cube.ide.mcu.externaltools.gnu-tools-for-stm32.10.3-2021.10.win32_1.0.200.202301161003/tools/bin/../lib/gcc/arm-none-eabi/10.3.1/../../../../arm-none-eabi/lib/thumb/v7e-m+fp/hard\libm.a(lib_a-k_sin.o)
                0x0000000008007b30                __kernel_sin
 .text.fabs     0x0000000008007cac       0x12 c:/st/stm32cubeide_1.12.0/stm32cubeide/plugins/com.st.stm32cube.ide.mcu.externaltools.gnu-tools-for-stm32.10.3-2021.10.win32_1.0.200.202301161003/tools/bin/../lib/gcc/arm-none-eabi/10.3.1/../../../../arm-none-eabi/lib/thumb/v7e-m+fp/hard\libm.a(lib_a-s_fabs.o)
                0x0000000008007cac                fabs
 *fill*         0x0000000008007cbe        0x2 
 .text.floor    0x0000000008007cc0      0x100 c:/st/stm32cubeide_1.12.0/stm32cubeide/plugins/com.st.stm32cube.ide.mcu.externaltools.gnu-tools-for-stm32.10.3-2021.10.win32_1.0.200.202301161003/tools/bin/../lib/gcc/arm-none-eabi/10.3.1/../../../../arm-none-eabi/lib/thumb/v7e-m+fp/hard\libm.a(lib_a-s_floor.o)
                0x0000000008007cc0                floor
 .text.scalbn   0x0000000008007dc0      0x10c c:/st/stm32cubeide_1.12.0/stm32cubeide/plugins/com.st.stm32cube.ide.mcu.externaltools.gnu-tools-for-stm32.10.3-2021.10.win32_1.0.200.202301161003/tools/bin/../lib/gcc/arm-none-eabi/10.3.1/../../../../arm-none-eabi/lib/thumb/v7e-m+fp/hard\libm.a(lib_a-s_scalbn.o)
                0x0000000008007dc0                scalbn
 .text._close   0x0000000008007ecc       0x10 c:/st/stm32cubeide_1.12.0/stm32cubeide/plugins/com.st.stm32cube.ide.mcu.externaltools.gnu-tools-for-stm32.10.3-2021.10.win32_1.0.200.202301161003/tools/bin/../lib/gcc/arm-none-eabi/10.3.1/../../../../arm-none-eabi/lib/thumb/v7e-m+fp/hard\libnosys.a(close.o)
                0x0000000008007ecc                _close
 .text._fstat   0x0000000008007edc       0x10 c:/st/stm32cubeide_1.12.0/stm32cubeide/plugins/com.st.stm32cube.ide.mcu.externaltools.gnu-tools-for-stm32.10.3-2021.10.win32_1.0.200.202301161003/tools/bin/../lib/gcc/arm-none-eabi/10.3.1/../../../../arm-none-eabi/lib/thumb/v7e-m+fp/hard\libnosys.a(fstat.o)
                0x0000000008007edc                _fstat
 .text._getpid  0x0000000008007eec       0x10 c:/st/stm32cubeide_1.12.0/stm32cubeide/plugins/com.st.stm32cube.ide.mcu.externaltools.gnu-tools-for-stm32.10.3-2021.10.win32_1.0.200.202301161003/tools/bin/../lib/gcc/arm-none-eabi/10.3.1/../../../../arm-none-eabi/lib/thumb/v7e-m+fp/hard\libnosys.a(getpid.o)
                0x0000000008007eec                _getpid
 .text._isatty  0x0000000008007efc       0x10 c:/st/stm32cubeide_1.12.0/stm32cubeide/plugins/com.st.stm32cube.ide.mcu.externaltools.gnu-tools-for-stm32.10.3-2021.10.win32_1.0.200.202301161003/tools/bin/../lib/gcc/arm-none-eabi/10.3.1/../../../../arm-none-eabi/lib/thumb/v7e-m+fp/hard\libnosys.a(isatty.o)
                0x0000000008007efc                _isatty
 .text._kill    0x0000000008007f0c       0x10 c:/st/stm32cubeide_1.12.0/stm32cubeide/plugins/com.st.stm32cube.ide.mcu.externaltools.gnu-tools-for-stm32.10.3-2021.10.win32_1.0.200.202301161003/tools/bin/../lib/gcc/arm-none-eabi/10.3.1/../../../../arm-none-eabi/lib/thumb/v7e-m+fp/hard\libnosys.a(kill.o)
                0x0000000008007f0c                _kill
 .text._lseek   0x0000000008007f1c       0x10 c:/st/stm32cubeide_1.12.0/stm32cubeide/plugins/com.st.stm32cube.ide.mcu.externaltools.gnu-tools-for-stm32.10.3-2021.10.win32_1.0.200.202301161003/tools/bin/../lib/gcc/arm-none-eabi/10.3.1/../../../../arm-none-eabi/lib/thumb/v7e-m+fp/hard\libnosys.a(lseek.o)
                0x0000000008007f1c                _lseek
 .text._read    0x0000000008007f2c       0x10 c:/st/stm32cubeide_1.12.0/stm32cubeide/plugins/com.st.stm32cube.ide.mcu.externaltools.gnu-tools-for-stm32.10.3-2021.10.win32_1.0.200.202301161003/tools/bin/../lib/gcc/arm-none-eabi/10.3.1/../../../../arm-none-eabi/lib/thumb/v7e-m+fp/hard\libnosys.a(read.o)
                0x0000000008007f2c                _read
 .text._sbrk    0x0000000008007f3c       0x1c c:/st/stm32cubeide_1.12.0/stm32cubeide/plugins/com.st.stm32cube.ide.mcu.externaltools.gnu-tools-for-stm32.10.3-2021.10.win32_1.0.200.202301161003/tools/bin/../lib/gcc/arm-none-eabi/10.3.1/../../../../arm-none-eabi/lib/thumb/v7e-m+fp/hard\libnosys.a(sbrk.o)
                0x0000000008007f3c                _sbrk
 .text._write   0x0000000008007f58       0x10 c:/st/stm32cubeide_1.12.0/stm32cubeide/plugins/com.st.stm32cube.ide.mcu.externaltools.gnu-tools-for-stm32.10.3-2021.10.win32_1.0.200.202301161003/tools/bin/../lib/gcc/arm-none-eabi/10.3.1/../../../../arm-none-eabi/lib/thumb/v7e-m+fp/hard\libnosys.a(write.o)
                0x0000000008007f58                _write
 .text._exit    0x0000000008007f68        0x2 c:/st/stm32cubeide_1.12.0/stm32cubeide/plugins/com.st.stm32cube.ide.mcu.externaltools.gnu-tools-for-stm32.10.3-2021.10.win32_1.0.200.202301161003/tools/bin/../lib/gcc/arm-none-eabi/10.3.1/../../../../arm-none-eabi/lib/thumb/v7e-m+fp/hard\libnosys.a(_exit.o)
                0x0000000008007f68                _exit
 *(.glue_7)
 .glue_7        0x0000000008007f6a        0x0 linker stubs
 *(.glue_7t)
 .glue_7t       0x0000000008007f6a        0x0 linker stubs
 *(.eh_frame)
 *fill*         0x0000000008007f6a        0x2 
 .eh_frame      0x0000000008007f6c        0x0 c:/st/stm32cubeide_1.12.0/stm32cubeide/plugins/com.st.stm32cube.ide.mcu.externaltools.gnu-tools-for-stm32.10.3-2021.10.win32_1.0.200.202301161003/tools/bin/../lib/gcc/arm-none-eabi/10.3.1/thumb/v7e-m+fp/hard/crtbegin.o
 *(.init)
 .init          0x0000000008007f6c        0x4 c:/st/stm32cubeide_1.12.0/stm32cubeide/plugins/com.st.stm32cube.ide.mcu.externaltools.gnu-tools-for-stm32.10.3-2021.10.win32_1.0.200.202301161003/tools/bin/../lib/gcc/arm-none-eabi/10.3.1/thumb/v7e-m+fp/hard/crti.o
                0x0000000008007f6c                _init
 .init          0x0000000008007f70        0x8 c:/st/stm32cubeide_1.12.0/stm32cubeide/plugins/com.st.stm32cube.ide.mcu.externaltools.gnu-tools-for-stm32.10.3-2021.10.win32_1.0.200.202301161003/tools/bin/../lib/gcc/arm-none-eabi/10.3.1/thumb/v7e-m+fp/hard/crtn.o
 *(.fini)
 .fini          0x0000000008007f78        0x4 c:/st/stm32cubeide_1.12.0/stm32cubeide/plugins/com.st.stm32cube.ide.mcu.externaltools.gnu-tools-for-stm32.10.3-2021.10.win32_1.0.200.202301161003/tools/bin/../lib/gcc/arm-none-eabi/10.3.1/thumb/v7e-m+fp/hard/crti.o
                0x0000000008007f78                _fini
 .fini          0x0000000008007f7c        0x8 c:/st/stm32cubeide_1.12.0/stm32cubeide/plugins/com.st.stm32cube.ide.mcu.externaltools.gnu-tools-for-stm32.10.3-2021.10.win32_1.0.200.202301161003/tools/bin/../lib/gcc/arm-none-eabi/10.3.1/thumb/v7e-m+fp/hard/crtn.o
                0x0000000008007f84                . = ALIGN (0x4)
                0x0000000008007f84                _etext = .

.vfp11_veneer   0x0000000008007f84        0x0
 .vfp11_veneer  0x0000000008007f84        0x0 linker stubs

.v4_bx          0x0000000008007f84        0x0
 .v4_bx         0x0000000008007f84        0x0 linker stubs

.iplt           0x0000000008007f84        0x0
 .iplt          0x0000000008007f84        0x0 c:/st/stm32cubeide_1.12.0/stm32cubeide/plugins/com.st.stm32cube.ide.mcu.externaltools.gnu-tools-for-stm32.10.3-2021.10.win32_1.0.200.202301161003/tools/bin/../lib/gcc/arm-none-eabi/10.3.1/thumb/v7e-m+fp/hard/crtbegin.o

.rodata         0x0000000008007f88      0xb48
                0x0000000008007f88                . = ALIGN (0x4)
 *(.rodata)
 .rodata        0x0000000008007f88       0x34 ./Src/main.o
 *(.rodata*)
 .rodata.SmallFont
                0x0000000008007fbc      0x478 ./Src/ST7735.o
                0x0000000008007fbc                SmallFont
 .rodata.Rcmd1  0x0000000008008434       0x3c ./Src/ST7735.o
 .rodata.Rcmd2green
                0x0000000008008470        0xd ./Src/ST7735.o
 *fill*         0x000000000800847d        0x3 
 .rodata.Rcmd2red
                0x0000000008008480        0xd ./Src/ST7735.o
 *fill*         0x000000000800848d        0x3 
 .rodata.Rcmd3  0x0000000008008490       0x2b ./Src/ST7735.o
 *fill*         0x00000000080084bb        0x1 
 .rodata.Scope  0x00000000080084bc       0x18 ./Src/graphics.o
                0x00000000080084bc                Scope
 .rodata.PID    0x00000000080084d4       0x28 ./Src/regler.o
                0x00000000080084d4                PID
 .rodata.APBAHBPrescTable
                0x00000000080084fc       0x10 D:\GITHUB\SMT32F4\EDS_2024\MCAL\Debug\libMCAL.a(mcalRCC.o)
                0x00000000080084fc                APBAHBPrescTable
 .rodata.AHBPrescTable
                0x000000000800850c       0x10 D:\GITHUB\SMT32F4\EDS_2024\CMSIS\Debug\libCMSIS.a(system_stm32f4xx.o)
                0x000000000800850c                AHBPrescTable
 .rodata._global_impure_ptr
                0x000000000800851c        0x4 c:/st/stm32cubeide_1.12.0/stm32cubeide/plugins/com.st.stm32cube.ide.mcu.externaltools.gnu-tools-for-stm32.10.3-2021.10.win32_1.0.200.202301161003/tools/bin/../lib/gcc/arm-none-eabi/10.3.1/../../../../arm-none-eabi/lib/thumb/v7e-m+fp/hard\libc_nano.a(lib_a-impure.o)
                0x000000000800851c                _global_impure_ptr
 .rodata._printf_float.str1.1
                0x0000000008008520       0x12 c:/st/stm32cubeide_1.12.0/stm32cubeide/plugins/com.st.stm32cube.ide.mcu.externaltools.gnu-tools-for-stm32.10.3-2021.10.win32_1.0.200.202301161003/tools/bin/../lib/gcc/arm-none-eabi/10.3.1/../../../../arm-none-eabi/lib/thumb/v7e-m+fp/hard\libc_nano.a(lib_a-nano-vfprintf_float.o)
 .rodata._printf_i.str1.1
                0x0000000008008532       0x22 c:/st/stm32cubeide_1.12.0/stm32cubeide/plugins/com.st.stm32cube.ide.mcu.externaltools.gnu-tools-for-stm32.10.3-2021.10.win32_1.0.200.202301161003/tools/bin/../lib/gcc/arm-none-eabi/10.3.1/../../../../arm-none-eabi/lib/thumb/v7e-m+fp/hard\libc_nano.a(lib_a-nano-vfprintf_i.o)
 .rodata._dtoa_r.str1.1
                0x0000000008008554       0x90 c:/st/stm32cubeide_1.12.0/stm32cubeide/plugins/com.st.stm32cube.ide.mcu.externaltools.gnu-tools-for-stm32.10.3-2021.10.win32_1.0.200.202301161003/tools/bin/../lib/gcc/arm-none-eabi/10.3.1/../../../../arm-none-eabi/lib/thumb/v7e-m+fp/hard\libc_nano.a(lib_a-dtoa.o)
                                         0x92 (size before relaxing)
 .rodata._Balloc.str1.1
                0x00000000080085e4       0x5c c:/st/stm32cubeide_1.12.0/stm32cubeide/plugins/com.st.stm32cube.ide.mcu.externaltools.gnu-tools-for-stm32.10.3-2021.10.win32_1.0.200.202301161003/tools/bin/../lib/gcc/arm-none-eabi/10.3.1/../../../../arm-none-eabi/lib/thumb/v7e-m+fp/hard\libc_nano.a(lib_a-mprec.o)
                                         0x73 (size before relaxing)
 .rodata.__multadd.str1.1
                0x0000000008008640       0x11 c:/st/stm32cubeide_1.12.0/stm32cubeide/plugins/com.st.stm32cube.ide.mcu.externaltools.gnu-tools-for-stm32.10.3-2021.10.win32_1.0.200.202301161003/tools/bin/../lib/gcc/arm-none-eabi/10.3.1/../../../../arm-none-eabi/lib/thumb/v7e-m+fp/hard\libc_nano.a(lib_a-mprec.o)
 .rodata.__mprec_bigtens
                0x0000000008008640       0x28 c:/st/stm32cubeide_1.12.0/stm32cubeide/plugins/com.st.stm32cube.ide.mcu.externaltools.gnu-tools-for-stm32.10.3-2021.10.win32_1.0.200.202301161003/tools/bin/../lib/gcc/arm-none-eabi/10.3.1/../../../../arm-none-eabi/lib/thumb/v7e-m+fp/hard\libc_nano.a(lib_a-mprec.o)
                0x0000000008008640                __mprec_bigtens
 .rodata.__mprec_tens
                0x0000000008008668       0xc8 c:/st/stm32cubeide_1.12.0/stm32cubeide/plugins/com.st.stm32cube.ide.mcu.externaltools.gnu-tools-for-stm32.10.3-2021.10.win32_1.0.200.202301161003/tools/bin/../lib/gcc/arm-none-eabi/10.3.1/../../../../arm-none-eabi/lib/thumb/v7e-m+fp/hard\libc_nano.a(lib_a-mprec.o)
                0x0000000008008668                __mprec_tens
 .rodata.p05.0  0x0000000008008730        0xc c:/st/stm32cubeide_1.12.0/stm32cubeide/plugins/com.st.stm32cube.ide.mcu.externaltools.gnu-tools-for-stm32.10.3-2021.10.win32_1.0.200.202301161003/tools/bin/../lib/gcc/arm-none-eabi/10.3.1/../../../../arm-none-eabi/lib/thumb/v7e-m+fp/hard\libc_nano.a(lib_a-mprec.o)
 .rodata._svfprintf_r.str1.1
                0x000000000800873c       0x11 c:/st/stm32cubeide_1.12.0/stm32cubeide/plugins/com.st.stm32cube.ide.mcu.externaltools.gnu-tools-for-stm32.10.3-2021.10.win32_1.0.200.202301161003/tools/bin/../lib/gcc/arm-none-eabi/10.3.1/../../../../arm-none-eabi/lib/thumb/v7e-m+fp/hard\libc_nano.a(lib_a-nano-svfprintf.o)
 .rodata.__assert_func.str1.1
                0x000000000800874d       0x3c c:/st/stm32cubeide_1.12.0/stm32cubeide/plugins/com.st.stm32cube.ide.mcu.externaltools.gnu-tools-for-stm32.10.3-2021.10.win32_1.0.200.202301161003/tools/bin/../lib/gcc/arm-none-eabi/10.3.1/../../../../arm-none-eabi/lib/thumb/v7e-m+fp/hard\libc_nano.a(lib_a-assert.o)
                                         0x3d (size before relaxing)
 .rodata._setlocale_r.str1.1
                0x0000000008008789        0x8 c:/st/stm32cubeide_1.12.0/stm32cubeide/plugins/com.st.stm32cube.ide.mcu.externaltools.gnu-tools-for-stm32.10.3-2021.10.win32_1.0.200.202301161003/tools/bin/../lib/gcc/arm-none-eabi/10.3.1/../../../../arm-none-eabi/lib/thumb/v7e-m+fp/hard\libc_nano.a(lib_a-locale.o)
                                          0x9 (size before relaxing)
 .rodata.str1.1
                0x0000000008008791        0x2 c:/st/stm32cubeide_1.12.0/stm32cubeide/plugins/com.st.stm32cube.ide.mcu.externaltools.gnu-tools-for-stm32.10.3-2021.10.win32_1.0.200.202301161003/tools/bin/../lib/gcc/arm-none-eabi/10.3.1/../../../../arm-none-eabi/lib/thumb/v7e-m+fp/hard\libc_nano.a(lib_a-locale.o)
 .rodata._vfprintf_r.str1.1
                0x0000000008008793       0x11 c:/st/stm32cubeide_1.12.0/stm32cubeide/plugins/com.st.stm32cube.ide.mcu.externaltools.gnu-tools-for-stm32.10.3-2021.10.win32_1.0.200.202301161003/tools/bin/../lib/gcc/arm-none-eabi/10.3.1/../../../../arm-none-eabi/lib/thumb/v7e-m+fp/hard\libc_nano.a(lib_a-nano-vfprintf.o)
 .rodata._ctype_
                0x0000000008008793      0x101 c:/st/stm32cubeide_1.12.0/stm32cubeide/plugins/com.st.stm32cube.ide.mcu.externaltools.gnu-tools-for-stm32.10.3-2021.10.win32_1.0.200.202301161003/tools/bin/../lib/gcc/arm-none-eabi/10.3.1/../../../../arm-none-eabi/lib/thumb/v7e-m+fp/hard\libc_nano.a(lib_a-ctype_.o)
                0x0000000008008793                _ctype_
 .rodata.__sf_fake_stderr
                0x0000000008008894       0x20 c:/st/stm32cubeide_1.12.0/stm32cubeide/plugins/com.st.stm32cube.ide.mcu.externaltools.gnu-tools-for-stm32.10.3-2021.10.win32_1.0.200.202301161003/tools/bin/../lib/gcc/arm-none-eabi/10.3.1/../../../../arm-none-eabi/lib/thumb/v7e-m+fp/hard\libc_nano.a(lib_a-findfp.o)
                0x0000000008008894                __sf_fake_stderr
 .rodata.__sf_fake_stdin
                0x00000000080088b4       0x20 c:/st/stm32cubeide_1.12.0/stm32cubeide/plugins/com.st.stm32cube.ide.mcu.externaltools.gnu-tools-for-stm32.10.3-2021.10.win32_1.0.200.202301161003/tools/bin/../lib/gcc/arm-none-eabi/10.3.1/../../../../arm-none-eabi/lib/thumb/v7e-m+fp/hard\libc_nano.a(lib_a-findfp.o)
                0x00000000080088b4                __sf_fake_stdin
 .rodata.__sf_fake_stdout
                0x00000000080088d4       0x20 c:/st/stm32cubeide_1.12.0/stm32cubeide/plugins/com.st.stm32cube.ide.mcu.externaltools.gnu-tools-for-stm32.10.3-2021.10.win32_1.0.200.202301161003/tools/bin/../lib/gcc/arm-none-eabi/10.3.1/../../../../arm-none-eabi/lib/thumb/v7e-m+fp/hard\libc_nano.a(lib_a-findfp.o)
                0x00000000080088d4                __sf_fake_stdout
 .rodata.npio2_hw
                0x00000000080088f4       0x80 c:/st/stm32cubeide_1.12.0/stm32cubeide/plugins/com.st.stm32cube.ide.mcu.externaltools.gnu-tools-for-stm32.10.3-2021.10.win32_1.0.200.202301161003/tools/bin/../lib/gcc/arm-none-eabi/10.3.1/../../../../arm-none-eabi/lib/thumb/v7e-m+fp/hard\libm.a(lib_a-e_rem_pio2.o)
 .rodata.two_over_pi
                0x0000000008008974      0x108 c:/st/stm32cubeide_1.12.0/stm32cubeide/plugins/com.st.stm32cube.ide.mcu.externaltools.gnu-tools-for-stm32.10.3-2021.10.win32_1.0.200.202301161003/tools/bin/../lib/gcc/arm-none-eabi/10.3.1/../../../../arm-none-eabi/lib/thumb/v7e-m+fp/hard\libm.a(lib_a-e_rem_pio2.o)
 *fill*         0x0000000008008a7c        0x4 
 .rodata.PIo2   0x0000000008008a80       0x40 c:/st/stm32cubeide_1.12.0/stm32cubeide/plugins/com.st.stm32cube.ide.mcu.externaltools.gnu-tools-for-stm32.10.3-2021.10.win32_1.0.200.202301161003/tools/bin/../lib/gcc/arm-none-eabi/10.3.1/../../../../arm-none-eabi/lib/thumb/v7e-m+fp/hard\libm.a(lib_a-k_rem_pio2.o)
 .rodata.init_jk
                0x0000000008008ac0       0x10 c:/st/stm32cubeide_1.12.0/stm32cubeide/plugins/com.st.stm32cube.ide.mcu.externaltools.gnu-tools-for-stm32.10.3-2021.10.win32_1.0.200.202301161003/tools/bin/../lib/gcc/arm-none-eabi/10.3.1/../../../../arm-none-eabi/lib/thumb/v7e-m+fp/hard\libm.a(lib_a-k_rem_pio2.o)
                0x0000000008008ad0                . = ALIGN (0x4)

.ARM.extab      0x0000000008008ad0        0x0
                0x0000000008008ad0                . = ALIGN (0x4)
 *(.ARM.extab* .gnu.linkonce.armextab.*)
                0x0000000008008ad0                . = ALIGN (0x4)

.ARM            0x0000000008008ad0        0x8
                0x0000000008008ad0                . = ALIGN (0x4)
                0x0000000008008ad0                __exidx_start = .
 *(.ARM.exidx*)
 .ARM.exidx     0x0000000008008ad0        0x8 c:/st/stm32cubeide_1.12.0/stm32cubeide/plugins/com.st.stm32cube.ide.mcu.externaltools.gnu-tools-for-stm32.10.3-2021.10.win32_1.0.200.202301161003/tools/bin/../lib/gcc/arm-none-eabi/10.3.1/thumb/v7e-m+fp/hard\libgcc.a(_udivmoddi4.o)
                0x0000000008008ad8                __exidx_end = .
                0x0000000008008ad8                . = ALIGN (0x4)

.rel.dyn        0x0000000008008ad8        0x0
 .rel.iplt      0x0000000008008ad8        0x0 c:/st/stm32cubeide_1.12.0/stm32cubeide/plugins/com.st.stm32cube.ide.mcu.externaltools.gnu-tools-for-stm32.10.3-2021.10.win32_1.0.200.202301161003/tools/bin/../lib/gcc/arm-none-eabi/10.3.1/thumb/v7e-m+fp/hard/crtbegin.o

.preinit_array  0x0000000008008ad8        0x0
                0x0000000008008ad8                . = ALIGN (0x4)
                0x0000000008008ad8                PROVIDE (__preinit_array_start = .)
 *(.preinit_array*)
                0x0000000008008ad8                PROVIDE (__preinit_array_end = .)
                0x0000000008008ad8                . = ALIGN (0x4)

.init_array     0x0000000008008ad8        0x4
                0x0000000008008ad8                . = ALIGN (0x4)
                0x0000000008008ad8                PROVIDE (__init_array_start = .)
 *(SORT_BY_NAME(.init_array.*))
 *(.init_array*)
 .init_array    0x0000000008008ad8        0x4 c:/st/stm32cubeide_1.12.0/stm32cubeide/plugins/com.st.stm32cube.ide.mcu.externaltools.gnu-tools-for-stm32.10.3-2021.10.win32_1.0.200.202301161003/tools/bin/../lib/gcc/arm-none-eabi/10.3.1/thumb/v7e-m+fp/hard/crtbegin.o
                0x0000000008008adc                PROVIDE (__init_array_end = .)
                0x0000000008008adc                . = ALIGN (0x4)

.fini_array     0x0000000008008adc        0x4
                0x0000000008008adc                . = ALIGN (0x4)
                [!provide]                        PROVIDE (__fini_array_start = .)
 *(SORT_BY_NAME(.fini_array.*))
 *(.fini_array*)
 .fini_array    0x0000000008008adc        0x4 c:/st/stm32cubeide_1.12.0/stm32cubeide/plugins/com.st.stm32cube.ide.mcu.externaltools.gnu-tools-for-stm32.10.3-2021.10.win32_1.0.200.202301161003/tools/bin/../lib/gcc/arm-none-eabi/10.3.1/thumb/v7e-m+fp/hard/crtbegin.o
                [!provide]                        PROVIDE (__fini_array_end = .)
                0x0000000008008ae0                . = ALIGN (0x4)
                0x0000000008008ae0                _sidata = LOADADDR (.data)

.data           0x0000000020000000      0x1e0 load address 0x0000000008008ae0
                0x0000000020000000                . = ALIGN (0x4)
                0x0000000020000000                _sdata = .
 *(.data)
 *(.data*)
 .data.width    0x0000000020000000        0x2 ./Src/ST7735.o
 .data.height   0x0000000020000002        0x2 ./Src/ST7735.o
 .data.spi      0x0000000020000004        0x4 ./Src/ST7735.o
 .data._fg      0x0000000020000008        0x2 ./Src/ST7735.o
 *fill*         0x000000002000000a        0x2 
 .data.SystemCoreClock
                0x000000002000000c        0x4 D:\GITHUB\SMT32F4\EDS_2024\CMSIS\Debug\libCMSIS.a(system_stm32f4xx.o)
                0x000000002000000c                SystemCoreClock
 .data._impure_ptr
                0x0000000020000010        0x4 c:/st/stm32cubeide_1.12.0/stm32cubeide/plugins/com.st.stm32cube.ide.mcu.externaltools.gnu-tools-for-stm32.10.3-2021.10.win32_1.0.200.202301161003/tools/bin/../lib/gcc/arm-none-eabi/10.3.1/../../../../arm-none-eabi/lib/thumb/v7e-m+fp/hard\libc_nano.a(lib_a-impure.o)
                0x0000000020000010                _impure_ptr
 .data.impure_data
                0x0000000020000014       0x60 c:/st/stm32cubeide_1.12.0/stm32cubeide/plugins/com.st.stm32cube.ide.mcu.externaltools.gnu-tools-for-stm32.10.3-2021.10.win32_1.0.200.202301161003/tools/bin/../lib/gcc/arm-none-eabi/10.3.1/../../../../arm-none-eabi/lib/thumb/v7e-m+fp/hard\libc_nano.a(lib_a-impure.o)
 .data.__global_locale
                0x0000000020000074      0x16c c:/st/stm32cubeide_1.12.0/stm32cubeide/plugins/com.st.stm32cube.ide.mcu.externaltools.gnu-tools-for-stm32.10.3-2021.10.win32_1.0.200.202301161003/tools/bin/../lib/gcc/arm-none-eabi/10.3.1/../../../../arm-none-eabi/lib/thumb/v7e-m+fp/hard\libc_nano.a(lib_a-locale.o)
                0x0000000020000074                __global_locale
 *(.RamFunc)
 *(.RamFunc*)
                0x00000000200001e0                . = ALIGN (0x4)
                0x00000000200001e0                _edata = .

.igot.plt       0x00000000200001e0        0x0 load address 0x0000000008008cc0
 .igot.plt      0x00000000200001e0        0x0 c:/st/stm32cubeide_1.12.0/stm32cubeide/plugins/com.st.stm32cube.ide.mcu.externaltools.gnu-tools-for-stm32.10.3-2021.10.win32_1.0.200.202301161003/tools/bin/../lib/gcc/arm-none-eabi/10.3.1/thumb/v7e-m+fp/hard/crtbegin.o
                0x00000000200001e0                . = ALIGN (0x4)

.bss            0x00000000200001e0       0x60 load address 0x0000000008008cc0
                0x00000000200001e0                _sbss = .
                0x00000000200001e0                __bss_start__ = _sbss
 *(.bss)
 .bss           0x00000000200001e0       0x1c c:/st/stm32cubeide_1.12.0/stm32cubeide/plugins/com.st.stm32cube.ide.mcu.externaltools.gnu-tools-for-stm32.10.3-2021.10.win32_1.0.200.202301161003/tools/bin/../lib/gcc/arm-none-eabi/10.3.1/thumb/v7e-m+fp/hard/crtbegin.o
 *(.bss*)
 .bss.rotoryPosition
                0x00000000200001fc        0x4 ./Src/RotaryPushButton.o
                0x00000000200001fc                rotoryPosition
 .bss.pushButtonFlag
                0x0000000020000200        0x1 ./Src/RotaryPushButton.o
                0x0000000020000200                pushButtonFlag
 .bss.initRotaryPushButtonDone
                0x0000000020000201        0x1 ./Src/RotaryPushButton.o
                0x0000000020000201                initRotaryPushButtonDone
 .bss.initRotaryPushButtonLEDDone
                0x0000000020000202        0x1 ./Src/RotaryPushButton.o
                0x0000000020000202                initRotaryPushButtonLEDDone
 *fill*         0x0000000020000203        0x1 
 .bss.colstart  0x0000000020000204        0x4 ./Src/ST7735.o
 .bss.rowstart  0x0000000020000208        0x4 ./Src/ST7735.o
 .bss.orientation
                0x000000002000020c        0x1 ./Src/ST7735.o
 *fill*         0x000000002000020d        0x3 
 .bss.cfont     0x0000000020000210        0xc ./Src/ST7735.o
 .bss._transparent
                0x000000002000021c        0x1 ./Src/ST7735.o
 *fill*         0x000000002000021d        0x1 
 .bss._bg       0x000000002000021e        0x2 ./Src/ST7735.o
 .bss.timerTrigger
                0x0000000020000220        0x1 ./Src/main.o
                0x0000000020000220                timerTrigger
 *fill*         0x0000000020000221        0x3 
 .bss.Timer1    0x0000000020000224        0x4 ./Src/main.o
                0x0000000020000224                Timer1
 .bss.ST7735_Timer
                0x0000000020000228        0x4 ./Src/main.o
                0x0000000020000228                ST7735_Timer
 .bss.__malloc_free_list
                0x000000002000022c        0x4 c:/st/stm32cubeide_1.12.0/stm32cubeide/plugins/com.st.stm32cube.ide.mcu.externaltools.gnu-tools-for-stm32.10.3-2021.10.win32_1.0.200.202301161003/tools/bin/../lib/gcc/arm-none-eabi/10.3.1/../../../../arm-none-eabi/lib/thumb/v7e-m+fp/hard\libc_nano.a(lib_a-nano-mallocr.o)
                0x000000002000022c                __malloc_free_list
 .bss.__malloc_sbrk_start
                0x0000000020000230        0x4 c:/st/stm32cubeide_1.12.0/stm32cubeide/plugins/com.st.stm32cube.ide.mcu.externaltools.gnu-tools-for-stm32.10.3-2021.10.win32_1.0.200.202301161003/tools/bin/../lib/gcc/arm-none-eabi/10.3.1/../../../../arm-none-eabi/lib/thumb/v7e-m+fp/hard\libc_nano.a(lib_a-nano-mallocr.o)
                0x0000000020000230                __malloc_sbrk_start
 .bss.errno     0x0000000020000234        0x4 c:/st/stm32cubeide_1.12.0/stm32cubeide/plugins/com.st.stm32cube.ide.mcu.externaltools.gnu-tools-for-stm32.10.3-2021.10.win32_1.0.200.202301161003/tools/bin/../lib/gcc/arm-none-eabi/10.3.1/../../../../arm-none-eabi/lib/thumb/v7e-m+fp/hard\libc_nano.a(lib_a-reent.o)
                0x0000000020000234                errno
 .bss.__lock___malloc_recursive_mutex
                0x0000000020000238        0x1 c:/st/stm32cubeide_1.12.0/stm32cubeide/plugins/com.st.stm32cube.ide.mcu.externaltools.gnu-tools-for-stm32.10.3-2021.10.win32_1.0.200.202301161003/tools/bin/../lib/gcc/arm-none-eabi/10.3.1/../../../../arm-none-eabi/lib/thumb/v7e-m+fp/hard\libc_nano.a(lib_a-lock.o)
                0x0000000020000238                __lock___malloc_recursive_mutex
 .bss.__lock___sfp_recursive_mutex
                0x0000000020000239        0x1 c:/st/stm32cubeide_1.12.0/stm32cubeide/plugins/com.st.stm32cube.ide.mcu.externaltools.gnu-tools-for-stm32.10.3-2021.10.win32_1.0.200.202301161003/tools/bin/../lib/gcc/arm-none-eabi/10.3.1/../../../../arm-none-eabi/lib/thumb/v7e-m+fp/hard\libc_nano.a(lib_a-lock.o)
                0x0000000020000239                __lock___sfp_recursive_mutex
 .bss.__lock___sinit_recursive_mutex
                0x000000002000023a        0x1 c:/st/stm32cubeide_1.12.0/stm32cubeide/plugins/com.st.stm32cube.ide.mcu.externaltools.gnu-tools-for-stm32.10.3-2021.10.win32_1.0.200.202301161003/tools/bin/../lib/gcc/arm-none-eabi/10.3.1/../../../../arm-none-eabi/lib/thumb/v7e-m+fp/hard\libc_nano.a(lib_a-lock.o)
                0x000000002000023a                __lock___sinit_recursive_mutex
 *fill*         0x000000002000023b        0x1 
 .bss.heap_end.0
                0x000000002000023c        0x4 c:/st/stm32cubeide_1.12.0/stm32cubeide/plugins/com.st.stm32cube.ide.mcu.externaltools.gnu-tools-for-stm32.10.3-2021.10.win32_1.0.200.202301161003/tools/bin/../lib/gcc/arm-none-eabi/10.3.1/../../../../arm-none-eabi/lib/thumb/v7e-m+fp/hard\libnosys.a(sbrk.o)
 *(COMMON)
                0x0000000020000240                . = ALIGN (0x4)
                0x0000000020000240                _ebss = .
                0x0000000020000240                __bss_end__ = _ebss

._user_heap_stack
                0x0000000020000240      0x600 load address 0x0000000008008cc0
                0x0000000020000240                . = ALIGN (0x8)
                0x0000000020000240                PROVIDE (end = .)
                [!provide]                        PROVIDE (_end = .)
                0x0000000020000440                . = (. + _Min_Heap_Size)
 *fill*         0x0000000020000240      0x200 
                0x0000000020000840                . = (. + _Min_Stack_Size)
 *fill*         0x0000000020000440      0x400 
                0x0000000020000840                . = ALIGN (0x8)

/DISCARD/
 libc.a(*)
 libm.a(*)
 libgcc.a(*)

.ARM.attributes
                0x0000000000000000       0x30
 *(.ARM.attributes)
 .ARM.attributes
                0x0000000000000000       0x1e c:/st/stm32cubeide_1.12.0/stm32cubeide/plugins/com.st.stm32cube.ide.mcu.externaltools.gnu-tools-for-stm32.10.3-2021.10.win32_1.0.200.202301161003/tools/bin/../lib/gcc/arm-none-eabi/10.3.1/thumb/v7e-m+fp/hard/crti.o
 .ARM.attributes
                0x000000000000001e       0x34 c:/st/stm32cubeide_1.12.0/stm32cubeide/plugins/com.st.stm32cube.ide.mcu.externaltools.gnu-tools-for-stm32.10.3-2021.10.win32_1.0.200.202301161003/tools/bin/../lib/gcc/arm-none-eabi/10.3.1/thumb/v7e-m+fp/hard/crtbegin.o
 .ARM.attributes
                0x0000000000000052       0x34 ./Src/RotaryPushButton.o
 .ARM.attributes
                0x0000000000000086       0x34 ./Src/ST7735.o
 .ARM.attributes
                0x00000000000000ba       0x34 ./Src/graphics.o
 .ARM.attributes
                0x00000000000000ee       0x34 ./Src/main.o
 .ARM.attributes
                0x0000000000000122       0x34 ./Src/regler.o
 .ARM.attributes
                0x0000000000000156       0x21 ./Startup/startup_stm32f401retx.o
 .ARM.attributes
                0x0000000000000177       0x34 D:\GITHUB\SMT32F4\EDS_2024\MCAL\Debug\libMCAL.a(mcalEXTI.o)
 .ARM.attributes
                0x00000000000001ab       0x34 D:\GITHUB\SMT32F4\EDS_2024\MCAL\Debug\libMCAL.a(mcalGPIO.o)
 .ARM.attributes
                0x00000000000001df       0x34 D:\GITHUB\SMT32F4\EDS_2024\MCAL\Debug\libMCAL.a(mcalI2C.o)
 .ARM.attributes
                0x0000000000000213       0x34 D:\GITHUB\SMT32F4\EDS_2024\MCAL\Debug\libMCAL.a(mcalRCC.o)
 .ARM.attributes
                0x0000000000000247       0x34 D:\GITHUB\SMT32F4\EDS_2024\MCAL\Debug\libMCAL.a(mcalSPI.o)
 .ARM.attributes
                0x000000000000027b       0x34 D:\GITHUB\SMT32F4\EDS_2024\MCAL\Debug\libMCAL.a(mcalSysTick.o)
 .ARM.attributes
                0x00000000000002af       0x34 D:\GITHUB\SMT32F4\EDS_2024\CMSIS\Debug\libCMSIS.a(system_stm32f4xx.o)
 .ARM.attributes
                0x00000000000002e3       0x34 c:/st/stm32cubeide_1.12.0/stm32cubeide/plugins/com.st.stm32cube.ide.mcu.externaltools.gnu-tools-for-stm32.10.3-2021.10.win32_1.0.200.202301161003/tools/bin/../lib/gcc/arm-none-eabi/10.3.1/../../../../arm-none-eabi/lib/thumb/v7e-m+fp/hard\libc_nano.a(lib_a-impure.o)
 .ARM.attributes