16:04:46 **** Incremental Build of configuration Debug for project SYSTICK ****
make -j12 all 
arm-none-eabi-gcc -mcpu=cortex-m4 -g3 -DDEBUG -c -x assembler-with-cpp -MMD -MP -MF"Startup/startup_stm32f401retx.d" -MT"Startup/startup_stm32f401retx.o" --specs=nano.specs -mfpu=fpv4-sp-d16 -mfloat-abi=softfp -mthumb -o "Startup/startup_stm32f401retx.o" "../Startup/startup_stm32f401retx.s"
arm-none-eabi-gcc "../Src/main.c" -mcpu=cortex-m4 -std=gnu11 -g3 -DSTM32 -DSTM32F4 -DDEBUG -DSTM32F401RTEX -DSTM32F401RETx -c -I../Inc -I"C:/GITHUB/STM32/EDS_2024/CMSIS/Include" -I"C:/GITHUB/STM32/EDS_2024/CMSIS/Device/ST/STM32F4xx/Include" -I"C:/GITHUB/STM32/EDS_2024/MCAL/Inc" -O0 -ffunction-sections -fdata-sections -Wall -fstack-usage -fcyclomatic-complexity -MMD -MP -MF"Src/main.d" -MT"Src/main.o" --specs=nano.specs -mfpu=fpv4-sp-d16 -mfloat-abi=softfp -mthumb -o "Src/main.o"
arm-none-eabi-gcc "../Src/syscalls.c" -mcpu=cortex-m4 -std=gnu11 -g3 -DSTM32 -DSTM32F4 -DDEBUG -DSTM32F401RTEX -DSTM32F401RETx -c -I../Inc -I"C:/GITHUB/STM32/EDS_2024/CMSIS/Include" -I"C:/GITHUB/STM32/EDS_2024/CMSIS/Device/ST/STM32F4xx/Include" -I"C:/GITHUB/STM32/EDS_2024/MCAL/Inc" -O0 -ffunction-sections -fdata-sections -Wall -fstack-usage -fcyclomatic-complexity -MMD -MP -MF"Src/syscalls.d" -MT"Src/syscalls.o" --specs=nano.specs -mfpu=fpv4-sp-d16 -mfloat-abi=softfp -mthumb -o "Src/syscalls.o"
arm-none-eabi-gcc "../Src/sysmem.c" -mcpu=cortex-m4 -std=gnu11 -g3 -DSTM32 -DSTM32F4 -DDEBUG -DSTM32F401RTEX -DSTM32F401RETx -c -I../Inc -I"C:/GITHUB/STM32/EDS_2024/CMSIS/Include" -I"C:/GITHUB/STM32/EDS_2024/CMSIS/Device/ST/STM32F4xx/Include" -I"C:/GITHUB/STM32/EDS_2024/MCAL/Inc" -O0 -ffunction-sections -fdata-sections -Wall -fstack-usage -fcyclomatic-complexity -MMD -MP -MF"Src/sysmem.d" -MT"Src/sysmem.o" --specs=nano.specs -mfpu=fpv4-sp-d16 -mfloat-abi=softfp -mthumb -o "Src/sysmem.o"
arm-none-eabi-gcc -o "SYSTICK.elf" @"objects.list"  -lMCAL -mcpu=cortex-m4 -T"C:\GITHUB\STM32\EDS_2024\SYSTICK\STM32F401RETX_FLASH.ld" --specs=nosys.specs -Wl,-Map="SYSTICK.map" -Wl,--gc-sections -static -L"C:\GITHUB\STM32\EDS_2024\MCAL\Debug" -L"C:\GITHUB\STM32\EDS_2024\CMSIS\Debug" --specs=nano.specs -mfpu=fpv4-sp-d16 -mfloat-abi=softfp -mthumb -Wl,--start-group -lc -lm -Wl,--end-group
Finished building target: SYSTICK.elf
 
arm-none-eabi-size   SYSTICK.elf 
arm-none-eabi-objdump -h -S  SYSTICK.elf  > "SYSTICK.list"
   text	   data	    bss	    dec	    hex	filename
   1664	      8	   1568	   3240	    ca8	SYSTICK.elf
Finished building: default.size.stdout
 
Finished building: SYSTICK.list
 
